Archive member included to satisfy reference by file (symbol)

/usr/lib/gcc/arm-none-eabi/10.3.1/thumb/v6-m/nofp/libgcc.a(_dvmd_tls.o)
                              CMakeFiles/EENLD.dir/home/light/pico/pico-sdk/src/rp2_common/pico_divider/divider.S.obj (__aeabi_idiv0)
/usr/lib/gcc/arm-none-eabi/10.3.1/../../../arm-none-eabi/lib/thumb/v6-m/nofp/libg.a(lib_a-atexit.o)
                              /usr/lib/gcc/arm-none-eabi/10.3.1/../../../arm-none-eabi/lib/thumb/v6-m/nofp/crt0.o (atexit)
/usr/lib/gcc/arm-none-eabi/10.3.1/../../../arm-none-eabi/lib/thumb/v6-m/nofp/libg.a(lib_a-calloc.o)
                              CMakeFiles/EENLD.dir/home/light/pico/pico-sdk/src/rp2_common/pico_malloc/pico_malloc.c.obj (calloc)
/usr/lib/gcc/arm-none-eabi/10.3.1/../../../arm-none-eabi/lib/thumb/v6-m/nofp/libg.a(lib_a-callocr.o)
                              /usr/lib/gcc/arm-none-eabi/10.3.1/../../../arm-none-eabi/lib/thumb/v6-m/nofp/libg.a(lib_a-calloc.o) (_calloc_r)
/usr/lib/gcc/arm-none-eabi/10.3.1/../../../arm-none-eabi/lib/thumb/v6-m/nofp/libg.a(lib_a-fini.o)
                              /usr/lib/gcc/arm-none-eabi/10.3.1/../../../arm-none-eabi/lib/thumb/v6-m/nofp/crt0.o (__libc_fini_array)
/usr/lib/gcc/arm-none-eabi/10.3.1/../../../arm-none-eabi/lib/thumb/v6-m/nofp/libg.a(lib_a-impure.o)
                              /usr/lib/gcc/arm-none-eabi/10.3.1/../../../arm-none-eabi/lib/thumb/v6-m/nofp/libg.a(lib_a-calloc.o) (_impure_ptr)
/usr/lib/gcc/arm-none-eabi/10.3.1/../../../arm-none-eabi/lib/thumb/v6-m/nofp/libg.a(lib_a-init.o)
                              /usr/lib/gcc/arm-none-eabi/10.3.1/../../../arm-none-eabi/lib/thumb/v6-m/nofp/crt0.o (__libc_init_array)
/usr/lib/gcc/arm-none-eabi/10.3.1/../../../arm-none-eabi/lib/thumb/v6-m/nofp/libg.a(lib_a-malloc.o)
                              CMakeFiles/EENLD.dir/home/light/pico/pico-sdk/src/rp2_common/pico_malloc/pico_malloc.c.obj (malloc)
/usr/lib/gcc/arm-none-eabi/10.3.1/../../../arm-none-eabi/lib/thumb/v6-m/nofp/libg.a(lib_a-mallocr.o)
                              /usr/lib/gcc/arm-none-eabi/10.3.1/../../../arm-none-eabi/lib/thumb/v6-m/nofp/libg.a(lib_a-callocr.o) (_malloc_r)
/usr/lib/gcc/arm-none-eabi/10.3.1/../../../arm-none-eabi/lib/thumb/v6-m/nofp/libg.a(lib_a-mlock.o)
                              /usr/lib/gcc/arm-none-eabi/10.3.1/../../../arm-none-eabi/lib/thumb/v6-m/nofp/libg.a(lib_a-mallocr.o) (__malloc_lock)
/usr/lib/gcc/arm-none-eabi/10.3.1/../../../arm-none-eabi/lib/thumb/v6-m/nofp/libg.a(lib_a-realloc.o)
                              CMakeFiles/EENLD.dir/home/light/pico/pico-sdk/src/rp2_common/pico_malloc/pico_malloc.c.obj (realloc)
/usr/lib/gcc/arm-none-eabi/10.3.1/../../../arm-none-eabi/lib/thumb/v6-m/nofp/libg.a(lib_a-reallocr.o)
                              /usr/lib/gcc/arm-none-eabi/10.3.1/../../../arm-none-eabi/lib/thumb/v6-m/nofp/libg.a(lib_a-realloc.o) (_realloc_r)
/usr/lib/gcc/arm-none-eabi/10.3.1/../../../arm-none-eabi/lib/thumb/v6-m/nofp/libg.a(lib_a-sbrkr.o)
                              /usr/lib/gcc/arm-none-eabi/10.3.1/../../../arm-none-eabi/lib/thumb/v6-m/nofp/libg.a(lib_a-mallocr.o) (_sbrk_r)
/usr/lib/gcc/arm-none-eabi/10.3.1/../../../arm-none-eabi/lib/thumb/v6-m/nofp/libg.a(lib_a-strlen-stub.o)
                              CMakeFiles/EENLD.dir/home/light/pico/pico-sdk/src/rp2_common/pico_stdio/stdio.c.obj (strlen)
/usr/lib/gcc/arm-none-eabi/10.3.1/../../../arm-none-eabi/lib/thumb/v6-m/nofp/libg.a(lib_a-__atexit.o)
                              /usr/lib/gcc/arm-none-eabi/10.3.1/../../../arm-none-eabi/lib/thumb/v6-m/nofp/libg.a(lib_a-atexit.o) (__register_exitproc)
/usr/lib/gcc/arm-none-eabi/10.3.1/../../../arm-none-eabi/lib/thumb/v6-m/nofp/libg.a(lib_a-freer.o)
                              /usr/lib/gcc/arm-none-eabi/10.3.1/../../../arm-none-eabi/lib/thumb/v6-m/nofp/libg.a(lib_a-malloc.o) (_free_r)
/usr/lib/gcc/arm-none-eabi/10.3.1/../../../arm-none-eabi/lib/thumb/v6-m/nofp/libg.a(lib_a-memmove.o)
                              /usr/lib/gcc/arm-none-eabi/10.3.1/../../../arm-none-eabi/lib/thumb/v6-m/nofp/libg.a(lib_a-reallocr.o) (memmove)
/usr/lib/gcc/arm-none-eabi/10.3.1/../../../arm-none-eabi/lib/thumb/v6-m/nofp/libg.a(lib_a-reent.o)
                              /usr/lib/gcc/arm-none-eabi/10.3.1/../../../arm-none-eabi/lib/thumb/v6-m/nofp/libg.a(lib_a-sbrkr.o) (errno)

Discarded input sections

 .text          0x0000000000000000        0x0 /usr/lib/gcc/arm-none-eabi/10.3.1/thumb/v6-m/nofp/crti.o
 .data          0x0000000000000000        0x0 /usr/lib/gcc/arm-none-eabi/10.3.1/thumb/v6-m/nofp/crti.o
 .bss           0x0000000000000000        0x0 /usr/lib/gcc/arm-none-eabi/10.3.1/thumb/v6-m/nofp/crti.o
 .data          0x0000000000000000        0x4 /usr/lib/gcc/arm-none-eabi/10.3.1/thumb/v6-m/nofp/crtbegin.o
 .rodata        0x0000000000000000       0x24 /usr/lib/gcc/arm-none-eabi/10.3.1/thumb/v6-m/nofp/crtbegin.o
 .fini_array    0x0000000000000000        0x4 /usr/lib/gcc/arm-none-eabi/10.3.1/thumb/v6-m/nofp/crtbegin.o
[...]
Memory Configuration

Name             Origin             Length             Attributes
FLASH            0x0000000010000000 0x0000000000200000 xr
RAM              0x0000000020000000 0x0000000000040000 xrw
SCRATCH_X        0x0000000020040000 0x0000000000001000 xrw
SCRATCH_Y        0x0000000020041000 0x0000000000001000 xrw
*default*        0x0000000000000000 0xffffffffffffffff

Linker script and memory map

LOAD /usr/lib/gcc/arm-none-eabi/10.3.1/thumb/v6-m/nofp/crti.o
LOAD /usr/lib/gcc/arm-none-eabi/10.3.1/thumb/v6-m/nofp/crtbegin.o
LOAD /usr/lib/gcc/arm-none-eabi/10.3.1/../../../arm-none-eabi/lib/thumb/v6-m/nofp/crt0.o

.flash_begin    0x0000000010000000        0x0
                0x0000000010000000                __flash_binary_start = .

.boot2          0x0000000010000000      0x100
                0x0000000010000000                __boot2_start__ = .
 *(.boot2)
 .boot2         0x0000000010000000      0x100 /tmp/ccA5drwm.o
                0x0000000010000100                __boot2_end__ = .
                0x0000000000000001                ASSERT (((__boot2_end__ - __boot2_start__) == 0x100), ERROR: Pico second stage bootloader must be 256 bytes in size)

.text           0x0000000010000100     0x5100
                0x0000000010000100                __logical_binary_start = .
 *(.vectors)
 .vectors       0x0000000010000100       0xd4 CMakeFiles/EENLD.dir/home/light/pico/pico-sdk/src/rp2_common/pico_standard_link/crt0.S.obj
                0x0000000010000100                __vectors
                0x0000000010000100                __VECTOR_TABLE
                0x00000000100001c0                isr_invalid
                0x00000000100001c0                __default_isrs_start
                0x00000000100001c2                isr_nmi
                0x00000000100001c4                isr_hardfault
                0x00000000100001c6                isr_svcall
                0x00000000100001c8                isr_pendsv
                0x00000000100001ca                isr_systick
                0x00000000100001cc                isr_irq30
                0x00000000100001cc                __unhandled_user_irq
                0x00000000100001cc                isr_irq13
                0x00000000100001cc                isr_irq27
                0x00000000100001cc                isr_irq31
                0x00000000100001cc                isr_irq5
                0x00000000100001cc                isr_irq11
                0x00000000100001cc                isr_irq23
                0x00000000100001cc                isr_irq18
                0x00000000100001cc                isr_irq28
                0x00000000100001cc                isr_irq19
                0x00000000100001cc                isr_irq0
                0x00000000100001cc                isr_irq6
                0x00000000100001cc                isr_irq22
                0x00000000100001cc                isr_irq17
                0x00000000100001cc                isr_irq14
                0x00000000100001cc                isr_irq2
                0x00000000100001cc                isr_irq10
                0x00000000100001cc                isr_irq8
                0x00000000100001cc                isr_irq24
                0x00000000100001cc                isr_irq1
                0x00000000100001cc                isr_irq7
                0x00000000100001cc                isr_irq21
                0x00000000100001cc                isr_irq20
                0x00000000100001cc                isr_irq15
                0x00000000100001cc                isr_irq25
                0x00000000100001cc                isr_irq4
                0x00000000100001cc                isr_irq16
                0x00000000100001cc                isr_irq29
                0x00000000100001cc                isr_irq26
                0x00000000100001cc                __default_isrs_end
                0x00000000100001cc                isr_irq3
                0x00000000100001cc                isr_irq12
                0x00000000100001cc                isr_irq9
                0x00000000100001d2                unhandled_user_irq_num_in_r0
 *(.binary_info_header)
 .binary_info_header
                0x00000000100001d4       0x14 CMakeFiles/EENLD.dir/home/light/pico/pico-sdk/src/rp2_common/pico_standard_link/crt0.S.obj
                0x00000000100001e8                __binary_info_header_end = .
 *(.reset)
 .reset         0x00000000100001e8       0xa0 CMakeFiles/EENLD.dir/home/light/pico/pico-sdk/src/rp2_common/pico_standard_link/crt0.S.obj
                0x00000000100001e8                _entry_point
 .reset         0x0000000010000288       0x30 CMakeFiles/EENLD.dir/home/light/pico/pico-sdk/src/rp2_common/pico_standard_link/binary_info.c.obj
 *(.init)
 .init          0x00000000100002b8        0x4 /usr/lib/gcc/arm-none-eabi/10.3.1/thumb/v6-m/nofp/crti.o
                0x00000000100002b8                _init
 *(EXCLUDE_FILE(*libm.a: *libc.a:*lib_a-mem*.o *libgcc.a:) .text*)
 .text          0x00000000100002bc       0x98 /usr/lib/gcc/arm-none-eabi/10.3.1/thumb/v6-m/nofp/crtbegin.o
 .text.core1_entry
                0x0000000010000354      0x120 CMakeFiles/EENLD.dir/main.c.obj
                0x0000000010000354                core1_entry
 .text.adc_gpio_init
                0x0000000010000474       0x1e CMakeFiles/EENLD.dir/main.c.obj
 *fill*         0x0000000010000492        0x2 
 .text.main     0x0000000010000494      0x460 CMakeFiles/EENLD.dir/main.c.obj
                0x0000000010000494                main
 .text.adc_init
                0x00000000100008f4       0x34 CMakeFiles/EENLD.dir/home/light/pico/pico-sdk/src/rp2_common/hardware_adc/adc.c.obj
                0x00000000100008f4                adc_init
 .text.running_on_fpga
                0x0000000010000928       0x14 CMakeFiles/EENLD.dir/home/light/pico/pico-sdk/src/rp2_common/pico_platform/platform.c.obj
                0x0000000010000928                running_on_fpga
 .text.hw_claim_lock
                0x000000001000093c       0x18 CMakeFiles/EENLD.dir/home/light/pico/pico-sdk/src/rp2_common/hardware_claim/claim.c.obj
                0x000000001000093c                hw_claim_lock
 .text.hw_claim_unlock
                0x0000000010000954       0x14 CMakeFiles/EENLD.dir/home/light/pico/pico-sdk/src/rp2_common/hardware_claim/claim.c.obj
                0x0000000010000954                hw_claim_unlock
 .text.hw_claim_or_assert
                0x0000000010000968       0x32 CMakeFiles/EENLD.dir/home/light/pico/pico-sdk/src/rp2_common/hardware_claim/claim.c.obj
                0x0000000010000968                hw_claim_or_assert
 *fill*         0x000000001000099a        0x2 
 .text.spin_locks_reset
                0x000000001000099c       0x20 CMakeFiles/EENLD.dir/home/light/pico/pico-sdk/src/rp2_common/hardware_sync/sync.c.obj
                0x000000001000099c                spin_locks_reset
 .text.next_striped_spin_lock_num
                0x00000000100009bc       0x1c CMakeFiles/EENLD.dir/home/light/pico/pico-sdk/src/rp2_common/hardware_sync/sync.c.obj
                0x00000000100009bc                next_striped_spin_lock_num
 .text.gpio_set_function
                0x00000000100009d8       0x30 CMakeFiles/EENLD.dir/home/light/pico/pico-sdk/src/rp2_common/hardware_gpio/gpio.c.obj
                0x00000000100009d8                gpio_set_function
 .text.gpio_set_pulls
                0x0000000010000a08       0x34 CMakeFiles/EENLD.dir/home/light/pico/pico-sdk/src/rp2_common/hardware_gpio/gpio.c.obj
                0x0000000010000a08                gpio_set_pulls
 .text.gpio_set_input_enabled
                0x0000000010000a3c       0x30 CMakeFiles/EENLD.dir/home/light/pico/pico-sdk/src/rp2_common/hardware_gpio/gpio.c.obj
                0x0000000010000a3c                gpio_set_input_enabled
 .text.gpio_init
                0x0000000010000a6c       0x16 CMakeFiles/EENLD.dir/home/light/pico/pico-sdk/src/rp2_common/hardware_gpio/gpio.c.obj
                0x0000000010000a6c                gpio_init
 .text.gpio_init_mask
                0x0000000010000a82       0x1e CMakeFiles/EENLD.dir/home/light/pico/pico-sdk/src/rp2_common/hardware_gpio/gpio.c.obj
                0x0000000010000a82                gpio_init_mask
 .text.set_raw_irq_handler_and_unlock
                0x0000000010000aa0       0x28 CMakeFiles/EENLD.dir/home/light/pico/pico-sdk/src/rp2_common/hardware_irq/irq.c.obj
 .text.make_branch
                0x0000000010000ac8       0x48 CMakeFiles/EENLD.dir/home/light/pico/pico-sdk/src/rp2_common/hardware_irq/irq.c.obj
 .text.insert_branch_and_link
                0x0000000010000b10       0x40 CMakeFiles/EENLD.dir/home/light/pico/pico-sdk/src/rp2_common/hardware_irq/irq.c.obj
 .text.irq_is_enabled
                0x0000000010000b50       0x18 CMakeFiles/EENLD.dir/home/light/pico/pico-sdk/src/rp2_common/hardware_irq/irq.c.obj
                0x0000000010000b50                irq_is_enabled
 .text.irq_set_mask_enabled
                0x0000000010000b68       0x20 CMakeFiles/EENLD.dir/home/light/pico/pico-sdk/src/rp2_common/hardware_irq/irq.c.obj
                0x0000000010000b68                irq_set_mask_enabled
 .text.irq_set_enabled
                0x0000000010000b88        0xe CMakeFiles/EENLD.dir/home/light/pico/pico-sdk/src/rp2_common/hardware_irq/irq.c.obj
                0x0000000010000b88                irq_set_enabled
 *fill*         0x0000000010000b96        0x2 
 .text.irq_get_vtable_handler
                0x0000000010000b98       0x10 CMakeFiles/EENLD.dir/home/light/pico/pico-sdk/src/rp2_common/hardware_irq/irq.c.obj
                0x0000000010000b98                irq_get_vtable_handler
 .text.irq_set_exclusive_handler
                0x0000000010000ba8       0x54 CMakeFiles/EENLD.dir/home/light/pico/pico-sdk/src/rp2_common/hardware_irq/irq.c.obj
                0x0000000010000ba8                irq_set_exclusive_handler
 .text.irq_remove_handler
                0x0000000010000bfc      0x1ac CMakeFiles/EENLD.dir/home/light/pico/pico-sdk/src/rp2_common/hardware_irq/irq.c.obj
                0x0000000010000bfc                irq_remove_handler
 .text.irq_add_tail_to_free_list
                0x0000000010000da8       0xf0 CMakeFiles/EENLD.dir/home/light/pico/pico-sdk/src/rp2_common/hardware_irq/irq.c.obj
                0x0000000010000da8                irq_add_tail_to_free_list
 .text.irq_init_priorities
                0x0000000010000e98       0x1c CMakeFiles/EENLD.dir/home/light/pico/pico-sdk/src/rp2_common/hardware_irq/irq.c.obj
                0x0000000010000e98                irq_init_priorities
 .text.lock_init
                0x0000000010000eb4       0x10 CMakeFiles/EENLD.dir/home/light/pico/pico-sdk/src/common/pico_sync/lock_core.c.obj
                0x0000000010000eb4                lock_init
 .text.mutex_init
                0x0000000010000ec4       0x1a CMakeFiles/EENLD.dir/home/light/pico/pico-sdk/src/common/pico_sync/mutex.c.obj
                0x0000000010000ec4                mutex_init
 .text.recursive_mutex_init
                0x0000000010000ede       0x1e CMakeFiles/EENLD.dir/home/light/pico/pico-sdk/src/common/pico_sync/mutex.c.obj
                0x0000000010000ede                recursive_mutex_init
 .text.alarm_pool_post_alloc_init
                0x0000000010000efc       0x40 CMakeFiles/EENLD.dir/home/light/pico/pico-sdk/src/common/pico_time/time.c.obj
 .text.sleep_until_callback
                0x0000000010000f3c       0x30 CMakeFiles/EENLD.dir/home/light/pico/pico-sdk/src/common/pico_time/time.c.obj
 .text.timer_pool_entry_comparator
                0x0000000010000f6c       0x7c CMakeFiles/EENLD.dir/home/light/pico/pico-sdk/src/common/pico_time/time.c.obj
                0x0000000010000f6c                timer_pool_entry_comparator
 .text.ph_add_child_node
                0x0000000010000fe8       0xa4 CMakeFiles/EENLD.dir/home/light/pico/pico-sdk/src/common/pico_time/time.c.obj
 .text.ph_merge_nodes
                0x000000001000108c       0x3e CMakeFiles/EENLD.dir/home/light/pico/pico-sdk/src/common/pico_time/time.c.obj
 *fill*         0x00000000100010ca        0x2 
 .text.add_alarm_under_lock
                0x00000000100010cc      0x174 CMakeFiles/EENLD.dir/home/light/pico/pico-sdk/src/common/pico_time/time.c.obj
 .text.alarm_pool_alarm_callback
                0x0000000010001240      0x33c CMakeFiles/EENLD.dir/home/light/pico/pico-sdk/src/common/pico_time/time.c.obj
 .text.alarm_pool_init_default
                0x000000001000157c       0x40 CMakeFiles/EENLD.dir/home/light/pico/pico-sdk/src/common/pico_time/time.c.obj
                0x000000001000157c                alarm_pool_init_default
 .text.alarm_pool_get_default
                0x00000000100015bc       0x2c CMakeFiles/EENLD.dir/home/light/pico/pico-sdk/src/common/pico_time/time.c.obj
                0x00000000100015bc                alarm_pool_get_default
 .text.alarm_pool_add_alarm_at
                0x00000000100015e8      0x168 CMakeFiles/EENLD.dir/home/light/pico/pico-sdk/src/common/pico_time/time.c.obj
                0x00000000100015e8                alarm_pool_add_alarm_at
 .text.alarm_pool_cancel_alarm
                0x0000000010001750       0xf8 CMakeFiles/EENLD.dir/home/light/pico/pico-sdk/src/common/pico_time/time.c.obj
                0x0000000010001750                alarm_pool_cancel_alarm
 .text.sleep_until
                0x0000000010001848       0xfc CMakeFiles/EENLD.dir/home/light/pico/pico-sdk/src/common/pico_time/time.c.obj
                0x0000000010001848                sleep_until
 .text.sleep_us
                0x0000000010001944       0x58 CMakeFiles/EENLD.dir/home/light/pico/pico-sdk/src/common/pico_time/time.c.obj
                0x0000000010001944                sleep_us
 .text.sleep_ms
                0x000000001000199c       0x14 CMakeFiles/EENLD.dir/home/light/pico/pico-sdk/src/common/pico_time/time.c.obj
                0x000000001000199c                sleep_ms
 .text.best_effort_wfe_or_timeout
                0x00000000100019b0       0xac CMakeFiles/EENLD.dir/home/light/pico/pico-sdk/src/common/pico_time/time.c.obj
                0x00000000100019b0                best_effort_wfe_or_timeout
 .text.hardware_alarm_irq_handler
                0x0000000010001a5c       0x90 CMakeFiles/EENLD.dir/home/light/pico/pico-sdk/src/rp2_common/hardware_timer/timer.c.obj
 .text.hardware_alarm_claim
                0x0000000010001aec       0x18 CMakeFiles/EENLD.dir/home/light/pico/pico-sdk/src/rp2_common/hardware_timer/timer.c.obj
                0x0000000010001aec                hardware_alarm_claim
 .text.time_us_64
                0x0000000010001b04       0x18 CMakeFiles/EENLD.dir/home/light/pico/pico-sdk/src/rp2_common/hardware_timer/timer.c.obj
                0x0000000010001b04                time_us_64
 .text.busy_wait_until
                0x0000000010001b1c       0x28 CMakeFiles/EENLD.dir/home/light/pico/pico-sdk/src/rp2_common/hardware_timer/timer.c.obj
                0x0000000010001b1c                busy_wait_until
 .text.busy_wait_us
                0x0000000010001b44       0x48 CMakeFiles/EENLD.dir/home/light/pico/pico-sdk/src/rp2_common/hardware_timer/timer.c.obj
                0x0000000010001b44                busy_wait_us
 .text.hardware_alarm_set_callback
                0x0000000010001b8c       0x90 CMakeFiles/EENLD.dir/home/light/pico/pico-sdk/src/rp2_common/hardware_timer/timer.c.obj
                0x0000000010001b8c                hardware_alarm_set_callback
 .text.hardware_alarm_set_target
                0x0000000010001c1c       0xe8 CMakeFiles/EENLD.dir/home/light/pico/pico-sdk/src/rp2_common/hardware_timer/timer.c.obj
                0x0000000010001c1c                hardware_alarm_set_target
 .text.hardware_alarm_cancel
                0x0000000010001d04       0x40 CMakeFiles/EENLD.dir/home/light/pico/pico-sdk/src/rp2_common/hardware_timer/timer.c.obj
                0x0000000010001d04                hardware_alarm_cancel
 .text.ph_add_child_node
                0x0000000010001d44       0xa4 CMakeFiles/EENLD.dir/home/light/pico/pico-sdk/src/common/pico_util/pheap.c.obj
 .text.ph_merge_nodes
                0x0000000010001de8       0x3e CMakeFiles/EENLD.dir/home/light/pico/pico-sdk/src/common/pico_util/pheap.c.obj
 *fill*         0x0000000010001e26        0x2 
 .text.ph_clear
                0x0000000010001e28       0x70 CMakeFiles/EENLD.dir/home/light/pico/pico-sdk/src/common/pico_util/pheap.c.obj
                0x0000000010001e28                ph_clear
 .text.ph_post_alloc_init
                0x0000000010001e98        0xe CMakeFiles/EENLD.dir/home/light/pico/pico-sdk/src/common/pico_util/pheap.c.obj
                0x0000000010001e98                ph_post_alloc_init
 *fill*         0x0000000010001ea6        0x2 
 .text.ph_merge_two_pass
                0x0000000010001ea8       0xa8 CMakeFiles/EENLD.dir/home/light/pico/pico-sdk/src/common/pico_util/pheap.c.obj
                0x0000000010001ea8                ph_merge_two_pass
 .text.ph_remove_any_head
                0x0000000010001f50      0x128 CMakeFiles/EENLD.dir/home/light/pico/pico-sdk/src/common/pico_util/pheap.c.obj
 .text.ph_remove_head
                0x0000000010002078       0x14 CMakeFiles/EENLD.dir/home/light/pico/pico-sdk/src/common/pico_util/pheap.c.obj
                0x0000000010002078                ph_remove_head
 .text.ph_remove_and_free_node
                0x000000001000208c       0xf8 CMakeFiles/EENLD.dir/home/light/pico/pico-sdk/src/common/pico_util/pheap.c.obj
                0x000000001000208c                ph_remove_and_free_node
 .text.spi_set_baudrate
                0x0000000010002184       0xcc CMakeFiles/EENLD.dir/home/light/pico/pico-sdk/src/rp2_common/hardware_spi/spi.c.obj
                0x0000000010002184                spi_set_baudrate
 .text.spi_init
                0x0000000010002250       0x74 CMakeFiles/EENLD.dir/home/light/pico/pico-sdk/src/rp2_common/hardware_spi/spi.c.obj
                0x0000000010002250                spi_init
 .text.clock_configure
                0x00000000100022c4      0x108 CMakeFiles/EENLD.dir/home/light/pico/pico-sdk/src/rp2_common/hardware_clocks/clocks.c.obj
                0x00000000100022c4                clock_configure
 .text.clocks_init
                0x00000000100023cc      0x100 CMakeFiles/EENLD.dir/home/light/pico/pico-sdk/src/rp2_common/hardware_clocks/clocks.c.obj
                0x00000000100023cc                clocks_init
 .text.clock_get_hz
                0x00000000100024cc        0xc CMakeFiles/EENLD.dir/home/light/pico/pico-sdk/src/rp2_common/hardware_clocks/clocks.c.obj
                0x00000000100024cc                clock_get_hz
 .text.pll_init
                0x00000000100024d8      0x120 CMakeFiles/EENLD.dir/home/light/pico/pico-sdk/src/rp2_common/hardware_pll/pll.c.obj
                0x00000000100024d8                pll_init
 .text.watchdog_start_tick
                0x00000000100025f8       0x10 CMakeFiles/EENLD.dir/home/light/pico/pico-sdk/src/rp2_common/hardware_watchdog/watchdog.c.obj
                0x00000000100025f8                watchdog_start_tick
 .text.xosc_init
                0x0000000010002608       0x28 CMakeFiles/EENLD.dir/home/light/pico/pico-sdk/src/rp2_common/hardware_xosc/xosc.c.obj
                0x0000000010002608                xosc_init
 .text.core1_trampoline
                0x0000000010002630        0x2 CMakeFiles/EENLD.dir/home/light/pico/pico-sdk/src/rp2_common/pico_multicore/multicore.c.obj
 .text.core1_wrapper
                0x0000000010002632        0xc CMakeFiles/EENLD.dir/home/light/pico/pico-sdk/src/rp2_common/pico_multicore/multicore.c.obj
                0x0000000010002632                core1_wrapper
 .text.multicore_fifo_push_blocking
                0x000000001000263e       0x14 CMakeFiles/EENLD.dir/home/light/pico/pico-sdk/src/rp2_common/pico_multicore/multicore.c.obj
                0x000000001000263e                multicore_fifo_push_blocking
 .text.multicore_fifo_pop_blocking
                0x0000000010002652       0x16 CMakeFiles/EENLD.dir/home/light/pico/pico-sdk/src/rp2_common/pico_multicore/multicore.c.obj
                0x0000000010002652                multicore_fifo_pop_blocking
 .text.multicore_launch_core1_raw
                0x0000000010002668       0x6e CMakeFiles/EENLD.dir/home/light/pico/pico-sdk/src/rp2_common/pico_multicore/multicore.c.obj
                0x0000000010002668                multicore_launch_core1_raw
 *fill*         0x00000000100026d6        0x2 
 .text.multicore_launch_core1_with_stack
                0x00000000100026d8       0x50 CMakeFiles/EENLD.dir/home/light/pico/pico-sdk/src/rp2_common/pico_multicore/multicore.c.obj
                0x00000000100026d8                multicore_launch_core1_with_stack
 .text.multicore_launch_core1
                0x0000000010002728       0x24 CMakeFiles/EENLD.dir/home/light/pico/pico-sdk/src/rp2_common/pico_multicore/multicore.c.obj
                0x0000000010002728                multicore_launch_core1
 .text.uart_disable_before_lcr_write
                0x000000001000274c       0x48 CMakeFiles/EENLD.dir/home/light/pico/pico-sdk/src/rp2_common/hardware_uart/uart.c.obj
 .text.uart_write_lcr_bits_masked
                0x0000000010002794       0x22 CMakeFiles/EENLD.dir/home/light/pico/pico-sdk/src/rp2_common/hardware_uart/uart.c.obj
 *fill*         0x00000000100027b6        0x2 
 .text.uart_set_baudrate
                0x00000000100027b8       0x5c CMakeFiles/EENLD.dir/home/light/pico/pico-sdk/src/rp2_common/hardware_uart/uart.c.obj
                0x00000000100027b8                uart_set_baudrate
 .text.uart_set_format
                0x0000000010002814       0x2c CMakeFiles/EENLD.dir/home/light/pico/pico-sdk/src/rp2_common/hardware_uart/uart.c.obj
                0x0000000010002814                uart_set_format
 .text.uart_set_translate_crlf
                0x0000000010002840       0x28 CMakeFiles/EENLD.dir/home/light/pico/pico-sdk/src/rp2_common/hardware_uart/uart.c.obj
                0x0000000010002840                uart_set_translate_crlf
 .text.uart_init
                0x0000000010002868       0x80 CMakeFiles/EENLD.dir/home/light/pico/pico-sdk/src/rp2_common/hardware_uart/uart.c.obj
                0x0000000010002868                uart_init
 .text._exit    0x00000000100028e8        0x4 CMakeFiles/EENLD.dir/home/light/pico/pico-sdk/src/rp2_common/pico_runtime/runtime.c.obj
                0x00000000100028e8                _exit
 .text.exit     0x00000000100028ec        0x6 CMakeFiles/EENLD.dir/home/light/pico/pico-sdk/src/rp2_common/pico_runtime/runtime.c.obj
                0x00000000100028ec                exit
 *fill*         0x00000000100028f2        0x2 
 .text.__assert_func
                0x00000000100028f4       0x3c CMakeFiles/EENLD.dir/home/light/pico/pico-sdk/src/rp2_common/pico_runtime/runtime.c.obj
                0x00000000100028f4                __assert_func
 .text.runtime_init
                0x0000000010002930       0xf8 CMakeFiles/EENLD.dir/home/light/pico/pico-sdk/src/rp2_common/pico_runtime/runtime.c.obj
                0x0000000010002930                runtime_init
 .text.panic    0x0000000010002a28       0x30 CMakeFiles/EENLD.dir/home/light/pico/pico-sdk/src/rp2_common/pico_runtime/runtime.c.obj
                0x0000000010002a28                panic
 .text._out_null
                0x0000000010002a58        0x2 CMakeFiles/EENLD.dir/home/light/pico/pico-sdk/src/rp2_common/pico_printf/printf.c.obj
 .text._out_fct
                0x0000000010002a5a        0xe CMakeFiles/EENLD.dir/home/light/pico/pico-sdk/src/rp2_common/pico_printf/printf.c.obj
 .text._atoi    0x0000000010002a68       0x24 CMakeFiles/EENLD.dir/home/light/pico/pico-sdk/src/rp2_common/pico_printf/printf.c.obj
 .text._out_rev
                0x0000000010002a8c       0xae CMakeFiles/EENLD.dir/home/light/pico/pico-sdk/src/rp2_common/pico_printf/printf.c.obj
 .text._ntoa_format
                0x0000000010002b3a      0x112 CMakeFiles/EENLD.dir/home/light/pico/pico-sdk/src/rp2_common/pico_printf/printf.c.obj
 .text._ntoa_long
                0x0000000010002c4c       0xbc CMakeFiles/EENLD.dir/home/light/pico/pico-sdk/src/rp2_common/pico_printf/printf.c.obj
 .text._ntoa_long_long
                0x0000000010002d08       0xe2 CMakeFiles/EENLD.dir/home/light/pico/pico-sdk/src/rp2_common/pico_printf/printf.c.obj
 *fill*         0x0000000010002dea        0x2 
 .text._etoa    0x0000000010002dec      0x414 CMakeFiles/EENLD.dir/home/light/pico/pico-sdk/src/rp2_common/pico_printf/printf.c.obj
 .text._ftoa    0x0000000010003200      0x354 CMakeFiles/EENLD.dir/home/light/pico/pico-sdk/src/rp2_common/pico_printf/printf.c.obj
 .text._vsnprintf
                0x0000000010003554      0x624 CMakeFiles/EENLD.dir/home/light/pico/pico-sdk/src/rp2_common/pico_printf/printf.c.obj
 .text.vfctprintf
                0x0000000010003b78       0x20 CMakeFiles/EENLD.dir/home/light/pico/pico-sdk/src/rp2_common/pico_printf/printf.c.obj
                0x0000000010003b78                vfctprintf
 .text          0x0000000010003b98       0x10 CMakeFiles/EENLD.dir/home/light/pico/pico-sdk/src/rp2_common/pico_bit_ops/bit_ops_aeabi.S.obj
 .text.rom_func_lookup
                0x0000000010003ba8       0x10 CMakeFiles/EENLD.dir/home/light/pico/pico-sdk/src/rp2_common/pico_bootrom/bootrom.c.obj
                0x0000000010003ba8                rom_func_lookup
 .text.rom_data_lookup
                0x0000000010003bb8       0x10 CMakeFiles/EENLD.dir/home/light/pico/pico-sdk/src/rp2_common/pico_bootrom/bootrom.c.obj
                0x0000000010003bb8                rom_data_lookup
 .text.rom_funcs_lookup
                0x0000000010003bc8       0x36 CMakeFiles/EENLD.dir/home/light/pico/pico-sdk/src/rp2_common/pico_bootrom/bootrom.c.obj
                0x0000000010003bc8                rom_funcs_lookup
 *fill*         0x0000000010003bfe        0x2 
 .text.__wrap___aeabi_idiv
                0x0000000010003c00       0x50 CMakeFiles/EENLD.dir/home/light/pico/pico-sdk/src/rp2_common/pico_divider/divider.S.obj
                0x0000000010003c00                __wrap___aeabi_idivmod
                0x0000000010003c00                divmod_s32s32
                0x0000000010003c00                div_s32s32
                0x0000000010003c00                __wrap___aeabi_idiv
                0x0000000010003c08                divmod_s32s32_unsafe
                0x0000000010003c34                divmod_s32s32_savestate
 .text.__wrap___aeabi_uidiv
                0x0000000010003c50       0x4c CMakeFiles/EENLD.dir/home/light/pico/pico-sdk/src/rp2_common/pico_divider/divider.S.obj
                0x0000000010003c50                __wrap___aeabi_uidiv
                0x0000000010003c50                __wrap___aeabi_uidivmod
                0x0000000010003c50                div_u32u32
                0x0000000010003c50                divmod_u32u32
                0x0000000010003c58                divmod_u32u32_unsafe
                0x0000000010003c80                divmod_u32u32_savestate
 .text.__wrap___aeabi_ldiv
                0x0000000010003c9c      0x424 CMakeFiles/EENLD.dir/home/light/pico/pico-sdk/src/rp2_common/pico_divider/divider.S.obj
                0x0000000010003c9c                div_s64s64
                0x0000000010003c9c                divmod_s64s64
                0x0000000010003c9c                __wrap___aeabi_ldivmod
                0x0000000010003ccc                div_u64u64
                0x0000000010003ccc                divmod_u64u64
                0x0000000010003ccc                __wrap___aeabi_uldivmod
                0x0000000010003cdc                divmod_u64u64_savestate
                0x0000000010003cfc                divmod_s64s64_unsafe
                0x0000000010003d84                divmod_u64u64_unsafe
 .text.__wrap___aeabi_darithmetic
                0x00000000100040c0       0x80 CMakeFiles/EENLD.dir/home/light/pico/pico-sdk/src/rp2_common/pico_double/double_aeabi.S.obj
                0x00000000100040c0                __wrap___aeabi_drsub
                0x00000000100040c6                __wrap___aeabi_dsub
                0x00000000100040d8                __wrap___aeabi_dadd
                0x00000000100040ea                __wrap___aeabi_ddiv
                0x0000000010004126                __wrap___aeabi_dmul
 .text.__wrap___aeabi_cdcmple
                0x0000000010004140       0x6c CMakeFiles/EENLD.dir/home/light/pico/pico-sdk/src/rp2_common/pico_double/double_aeabi.S.obj
                0x0000000010004140                __wrap___aeabi_cdrcmple
                0x0000000010004150                __wrap___aeabi_cdcmple
                0x0000000010004150                __wrap___aeabi_cdcmpeq
 .text.__wrap___aeabi_dcmplt
                0x00000000100041ac        0xc CMakeFiles/EENLD.dir/home/light/pico/pico-sdk/src/rp2_common/pico_double/double_aeabi.S.obj
                0x00000000100041ac                __wrap___aeabi_dcmplt
 .text.__wrap___aeabi_dcmple
                0x00000000100041b8       0x10 CMakeFiles/EENLD.dir/home/light/pico/pico-sdk/src/rp2_common/pico_double/double_aeabi.S.obj
                0x00000000100041b8                __wrap___aeabi_dcmple
 .text.__wrap___aeabi_dcmpge
                0x00000000100041c8       0x10 CMakeFiles/EENLD.dir/home/light/pico/pico-sdk/src/rp2_common/pico_double/double_aeabi.S.obj
                0x00000000100041c8                __wrap___aeabi_dcmpge
 .text.__wrap___aeabi_dcmpgt
                0x00000000100041d8        0xa CMakeFiles/EENLD.dir/home/light/pico/pico-sdk/src/rp2_common/pico_double/double_aeabi.S.obj
                0x00000000100041d8                __wrap___aeabi_dcmpgt
 .text.__wrap___aeabi_dcmpun
                0x00000000100041e2       0x1c CMakeFiles/EENLD.dir/home/light/pico/pico-sdk/src/rp2_common/pico_double/double_aeabi.S.obj
                0x00000000100041e2                __wrap___aeabi_dcmpun
 *fill*         0x00000000100041fe        0x2 
 .text.__wrap___aeabi_i2d
                0x0000000010004200       0x38 CMakeFiles/EENLD.dir/home/light/pico/pico-sdk/src/rp2_common/pico_double/double_aeabi.S.obj
                0x0000000010004200                __wrap___aeabi_ui2d
                0x0000000010004208                __wrap___aeabi_i2d
 .text.__wrap___aeabi_d2iz
                0x0000000010004238       0x48 CMakeFiles/EENLD.dir/home/light/pico/pico-sdk/src/rp2_common/pico_double/double_aeabi.S.obj
                0x0000000010004238                __wrap___aeabi_d2iz
                0x0000000010004238                double2int_z
 .text.__wrap___aeabi_d2uiz
                0x0000000010004280       0x18 CMakeFiles/EENLD.dir/home/light/pico/pico-sdk/src/rp2_common/pico_double/double_aeabi.S.obj
                0x0000000010004280                double2uint
                0x0000000010004280                __wrap___aeabi_d2uiz
 .text.__wrap___aeabi_d2f
                0x0000000010004298       0x18 CMakeFiles/EENLD.dir/home/light/pico/pico-sdk/src/rp2_common/pico_double/double_aeabi.S.obj
                0x0000000010004298                __wrap___aeabi_d2f
 .text.__aeabi_double_init
                0x00000000100042b0       0xc8 CMakeFiles/EENLD.dir/home/light/pico/pico-sdk/src/rp2_common/pico_double/double_init_rom.c.obj
                0x00000000100042b0                __aeabi_double_init
 .text.double_table_shim_on_use_helper
                0x0000000010004378       0x34 CMakeFiles/EENLD.dir/home/light/pico/pico-sdk/src/rp2_common/pico_double/double_v1_rom_shim.S.obj
                0x0000000010004378                double_table_shim_on_use_helper
 .text.__wrap___aeabi_dsub
                0x00000000100043ac       0x10 CMakeFiles/EENLD.dir/home/light/pico/pico-sdk/src/rp2_common/pico_double/double_v1_rom_shim.S.obj
                0x00000000100043ac                drsub_shim
                0x00000000100043b2                dsub_shim
 .text.dadd_shim
                0x00000000100043bc      0x15c CMakeFiles/EENLD.dir/home/light/pico/pico-sdk/src/rp2_common/pico_double/double_v1_rom_shim.S.obj
                0x00000000100043bc                dadd_shim
 .text.dmul_shim
                0x0000000010004518      0x15c CMakeFiles/EENLD.dir/home/light/pico/pico-sdk/src/rp2_common/pico_double/double_v1_rom_shim.S.obj
                0x0000000010004518                dmul_shim
 .text.ddiv_shim
                0x0000000010004674      0x1b0 CMakeFiles/EENLD.dir/home/light/pico/pico-sdk/src/rp2_common/pico_double/double_v1_rom_shim.S.obj
                0x0000000010004674                ddiv_shim
 .text.double2uint_shim
                0x0000000010004824        0xe CMakeFiles/EENLD.dir/home/light/pico/pico-sdk/src/rp2_common/pico_double/double_v1_rom_shim.S.obj
                0x0000000010004824                double2uint_shim
                0x0000000010004826                double2ufix_shim
 *fill*         0x0000000010004832        0x2 
 .text.double2uint64_shim
                0x0000000010004834       0x70 CMakeFiles/EENLD.dir/home/light/pico/pico-sdk/src/rp2_common/pico_double/double_v1_rom_shim.S.obj
                0x0000000010004834                double2uint64_shim
                0x0000000010004836                double2ufix64_shim
                0x0000000010004856                d2fix_a
 .text.double2float_shim
                0x00000000100048a4       0x5c CMakeFiles/EENLD.dir/home/light/pico/pico-sdk/src/rp2_common/pico_double/double_v1_rom_shim.S.obj
                0x00000000100048a4                double2float_shim
 .text.dunpacks
                0x0000000010004900       0x3c CMakeFiles/EENLD.dir/home/light/pico/pico-sdk/src/rp2_common/pico_double/double_v1_rom_shim.S.obj
                0x0000000010004900                dunpacks
 .text.__aeabi_lmul
                0x000000001000493c       0x32 CMakeFiles/EENLD.dir/home/light/pico/pico-sdk/src/rp2_common/pico_int64_ops/pico_int64_ops_aeabi.S.obj
                0x000000001000493c                __wrap___aeabi_lmul
 *fill*         0x000000001000496e        0x2 
 .text.__wrap___aeabi_farithmetic
                0x0000000010004970       0x58 CMakeFiles/EENLD.dir/home/light/pico/pico-sdk/src/rp2_common/pico_float/float_aeabi.S.obj
                0x0000000010004970                __wrap___aeabi_frsub
                0x0000000010004976                __wrap___aeabi_fsub
                0x0000000010004980                __wrap___aeabi_fadd
                0x000000001000498a                __wrap___aeabi_fdiv
                0x00000000100049b6                __wrap___aeabi_fmul
 .text.__wrap___aeabi_cfcmple
                0x00000000100049c8       0x50 CMakeFiles/EENLD.dir/home/light/pico/pico-sdk/src/rp2_common/pico_float/float_aeabi.S.obj
                0x00000000100049c8                __wrap___aeabi_cfrcmple
                0x00000000100049d4                __wrap___aeabi_cfcmpeq
                0x00000000100049d4                __wrap___aeabi_cfcmple
 .text.__wrap___aeabi_fcmpgt
                0x0000000010004a18        0xa CMakeFiles/EENLD.dir/home/light/pico/pico-sdk/src/rp2_common/pico_float/float_aeabi.S.obj
                0x0000000010004a18                __wrap___aeabi_fcmpgt
 .text.__wrap___aeabi_ui2f
                0x0000000010004a22        0xa CMakeFiles/EENLD.dir/home/light/pico/pico-sdk/src/rp2_common/pico_float/float_aeabi.S.obj
                0x0000000010004a22                __wrap___aeabi_ui2f
 .text.__wrap___aeabi_i2f
                0x0000000010004a2c       0x44 CMakeFiles/EENLD.dir/home/light/pico/pico-sdk/src/rp2_common/pico_float/float_aeabi.S.obj
                0x0000000010004a2c                __wrap___aeabi_i2f
 .text.__wrap___aeabi_f2iz
                0x0000000010004a70       0x4e CMakeFiles/EENLD.dir/home/light/pico/pico-sdk/src/rp2_common/pico_float/float_aeabi.S.obj
                0x0000000010004a70                __wrap___aeabi_f2iz
                0x0000000010004a70                float2int_z
 *fill*         0x0000000010004abe        0x2 
 .text.float2int
                0x0000000010004ac0       0x14 CMakeFiles/EENLD.dir/home/light/pico/pico-sdk/src/rp2_common/pico_float/float_aeabi.S.obj
                0x0000000010004ac0                float2int
 .text.__wrap___aeabi_f2uiz
                0x0000000010004ad4       0x10 CMakeFiles/EENLD.dir/home/light/pico/pico-sdk/src/rp2_common/pico_float/float_aeabi.S.obj
                0x0000000010004ad4                __wrap___aeabi_f2uiz
 .text.__wrap___aeabi_f2d
                0x0000000010004ae4       0x14 CMakeFiles/EENLD.dir/home/light/pico/pico-sdk/src/rp2_common/pico_float/float_aeabi.S.obj
                0x0000000010004ae4                __wrap___aeabi_f2d
 .text.__aeabi_float_init
                0x0000000010004af8       0xfc CMakeFiles/EENLD.dir/home/light/pico/pico-sdk/src/rp2_common/pico_float/float_init_rom.c.obj
                0x0000000010004af8                __aeabi_float_init
 .text.float_table_shim_on_use_helper
                0x0000000010004bf4       0x34 CMakeFiles/EENLD.dir/home/light/pico/pico-sdk/src/rp2_common/pico_float/float_v1_rom_shim.S.obj
                0x0000000010004bf4                float_table_shim_on_use_helper
 .text.float232_shims
                0x0000000010004c28       0x18 CMakeFiles/EENLD.dir/home/light/pico/pico-sdk/src/rp2_common/pico_float/float_v1_rom_shim.S.obj
                0x0000000010004c28                float2int_shim
                0x0000000010004c2a                float2fix_shim
 .text.float2double_shim
                0x0000000010004c40       0x30 CMakeFiles/EENLD.dir/home/light/pico/pico-sdk/src/rp2_common/pico_float/float_v1_rom_shim.S.obj
                0x0000000010004c40                float2double_shim
 .text          0x0000000010004c70       0x10 CMakeFiles/EENLD.dir/home/light/pico/pico-sdk/src/rp2_common/pico_mem_ops/mem_ops_aeabi.S.obj
                0x0000000010004c70                __aeabi_mem_init
 .text.memset   0x0000000010004c80        0xc CMakeFiles/EENLD.dir/home/light/pico/pico-sdk/src/rp2_common/pico_mem_ops/mem_ops_aeabi.S.obj
                0x0000000010004c80                __wrap_memset
 .text.memcpy   0x0000000010004c8c        0xc CMakeFiles/EENLD.dir/home/light/pico/pico-sdk/src/rp2_common/pico_mem_ops/mem_ops_aeabi.S.obj
                0x0000000010004c8c                __wrap___aeabi_memcpy
                0x0000000010004c8c                __wrap_memcpy
 .text.stdio_out_chars_no_crlf
                0x0000000010004c98        0xe CMakeFiles/EENLD.dir/home/light/pico/pico-sdk/src/rp2_common/pico_stdio/stdio.c.obj
 *fill*         0x0000000010004ca6        0x2 
 .text.stdio_out_chars_crlf
                0x0000000010004ca8       0x80 CMakeFiles/EENLD.dir/home/light/pico/pico-sdk/src/rp2_common/pico_stdio/stdio.c.obj
 .text.stdio_stack_buffer_flush
                0x0000000010004d28       0x44 CMakeFiles/EENLD.dir/home/light/pico/pico-sdk/src/rp2_common/pico_stdio/stdio.c.obj
 .text.stdio_buffered_printer
                0x0000000010004d6c       0x20 CMakeFiles/EENLD.dir/home/light/pico/pico-sdk/src/rp2_common/pico_stdio/stdio.c.obj
 .text.stdout_serialize_begin
                0x0000000010004d8c       0x5c CMakeFiles/EENLD.dir/home/light/pico/pico-sdk/src/rp2_common/pico_stdio/stdio.c.obj
                0x0000000010004d8c                stdout_serialize_begin
 .text.stdout_serialize_end
                0x0000000010004de8       0x10 CMakeFiles/EENLD.dir/home/light/pico/pico-sdk/src/rp2_common/pico_stdio/stdio.c.obj
                0x0000000010004de8                stdout_serialize_end
 .text.stdio_put_string
                0x0000000010004df8       0x98 CMakeFiles/EENLD.dir/home/light/pico/pico-sdk/src/rp2_common/pico_stdio/stdio.c.obj
 .text.stdio_set_driver_enabled
                0x0000000010004e90       0x2c CMakeFiles/EENLD.dir/home/light/pico/pico-sdk/src/rp2_common/pico_stdio/stdio.c.obj
                0x0000000010004e90                stdio_set_driver_enabled
 .text.stdio_flush
                0x0000000010004ebc       0x20 CMakeFiles/EENLD.dir/home/light/pico/pico-sdk/src/rp2_common/pico_stdio/stdio.c.obj
                0x0000000010004ebc                stdio_flush
 .text.__wrap_puts
                0x0000000010004edc       0x1e CMakeFiles/EENLD.dir/home/light/pico/pico-sdk/src/rp2_common/pico_stdio/stdio.c.obj
                0x0000000010004edc                __wrap_puts
 *fill*         0x0000000010004efa        0x2 
 .text.__wrap_vprintf
                0x0000000010004efc       0x40 CMakeFiles/EENLD.dir/home/light/pico/pico-sdk/src/rp2_common/pico_stdio/stdio.c.obj
                0x0000000010004efc                __wrap_vprintf
 .text.__wrap_printf
                0x0000000010004f3c       0x18 CMakeFiles/EENLD.dir/home/light/pico/pico-sdk/src/rp2_common/pico_stdio/stdio.c.obj
                0x0000000010004f3c                __wrap_printf
 .text.stdio_uart_out_chars
                0x0000000010004f54       0x74 CMakeFiles/EENLD.dir/home/light/pico/pico-sdk/src/rp2_common/pico_stdio_uart/stdio_uart.c.obj
 .text.stdio_uart_in_chars
                0x0000000010004fc8       0x80 CMakeFiles/EENLD.dir/home/light/pico/pico-sdk/src/rp2_common/pico_stdio_uart/stdio_uart.c.obj
                0x0000000010004fc8                stdio_uart_in_chars
 .text.on_uart_rx
                0x0000000010005048       0x28 CMakeFiles/EENLD.dir/home/light/pico/pico-sdk/src/rp2_common/pico_stdio_uart/stdio_uart.c.obj
 .text.stdio_uart_set_chars_available_callback
                0x0000000010005070       0x8c CMakeFiles/EENLD.dir/home/light/pico/pico-sdk/src/rp2_common/pico_stdio_uart/stdio_uart.c.obj
 .text.stdio_uart_init_full
                0x00000000100050fc       0x44 CMakeFiles/EENLD.dir/home/light/pico/pico-sdk/src/rp2_common/pico_stdio_uart/stdio_uart.c.obj
                0x00000000100050fc                stdio_uart_init_full
 .text          0x0000000010005140       0x5c /usr/lib/gcc/arm-none-eabi/10.3.1/../../../arm-none-eabi/lib/thumb/v6-m/nofp/libg.a(lib_a-strlen-stub.o)
                0x0000000010005140                strlen
 *(.fini)
 .fini          0x000000001000519c        0x4 /usr/lib/gcc/arm-none-eabi/10.3.1/thumb/v6-m/nofp/crti.o
                0x000000001000519c                _fini
 .fini.__stub   0x00000000100051a0       0x60 linker stubs
 *crtbegin.o(.ctors)
 *crtbegin?.o(.ctors)
 *(EXCLUDE_FILE(*crtend.o *crtend?.o) .ctors)
 *(SORT_BY_NAME(.ctors.*))
 *(.ctors)
 *crtbegin.o(.dtors)
 *crtbegin?.o(.dtors)
 *(EXCLUDE_FILE(*crtend.o *crtend?.o) .dtors)
 *(SORT_BY_NAME(.dtors.*))
 *(.dtors)
 *(.eh_frame*)
 .eh_frame      0x0000000010005200        0x0 /usr/lib/gcc/arm-none-eabi/10.3.1/thumb/v6-m/nofp/crtbegin.o
                0x0000000010005200                . = ALIGN (0x4)

.glue_7         0x0000000010005200        0x0
 .glue_7        0x0000000010005200        0x0 linker stubs

.glue_7t        0x0000000010005200        0x0
 .glue_7t       0x0000000010005200        0x0 linker stubs

.vfp11_veneer   0x0000000010005200        0x0
 .vfp11_veneer  0x0000000010005200        0x0 linker stubs

.v4_bx          0x0000000010005200        0x0
 .v4_bx         0x0000000010005200        0x0 linker stubs

.iplt           0x0000000010005200        0x0
 .iplt          0x0000000010005200        0x0 /usr/lib/gcc/arm-none-eabi/10.3.1/thumb/v6-m/nofp/crtbegin.o

.rodata         0x0000000010005200      0xfbc
 *(EXCLUDE_FILE(*libm.a: *libc.a:*lib_a-mem*.o *libgcc.a:) .rodata*)
 .rodata.core1_entry.str1.4
                0x0000000010005200       0x60 CMakeFiles/EENLD.dir/main.c.obj
 .rodata.__func__.0
                0x0000000010005260       0x15 CMakeFiles/EENLD.dir/main.c.obj
 *fill*         0x0000000010005275        0x3 
 .rodata.control_gain
                0x0000000010005278       0x10 CMakeFiles/EENLD.dir/main.c.obj
                0x0000000010005278                control_gain
 .rodata.current_low_threshold
                0x0000000010005288       0x10 CMakeFiles/EENLD.dir/main.c.obj
                0x0000000010005288                current_low_threshold
 .rodata.make_branch.str1.4
                0x0000000010005298       0x6c CMakeFiles/EENLD.dir/home/light/pico/pico-sdk/src/rp2_common/hardware_irq/irq.c.obj
 .rodata.insert_branch_and_link.str1.4
                0x0000000010005304       0x10 CMakeFiles/EENLD.dir/home/light/pico/pico-sdk/src/rp2_common/hardware_irq/irq.c.obj
 .rodata.irq_set_exclusive_handler.str1.4
                0x0000000010005314       0x36 CMakeFiles/EENLD.dir/home/light/pico/pico-sdk/src/rp2_common/hardware_irq/irq.c.obj
 *fill*         0x000000001000534a        0x2 
 .rodata.irq_add_shared_handler.str1.4
                0x000000001000534c       0xd9 CMakeFiles/EENLD.dir/home/light/pico/pico-sdk/src/rp2_common/hardware_irq/irq.c.obj
 *fill*         0x0000000010005425        0x3 
 .rodata.irq_remove_handler.str1.4
                0x0000000010005428       0x3a CMakeFiles/EENLD.dir/home/light/pico/pico-sdk/src/rp2_common/hardware_irq/irq.c.obj
 *fill*         0x0000000010005462        0x2 
 .rodata.irq_add_tail_to_free_list.str1.4
                0x0000000010005464       0x3a CMakeFiles/EENLD.dir/home/light/pico/pico-sdk/src/rp2_common/hardware_irq/irq.c.obj
 *fill*         0x000000001000549e        0x2 
 .rodata.__func__.0
                0x00000000100054a0       0x1a CMakeFiles/EENLD.dir/home/light/pico/pico-sdk/src/rp2_common/hardware_irq/irq.c.obj
 *fill*         0x00000000100054ba        0x2 
 .rodata.__func__.1
                0x00000000100054bc       0x17 CMakeFiles/EENLD.dir/home/light/pico/pico-sdk/src/rp2_common/hardware_irq/irq.c.obj
 *fill*         0x00000000100054d3        0x1 
 .rodata.__func__.2
                0x00000000100054d4       0x13 CMakeFiles/EENLD.dir/home/light/pico/pico-sdk/src/rp2_common/hardware_irq/irq.c.obj
 *fill*         0x00000000100054e7        0x1 
 .rodata.__func__.3
                0x00000000100054e8        0xc CMakeFiles/EENLD.dir/home/light/pico/pico-sdk/src/rp2_common/hardware_irq/irq.c.obj
 .rodata.__func__.4
                0x00000000100054f4        0xf CMakeFiles/EENLD.dir/home/light/pico/pico-sdk/src/rp2_common/hardware_irq/irq.c.obj
 *fill*         0x0000000010005503        0x1 
 .rodata.__func__.6
                0x0000000010005504       0x1a CMakeFiles/EENLD.dir/home/light/pico/pico-sdk/src/rp2_common/hardware_irq/irq.c.obj
 *fill*         0x000000001000551e        0x2 
 .rodata.str1.4
                0x0000000010005520       0x89 CMakeFiles/EENLD.dir/home/light/pico/pico-sdk/src/common/pico_sync/mutex.c.obj
                                         0xe9 (size before relaxing)
 *fill*         0x00000000100055a9        0x3 
 .rodata.__func__.1
                0x00000000100055ac        0xb CMakeFiles/EENLD.dir/home/light/pico/pico-sdk/src/common/pico_sync/mutex.c.obj
 *fill*         0x00000000100055b7        0x1 
 .rodata.__func__.3
                0x00000000100055b8       0x18 CMakeFiles/EENLD.dir/home/light/pico/pico-sdk/src/common/pico_sync/mutex.c.obj
 .rodata.repeating_timer_callback.str1.4
                0x00000000100055d0       0x4a CMakeFiles/EENLD.dir/home/light/pico/pico-sdk/src/common/pico_time/time.c.obj
 *fill*         0x000000001000561a        0x2 
 .rodata.timer_pool_entry_comparator.str1.4
                0x000000001000561c       0x22 CMakeFiles/EENLD.dir/home/light/pico/pico-sdk/src/common/pico_time/time.c.obj
 *fill*         0x000000001000563e        0x2 
 .rodata.ph_add_child_node.str1.4
                0x0000000010005640       0x96 CMakeFiles/EENLD.dir/home/light/pico/pico-sdk/src/common/pico_time/time.c.obj
 *fill*         0x00000000100056d6        0x2 
 .rodata.add_alarm_under_lock.str1.4
                0x00000000100056d8       0x28 CMakeFiles/EENLD.dir/home/light/pico/pico-sdk/src/common/pico_time/time.c.obj
                                         0x2b (size before relaxing)
 .rodata.alarm_pool_alarm_callback.str1.4
                0x0000000010005700       0x98 CMakeFiles/EENLD.dir/home/light/pico/pico-sdk/src/common/pico_time/time.c.obj
                                         0xf8 (size before relaxing)
 .rodata.alarm_pool_get_default.str1.4
                0x0000000010005798       0x21 CMakeFiles/EENLD.dir/home/light/pico/pico-sdk/src/common/pico_time/time.c.obj
 *fill*         0x00000000100057b9        0x3 
 .rodata.alarm_pool_cancel_alarm.str1.4
                0x00000000100057bc       0x27 CMakeFiles/EENLD.dir/home/light/pico/pico-sdk/src/common/pico_time/time.c.obj
 *fill*         0x00000000100057e3        0x1 
 .rodata.sleep_until.str1.4
                0x00000000100057e4       0x4d CMakeFiles/EENLD.dir/home/light/pico/pico-sdk/src/common/pico_time/time.c.obj
 *fill*         0x0000000010005831        0x3 
 .rodata.__func__.1
                0x0000000010005834       0x18 CMakeFiles/EENLD.dir/home/light/pico/pico-sdk/src/common/pico_time/time.c.obj
 .rodata.__func__.10
                0x000000001000584c       0x15 CMakeFiles/EENLD.dir/home/light/pico/pico-sdk/src/common/pico_time/time.c.obj
 *fill*         0x0000000010005861        0x3 
 .rodata.__func__.11
                0x0000000010005864       0x1a CMakeFiles/EENLD.dir/home/light/pico/pico-sdk/src/common/pico_time/time.c.obj
 *fill*         0x000000001000587e        0x2 
 .rodata.__func__.12
                0x0000000010005880        0xa CMakeFiles/EENLD.dir/home/light/pico/pico-sdk/src/common/pico_time/time.c.obj
 *fill*         0x000000001000588a        0x2 
 .rodata.__func__.3
                0x000000001000588c       0x17 CMakeFiles/EENLD.dir/home/light/pico/pico-sdk/src/common/pico_time/time.c.obj
 *fill*         0x00000000100058a3        0x1 
 .rodata.__func__.4
                0x00000000100058a4       0x12 CMakeFiles/EENLD.dir/home/light/pico/pico-sdk/src/common/pico_time/time.c.obj
 *fill*         0x00000000100058b6        0x2 
 .rodata.__func__.5
                0x00000000100058b8        0xd CMakeFiles/EENLD.dir/home/light/pico/pico-sdk/src/common/pico_time/time.c.obj
 *fill*         0x00000000100058c5        0x3 
 .rodata.__func__.6
                0x00000000100058c8       0x12 CMakeFiles/EENLD.dir/home/light/pico/pico-sdk/src/common/pico_time/time.c.obj
 *fill*         0x00000000100058da        0x2 
 .rodata.__func__.7
                0x00000000100058dc        0xf CMakeFiles/EENLD.dir/home/light/pico/pico-sdk/src/common/pico_time/time.c.obj
 *fill*         0x00000000100058eb        0x1 
 .rodata.__func__.8
                0x00000000100058ec        0xc CMakeFiles/EENLD.dir/home/light/pico/pico-sdk/src/common/pico_time/time.c.obj
 .rodata.__func__.9
                0x00000000100058f8       0x15 CMakeFiles/EENLD.dir/home/light/pico/pico-sdk/src/common/pico_time/time.c.obj
 *fill*         0x000000001000590d        0x3 
 .rodata.hardware_alarm_claim.str1.4
                0x0000000010005910       0x22 CMakeFiles/EENLD.dir/home/light/pico/pico-sdk/src/rp2_common/hardware_timer/timer.c.obj
 .rodata.busy_wait_us.str1.4
                0x0000000010005932       0x60 CMakeFiles/EENLD.dir/home/light/pico/pico-sdk/src/rp2_common/hardware_timer/timer.c.obj
 *fill*         0x0000000010005932        0x2 
 .rodata.hardware_alarm_set_target.str1.4
                0x0000000010005934       0x64 CMakeFiles/EENLD.dir/home/light/pico/pico-sdk/src/rp2_common/hardware_timer/timer.c.obj
 .rodata.__func__.0
                0x0000000010005998       0x1a CMakeFiles/EENLD.dir/home/light/pico/pico-sdk/src/rp2_common/hardware_timer/timer.c.obj
 *fill*         0x00000000100059b2        0x2 
 .rodata.__func__.1
                0x00000000100059b4       0x15 CMakeFiles/EENLD.dir/home/light/pico/pico-sdk/src/rp2_common/hardware_timer/timer.c.obj
 .rodata.ph_add_child_node.str1.4
                0x00000000100059c9       0x96 CMakeFiles/EENLD.dir/home/light/pico/pico-sdk/src/common/pico_util/pheap.c.obj
 *fill*         0x00000000100059c9        0x3 
 .rodata.ph_remove_any_head.str1.4
                0x00000000100059cc       0x8c CMakeFiles/EENLD.dir/home/light/pico/pico-sdk/src/common/pico_util/pheap.c.obj
                                         0xa0 (size before relaxing)
 .rodata.ph_remove_and_free_node.str1.4
                0x0000000010005a58       0x1e CMakeFiles/EENLD.dir/home/light/pico/pico-sdk/src/common/pico_util/pheap.c.obj
                                         0x26 (size before relaxing)
 *fill*         0x0000000010005a76        0x2 
 .rodata.__func__.0
                0x0000000010005a78       0x18 CMakeFiles/EENLD.dir/home/light/pico/pico-sdk/src/common/pico_util/pheap.c.obj
 .rodata.__func__.1
                0x0000000010005a90       0x13 CMakeFiles/EENLD.dir/home/light/pico/pico-sdk/src/common/pico_util/pheap.c.obj
 *fill*         0x0000000010005aa3        0x1 
 .rodata.__func__.2
                0x0000000010005aa4       0x12 CMakeFiles/EENLD.dir/home/light/pico/pico-sdk/src/common/pico_util/pheap.c.obj
 *fill*         0x0000000010005ab6        0x2 
 .rodata.__func__.3
                0x0000000010005ab8        0xc CMakeFiles/EENLD.dir/home/light/pico/pico-sdk/src/common/pico_util/pheap.c.obj
 .rodata.clock_configure.str1.4
                0x0000000010005ac4       0x56 CMakeFiles/EENLD.dir/home/light/pico/pico-sdk/src/rp2_common/hardware_clocks/clocks.c.obj
 *fill*         0x0000000010005b1a        0x2 
 .rodata.__func__.1
                0x0000000010005b1c       0x10 CMakeFiles/EENLD.dir/home/light/pico/pico-sdk/src/rp2_common/hardware_clocks/clocks.c.obj
 .rodata.pll_init.str1.4
                0x0000000010005b2c      0x120 CMakeFiles/EENLD.dir/home/light/pico/pico-sdk/src/rp2_common/hardware_pll/pll.c.obj
 .rodata.__func__.0
                0x0000000010005c4c        0x9 CMakeFiles/EENLD.dir/home/light/pico/pico-sdk/src/rp2_common/hardware_pll/pll.c.obj
 *fill*         0x0000000010005c55        0x3 
 .rodata.multicore_lockout_start_block_until.str1.4
                0x0000000010005c58       0x5c CMakeFiles/EENLD.dir/home/light/pico/pico-sdk/src/rp2_common/pico_multicore/multicore.c.obj
 .rodata.multicore_launch_core1_with_stack.str1.4
                0x0000000010005cb4       0x19 CMakeFiles/EENLD.dir/home/light/pico/pico-sdk/src/rp2_common/pico_multicore/multicore.c.obj
 *fill*         0x0000000010005ccd        0x3 
 .rodata.__func__.2
                0x0000000010005cd0       0x22 CMakeFiles/EENLD.dir/home/light/pico/pico-sdk/src/rp2_common/pico_multicore/multicore.c.obj
 *fill*         0x0000000010005cf2        0x2 
 .rodata.__assert_func.str1.4
                0x0000000010005cf4       0x3f CMakeFiles/EENLD.dir/home/light/pico/pico-sdk/src/rp2_common/pico_runtime/runtime.c.obj
                                         0x43 (size before relaxing)
 *fill*         0x0000000010005d33        0x1 
 .rodata.runtime_init.str1.4
                0x0000000010005d34       0x60 CMakeFiles/EENLD.dir/home/light/pico/pico-sdk/src/rp2_common/pico_runtime/runtime.c.obj
 .rodata.panic.str1.4
                0x0000000010005d94       0x12 CMakeFiles/EENLD.dir/home/light/pico/pico-sdk/src/rp2_common/pico_runtime/runtime.c.obj
 *fill*         0x0000000010005da6        0x2 
 .rodata.__func__.2
                0x0000000010005da8        0xd CMakeFiles/EENLD.dir/home/light/pico/pico-sdk/src/rp2_common/pico_runtime/runtime.c.obj
 *fill*         0x0000000010005db5        0x3 
 .rodata._ftoa.str1.4
                0x0000000010005db8       0x15 CMakeFiles/EENLD.dir/home/light/pico/pico-sdk/src/rp2_common/pico_printf/printf.c.obj
 *fill*         0x0000000010005dcd        0x3 
 .rodata._vsnprintf
                0x0000000010005dd0      0x1e0 CMakeFiles/EENLD.dir/home/light/pico/pico-sdk/src/rp2_common/pico_printf/printf.c.obj
 .rodata.pow10.0
                0x0000000010005fb0       0x50 CMakeFiles/EENLD.dir/home/light/pico/pico-sdk/src/rp2_common/pico_printf/printf.c.obj
 .rodata.__aeabi_double_init.str1.4
                0x0000000010006000       0x9b CMakeFiles/EENLD.dir/home/light/pico/pico-sdk/src/rp2_common/pico_double/double_init_rom.c.obj
 *fill*         0x000000001000609b        0x1 
 .rodata.__func__.0
                0x000000001000609c       0x14 CMakeFiles/EENLD.dir/home/light/pico/pico-sdk/src/rp2_common/pico_double/double_init_rom.c.obj
 .rodata.__aeabi_float_init.str1.4
                0x00000000100060b0       0x79 CMakeFiles/EENLD.dir/home/light/pico/pico-sdk/src/rp2_common/pico_float/float_init_rom.c.obj
                                         0x7d (size before relaxing)
 *fill*         0x0000000010006129        0x3 
 .rodata.__func__.0
                0x000000001000612c       0x13 CMakeFiles/EENLD.dir/home/light/pico/pico-sdk/src/rp2_common/pico_float/float_init_rom.c.obj
 *fill*         0x000000001000613f        0x1 
 .rodata.str1.4
                0x0000000010006140       0x3c CMakeFiles/EENLD.dir/home/light/pico/pico-sdk/src/rp2_common/pico_standard_link/binary_info.c.obj
 .rodata.__bi_44
                0x000000001000617c        0xc CMakeFiles/EENLD.dir/home/light/pico/pico-sdk/src/rp2_common/pico_standard_link/binary_info.c.obj
 .rodata.__bi_75
                0x0000000010006188        0xc CMakeFiles/EENLD.dir/home/light/pico/pico-sdk/src/rp2_common/pico_standard_link/binary_info.c.obj
 .rodata.__bi_81
                0x0000000010006194        0xc CMakeFiles/EENLD.dir/home/light/pico/pico-sdk/src/rp2_common/pico_standard_link/binary_info.c.obj
 .rodata.stdout_serialize_begin.str1.4
                0x00000000100061a0       0x60 CMakeFiles/EENLD.dir/home/light/pico/pico-sdk/src/rp2_common/pico_stdio/stdio.c.obj
 .rodata.__func__.3
                0x00000000100061a0       0x15 CMakeFiles/EENLD.dir/home/light/pico/pico-sdk/src/rp2_common/pico_stdio/stdio.c.obj
 *fill*         0x00000000100061b5        0x3 
 .rodata.crlf_str.2
                0x00000000100061b8        0x2 CMakeFiles/EENLD.dir/home/light/pico/pico-sdk/src/rp2_common/pico_stdio/stdio.c.obj
                0x00000000100061bc                . = ALIGN (0x4)
 *fill*         0x00000000100061ba        0x2 
 *(SORT_BY_ALIGNMENT(SORT_BY_NAME(.flashdata*)))
                0x00000000100061bc                . = ALIGN (0x4)

.ARM.extab
 *(.ARM.extab* .gnu.linkonce.armextab.*)
                0x00000000100061bc                __exidx_start = .

.ARM.exidx
 *(.ARM.exidx* .gnu.linkonce.armexidx.*)
                0x00000000100061bc                __exidx_end = .
                0x00000000100061bc                . = ALIGN (0x4)
                0x00000000100061bc                __binary_info_start = .

.binary_info    0x00000000100061bc       0x1c
 *(.binary_info.keep.*)
 .binary_info.keep.__bi_ptr22
                0x00000000100061bc        0x4 CMakeFiles/EENLD.dir/home/light/pico/pico-sdk/src/rp2_common/pico_standard_link/binary_info.c.obj
 .binary_info.keep.__bi_ptr30
                0x00000000100061c0        0x4 CMakeFiles/EENLD.dir/home/light/pico/pico-sdk/src/rp2_common/pico_standard_link/binary_info.c.obj
 .binary_info.keep.__bi_ptr38
                0x00000000100061c4        0x4 CMakeFiles/EENLD.dir/home/light/pico/pico-sdk/src/rp2_common/pico_standard_link/binary_info.c.obj
 .binary_info.keep.__bi_ptr44
                0x00000000100061c8        0x4 CMakeFiles/EENLD.dir/home/light/pico/pico-sdk/src/rp2_common/pico_standard_link/binary_info.c.obj
 .binary_info.keep.__bi_ptr50
                0x00000000100061cc        0x4 CMakeFiles/EENLD.dir/home/light/pico/pico-sdk/src/rp2_common/pico_standard_link/binary_info.c.obj
 .binary_info.keep.__bi_ptr75
                0x00000000100061d0        0x4 CMakeFiles/EENLD.dir/home/light/pico/pico-sdk/src/rp2_common/pico_standard_link/binary_info.c.obj
 .binary_info.keep.__bi_ptr81
                0x00000000100061d4        0x4 CMakeFiles/EENLD.dir/home/light/pico/pico-sdk/src/rp2_common/pico_standard_link/binary_info.c.obj
 *(.binary_info.*)
                0x00000000100061d8                __binary_info_end = .

.rel.dyn        0x00000000100061d8        0x0
 .rel.iplt      0x00000000100061d8        0x0 /usr/lib/gcc/arm-none-eabi/10.3.1/thumb/v6-m/nofp/crtbegin.o
                0x00000000100061d8                . = ALIGN (0x4)

.ram_vector_table
                0x0000000020000000       0xc0
 *(.ram_vector_table)
 .ram_vector_table
                0x0000000020000000       0xc0 CMakeFiles/EENLD.dir/home/light/pico/pico-sdk/src/rp2_common/pico_runtime/runtime.c.obj
                0x0000000020000000                ram_vector_table

.data           0x00000000200000c0      0x28c load address 0x00000000100061d8
                0x00000000200000c0                __data_start__ = .
 *(vtable)
 *(.time_critical*)
 .time_critical.mutex_try_enter
                0x00000000200000c0       0x46 CMakeFiles/EENLD.dir/home/light/pico/pico-sdk/src/common/pico_sync/mutex.c.obj
                0x00000000200000c0                mutex_try_enter
 *fill*         0x0000000020000106        0x2 
 .time_critical.mutex_enter_block_until
                0x0000000020000108       0x8c CMakeFiles/EENLD.dir/home/light/pico/pico-sdk/src/common/pico_sync/mutex.c.obj
                0x0000000020000108                mutex_enter_block_until
 .time_critical.mutex_try_enter_block_until
                0x0000000020000194       0x34 CMakeFiles/EENLD.dir/home/light/pico/pico-sdk/src/common/pico_sync/mutex.c.obj
                0x0000000020000194                mutex_try_enter_block_until
 .time_critical.mutex_exit
                0x00000000200001c8       0x4c CMakeFiles/EENLD.dir/home/light/pico/pico-sdk/src/common/pico_sync/mutex.c.obj
                0x00000000200001c8                mutex_exit
 .time_critical.spi_write_blocking
                0x0000000020000214       0x3a CMakeFiles/EENLD.dir/home/light/pico/pico-sdk/src/rp2_common/hardware_spi/spi.c.obj
                0x0000000020000214                spi_write_blocking
 *(.text*)
 *fill*         0x000000002000024e        0x2 
 .text          0x0000000020000250        0x4 /usr/lib/gcc/arm-none-eabi/10.3.1/thumb/v6-m/nofp/libgcc.a(_dvmd_tls.o)
                0x0000000020000250                __aeabi_ldiv0
                0x0000000020000250                __aeabi_idiv0
 *fill*         0x0000000020000254        0x4 
 .text.__stub   0x0000000020000258       0x20 linker stubs
                0x0000000020000278                . = ALIGN (0x4)
 *(.rodata*)
                0x0000000020000278                . = ALIGN (0x4)
 *(.data*)
 .data.striped_spin_lock_num
                0x0000000020000278        0x1 CMakeFiles/EENLD.dir/home/light/pico/pico-sdk/src/rp2_common/hardware_sync/sync.c.obj
 *fill*         0x0000000020000279        0x3 
 .data          0x000000002000027c       0x48 CMakeFiles/EENLD.dir/home/light/pico/pico-sdk/src/rp2_common/hardware_irq/irq_handler_chain.S.obj
                0x000000002000027c                irq_handler_chain_slots
                0x00000000200002ac                irq_handler_chain_first_slot
                0x00000000200002b6                irq_handler_chain_remove_tail
 .data.default_alarm_pool
                0x00000000200002c4       0x18 CMakeFiles/EENLD.dir/home/light/pico/pico-sdk/src/common/pico_time/time.c.obj
 .data.default_alarm_pool_heap
                0x00000000200002dc       0x10 CMakeFiles/EENLD.dir/home/light/pico/pico-sdk/src/common/pico_time/time.c.obj
 *fill*         0x00000000200002ec        0x4 
 .data.aeabi_bits_funcs
                0x00000000200002f0       0x10 CMakeFiles/EENLD.dir/home/light/pico/pico-sdk/src/rp2_common/pico_bit_ops/bit_ops_aeabi.S.obj
                0x00000000200002f0                aeabi_bits_funcs
                0x0000000020000300                aeabi_bits_funcs_end
 .data.aeabi_mem_funcs
                0x0000000020000300       0x10 CMakeFiles/EENLD.dir/home/light/pico/pico-sdk/src/rp2_common/pico_mem_ops/mem_ops_aeabi.S.obj
                0x0000000020000300                aeabi_mem_funcs
                0x0000000020000310                aeabi_mem_funcs_end
 .data.stdio_uart
                0x0000000020000310       0x18 CMakeFiles/EENLD.dir/home/light/pico/pico-sdk/src/rp2_common/pico_stdio_uart/stdio_uart.c.obj
                0x0000000020000310                stdio_uart
                0x0000000020000328                . = ALIGN (0x4)
 *(.after_data.*)
                0x0000000020000328                . = ALIGN (0x4)
                0x0000000020000328                PROVIDE (__mutex_array_start = .)
 *(SORT_BY_NAME(.mutex_array.*))
 *(.mutex_array)
 .mutex_array   0x0000000020000328        0x8 CMakeFiles/EENLD.dir/home/light/pico/pico-sdk/src/rp2_common/pico_malloc/pico_malloc.c.obj
 .mutex_array   0x0000000020000330        0x8 CMakeFiles/EENLD.dir/home/light/pico/pico-sdk/src/rp2_common/pico_stdio/stdio.c.obj
                0x0000000020000338                PROVIDE (__mutex_array_end = .)
                0x0000000020000338                . = ALIGN (0x4)
                0x0000000020000338                PROVIDE (__preinit_array_start = .)
 *(SORT_BY_NAME(.preinit_array.*))
 .preinit_array.00001
                0x0000000020000338        0x4 CMakeFiles/EENLD.dir/home/light/pico/pico-sdk/src/rp2_common/pico_mem_ops/mem_ops_aeabi.S.obj
 .preinit_array.00010
                0x000000002000033c        0x4 CMakeFiles/EENLD.dir/home/light/pico/pico-sdk/src/rp2_common/pico_bit_ops/bit_ops_aeabi.S.obj
 .preinit_array.00020
                0x0000000020000340        0x4 CMakeFiles/EENLD.dir/home/light/pico/pico-sdk/src/rp2_common/pico_double/double_aeabi.S.obj
 .preinit_array.00020
                0x0000000020000344        0x4 CMakeFiles/EENLD.dir/home/light/pico/pico-sdk/src/rp2_common/pico_float/float_aeabi.S.obj
 *(.preinit_array)
                0x0000000020000348                PROVIDE (__preinit_array_end = .)
                0x0000000020000348                . = ALIGN (0x4)
                0x0000000020000348                PROVIDE (__init_array_start = .)
 *(SORT_BY_NAME(.init_array.*))
 *(.init_array)
 .init_array    0x0000000020000348        0x4 /usr/lib/gcc/arm-none-eabi/10.3.1/thumb/v6-m/nofp/crtbegin.o
                0x000000002000034c                PROVIDE (__init_array_end = .)
                0x000000002000034c                . = ALIGN (0x4)
                0x000000002000034c                PROVIDE (__fini_array_start = .)
 *(SORT_BY_NAME(.fini_array.*))
 *(.fini_array)
                0x000000002000034c                PROVIDE (__fini_array_end = .)
 *(.jcr)
                0x000000002000034c                . = ALIGN (0x4)
                0x000000002000034c                __data_end__ = .
                0x00000000100061d8                __etext = LOADADDR (.data)

.tm_clone_table
                0x000000002000034c        0x0 load address 0x0000000010006464
 .tm_clone_table
                0x000000002000034c        0x0 /usr/lib/gcc/arm-none-eabi/10.3.1/thumb/v6-m/nofp/crtbegin.o
 .tm_clone_table
                0x000000002000034c        0x0 /usr/lib/gcc/arm-none-eabi/10.3.1/thumb/v6-m/nofp/crtend.o

.igot.plt       0x000000002000034c        0x0 load address 0x0000000010006464
 .igot.plt      0x000000002000034c        0x0 /usr/lib/gcc/arm-none-eabi/10.3.1/thumb/v6-m/nofp/crtbegin.o

.uninitialized_data
                0x000000002000034c        0x0 load address 0x0000000010006464
                0x000000002000034c                . = ALIGN (0x4)
 *(.uninitialized_data*)

.scratch_x      0x0000000020040000        0x0 load address 0x0000000010006464
                0x0000000020040000                __scratch_x_start__ = .
 *(.scratch_x.*)
                0x0000000020040000                . = ALIGN (0x4)
                0x0000000020040000                __scratch_x_end__ = .
                0x0000000010006464                __scratch_x_source__ = LOADADDR (.scratch_x)

.scratch_y      0x0000000020041000        0x0 load address 0x0000000010006464
                0x0000000020041000                __scratch_y_start__ = .
 *(.scratch_y.*)
                0x0000000020041000                . = ALIGN (0x4)
                0x0000000020041000                __scratch_y_end__ = .
                0x0000000010006464                __scratch_y_source__ = LOADADDR (.scratch_y)

.bss            0x0000000020000350      0x400
                0x0000000020000350                . = ALIGN (0x4)
                0x0000000020000350                __bss_start__ = .
 *(SORT_BY_ALIGNMENT(SORT_BY_NAME(.bss*)))
 .bss.default_alarm_pool_entries
                0x0000000020000350      0x100 CMakeFiles/EENLD.dir/home/light/pico/pico-sdk/src/common/pico_time/time.c.obj
 .bss           0x0000000020000450       0x1c /usr/lib/gcc/arm-none-eabi/10.3.1/thumb/v6-m/nofp/crtbegin.o
 .bss.LDO_EN_mask
                0x000000002000046c        0x4 CMakeFiles/EENLD.dir/main.c.obj
                0x000000002000046c                LDO_EN_mask
 .bss.MUX_mask  0x0000000020000470        0x4 CMakeFiles/EENLD.dir/main.c.obj
                0x0000000020000470                MUX_mask
 .bss.PWM_mask  0x0000000020000474        0x4 CMakeFiles/EENLD.dir/main.c.obj
                0x0000000020000474                PWM_mask
 .bss.SPI_CS_mask
                0x0000000020000478        0x4 CMakeFiles/EENLD.dir/main.c.obj
                0x0000000020000478                SPI_CS_mask
 .bss.alarm_callbacks
                0x000000002000047c       0x10 CMakeFiles/EENLD.dir/home/light/pico/pico-sdk/src/rp2_common/hardware_timer/timer.c.obj
 .bss.chars_available_callback
                0x000000002000048c        0x4 CMakeFiles/EENLD.dir/home/light/pico/pico-sdk/src/rp2_common/pico_stdio_uart/stdio_uart.c.obj
 .bss.chars_available_param
                0x0000000020000490        0x4 CMakeFiles/EENLD.dir/home/light/pico/pico-sdk/src/rp2_common/pico_stdio_uart/stdio_uart.c.obj
 .bss.configured_freq
                0x0000000020000494       0x28 CMakeFiles/EENLD.dir/home/light/pico/pico-sdk/src/rp2_common/hardware_clocks/clocks.c.obj
 .bss.default_alarm_pool_entry_ids_high
                0x00000000200004bc       0x10 CMakeFiles/EENLD.dir/home/light/pico/pico-sdk/src/common/pico_time/time.c.obj
 .bss.default_alarm_pool_heap_nodes
                0x00000000200004cc       0x30 CMakeFiles/EENLD.dir/home/light/pico/pico-sdk/src/common/pico_time/time.c.obj
 .bss.drivers   0x00000000200004fc        0x4 CMakeFiles/EENLD.dir/home/light/pico/pico-sdk/src/rp2_common/pico_stdio/stdio.c.obj
 .bss.filter    0x0000000020000500        0x4 CMakeFiles/EENLD.dir/home/light/pico/pico-sdk/src/rp2_common/pico_stdio/stdio.c.obj
 .bss.intensities
                0x0000000020000504       0x10 CMakeFiles/EENLD.dir/main.c.obj
                0x0000000020000504                intensities
 .bss.intensity_mutex
                0x0000000020000514        0x8 CMakeFiles/EENLD.dir/main.c.obj
 .bss.pools     0x000000002000051c       0x10 CMakeFiles/EENLD.dir/home/light/pico/pico-sdk/src/common/pico_time/time.c.obj
 .bss.sd_table  0x000000002000052c      0x100 CMakeFiles/EENLD.dir/home/light/pico/pico-sdk/src/rp2_common/pico_double/double_init_rom.c.obj
                0x000000002000052c                sd_table
 .bss.sf_clz_func
                0x000000002000062c        0x4 CMakeFiles/EENLD.dir/home/light/pico/pico-sdk/src/rp2_common/pico_double/double_init_rom.c.obj
                0x000000002000062c                sf_clz_func
 .bss.sf_table  0x0000000020000630      0x100 CMakeFiles/EENLD.dir/home/light/pico/pico-sdk/src/rp2_common/pico_float/float_init_rom.c.obj
                0x0000000020000630                sf_table
 .bss.sleep_notifier
                0x0000000020000730        0x4 CMakeFiles/EENLD.dir/home/light/pico/pico-sdk/src/common/pico_time/time.c.obj
 .bss.target_hi
                0x0000000020000734       0x10 CMakeFiles/EENLD.dir/home/light/pico/pico-sdk/src/rp2_common/hardware_timer/timer.c.obj
 .bss.uart_char_to_line_feed
                0x0000000020000744        0x4 CMakeFiles/EENLD.dir/home/light/pico/pico-sdk/src/rp2_common/hardware_uart/uart.c.obj
                0x0000000020000744                uart_char_to_line_feed
 .bss.uart_instance
                0x0000000020000748        0x4 CMakeFiles/EENLD.dir/home/light/pico/pico-sdk/src/rp2_common/pico_stdio_uart/stdio_uart.c.obj
 .bss.claimed   0x000000002000074c        0x1 CMakeFiles/EENLD.dir/home/light/pico/pico-sdk/src/rp2_common/hardware_timer/timer.c.obj
 .bss.irq_hander_chain_free_slot_head
                0x000000002000074d        0x1 CMakeFiles/EENLD.dir/home/light/pico/pico-sdk/src/rp2_common/hardware_irq/irq.c.obj
 .bss.timer_callbacks_pending
                0x000000002000074e        0x1 CMakeFiles/EENLD.dir/home/light/pico/pico-sdk/src/rp2_common/hardware_timer/timer.c.obj
 *(COMMON)
                0x0000000020000750                . = ALIGN (0x4)
 *fill*         0x000000002000074f        0x1 
                0x0000000020000750                __bss_end__ = .

.heap           0x0000000020000750      0x800
                0x0000000020000750                __end__ = .
                0x0000000020000750                end = __end__
 *(.heap*)
 .heap          0x0000000020000750      0x800 CMakeFiles/EENLD.dir/home/light/pico/pico-sdk/src/rp2_common/pico_standard_link/crt0.S.obj
                0x0000000020000f50                __HeapLimit = .

.stack1_dummy   0x0000000020040000      0x800
 *(.stack1*)
 .stack1        0x0000000020040000      0x800 CMakeFiles/EENLD.dir/home/light/pico/pico-sdk/src/rp2_common/pico_multicore/multicore.c.obj

.stack_dummy    0x0000000020041000      0x800
 *(.stack*)
 .stack         0x0000000020041000      0x800 CMakeFiles/EENLD.dir/home/light/pico/pico-sdk/src/rp2_common/pico_standard_link/crt0.S.obj

.flash_end      0x0000000010006464        0x0
                0x0000000010006464                PROVIDE (__flash_binary_end = .)
                0x0000000020040000                __StackLimit = (ORIGIN (RAM) + LENGTH (RAM))
                0x0000000020041000                __StackOneTop = (ORIGIN (SCRATCH_X) + LENGTH (SCRATCH_X))
                0x0000000020042000                __StackTop = (ORIGIN (SCRATCH_Y) + LENGTH (SCRATCH_Y))
                0x0000000020040800                __StackOneBottom = (__StackOneTop - SIZEOF (.stack1_dummy))
                0x0000000020041800                __StackBottom = (__StackTop - SIZEOF (.stack_dummy))
                0x0000000020042000                PROVIDE (__stack = __StackTop)
                0x0000000000000001                ASSERT ((__StackLimit >= __HeapLimit), region RAM overflowed)
                0x0000000000000001                ASSERT (((__binary_info_header_end - __logical_binary_start) <= 0x100), Binary info must be in first 256 bytes of the binary)
LOAD CMakeFiles/EENLD.dir/main.c.obj
LOAD CMakeFiles/EENLD.dir/home/light/pico/pico-sdk/src/rp2_common/hardware_adc/adc.c.obj
LOAD CMakeFiles/EENLD.dir/home/light/pico/pico-sdk/src/rp2_common/pico_platform/platform.c.obj
LOAD CMakeFiles/EENLD.dir/home/light/pico/pico-sdk/src/rp2_common/hardware_claim/claim.c.obj
LOAD CMakeFiles/EENLD.dir/home/light/pico/pico-sdk/src/rp2_common/hardware_sync/sync.c.obj
LOAD CMakeFiles/EENLD.dir/home/light/pico/pico-sdk/src/rp2_common/hardware_gpio/gpio.c.obj
LOAD CMakeFiles/EENLD.dir/home/light/pico/pico-sdk/src/rp2_common/hardware_irq/irq.c.obj
LOAD CMakeFiles/EENLD.dir/home/light/pico/pico-sdk/src/rp2_common/hardware_irq/irq_handler_chain.S.obj
LOAD CMakeFiles/EENLD.dir/home/light/pico/pico-sdk/src/common/pico_sync/sem.c.obj
LOAD CMakeFiles/EENLD.dir/home/light/pico/pico-sdk/src/common/pico_sync/lock_core.c.obj
LOAD CMakeFiles/EENLD.dir/home/light/pico/pico-sdk/src/common/pico_sync/mutex.c.obj
LOAD CMakeFiles/EENLD.dir/home/light/pico/pico-sdk/src/common/pico_sync/critical_section.c.obj
LOAD CMakeFiles/EENLD.dir/home/light/pico/pico-sdk/src/common/pico_time/time.c.obj
LOAD CMakeFiles/EENLD.dir/home/light/pico/pico-sdk/src/common/pico_time/timeout_helper.c.obj
LOAD CMakeFiles/EENLD.dir/home/light/pico/pico-sdk/src/rp2_common/hardware_timer/timer.c.obj
LOAD CMakeFiles/EENLD.dir/home/light/pico/pico-sdk/src/common/pico_util/datetime.c.obj
LOAD CMakeFiles/EENLD.dir/home/light/pico/pico-sdk/src/common/pico_util/pheap.c.obj
LOAD CMakeFiles/EENLD.dir/home/light/pico/pico-sdk/src/common/pico_util/queue.c.obj
LOAD CMakeFiles/EENLD.dir/home/light/pico/pico-sdk/src/rp2_common/hardware_spi/spi.c.obj
LOAD CMakeFiles/EENLD.dir/home/light/pico/pico-sdk/src/rp2_common/hardware_clocks/clocks.c.obj
LOAD CMakeFiles/EENLD.dir/home/light/pico/pico-sdk/src/rp2_common/hardware_pll/pll.c.obj
LOAD CMakeFiles/EENLD.dir/home/light/pico/pico-sdk/src/rp2_common/hardware_vreg/vreg.c.obj
LOAD CMakeFiles/EENLD.dir/home/light/pico/pico-sdk/src/rp2_common/hardware_watchdog/watchdog.c.obj
LOAD CMakeFiles/EENLD.dir/home/light/pico/pico-sdk/src/rp2_common/hardware_xosc/xosc.c.obj
LOAD CMakeFiles/EENLD.dir/home/light/pico/pico-sdk/src/rp2_common/pico_multicore/multicore.c.obj
LOAD CMakeFiles/EENLD.dir/home/light/pico/pico-sdk/src/rp2_common/pico_stdlib/stdlib.c.obj
LOAD CMakeFiles/EENLD.dir/home/light/pico/pico-sdk/src/rp2_common/hardware_uart/uart.c.obj
LOAD CMakeFiles/EENLD.dir/home/light/pico/pico-sdk/src/rp2_common/hardware_divider/divider.S.obj
LOAD CMakeFiles/EENLD.dir/home/light/pico/pico-sdk/src/rp2_common/pico_runtime/runtime.c.obj
LOAD CMakeFiles/EENLD.dir/home/light/pico/pico-sdk/src/rp2_common/pico_printf/printf.c.obj
LOAD CMakeFiles/EENLD.dir/home/light/pico/pico-sdk/src/rp2_common/pico_bit_ops/bit_ops_aeabi.S.obj
LOAD CMakeFiles/EENLD.dir/home/light/pico/pico-sdk/src/rp2_common/pico_bootrom/bootrom.c.obj
LOAD CMakeFiles/EENLD.dir/home/light/pico/pico-sdk/src/rp2_common/pico_divider/divider.S.obj
LOAD CMakeFiles/EENLD.dir/home/light/pico/pico-sdk/src/rp2_common/pico_double/double_aeabi.S.obj
LOAD CMakeFiles/EENLD.dir/home/light/pico/pico-sdk/src/rp2_common/pico_double/double_init_rom.c.obj
LOAD CMakeFiles/EENLD.dir/home/light/pico/pico-sdk/src/rp2_common/pico_double/double_math.c.obj
LOAD CMakeFiles/EENLD.dir/home/light/pico/pico-sdk/src/rp2_common/pico_double/double_v1_rom_shim.S.obj
LOAD CMakeFiles/EENLD.dir/home/light/pico/pico-sdk/src/rp2_common/pico_int64_ops/pico_int64_ops_aeabi.S.obj
LOAD CMakeFiles/EENLD.dir/home/light/pico/pico-sdk/src/rp2_common/pico_float/float_aeabi.S.obj
LOAD CMakeFiles/EENLD.dir/home/light/pico/pico-sdk/src/rp2_common/pico_float/float_init_rom.c.obj
LOAD CMakeFiles/EENLD.dir/home/light/pico/pico-sdk/src/rp2_common/pico_float/float_math.c.obj
LOAD CMakeFiles/EENLD.dir/home/light/pico/pico-sdk/src/rp2_common/pico_float/float_v1_rom_shim.S.obj
LOAD CMakeFiles/EENLD.dir/home/light/pico/pico-sdk/src/rp2_common/pico_malloc/pico_malloc.c.obj
LOAD CMakeFiles/EENLD.dir/home/light/pico/pico-sdk/src/rp2_common/pico_mem_ops/mem_ops_aeabi.S.obj
LOAD CMakeFiles/EENLD.dir/home/light/pico/pico-sdk/src/rp2_common/pico_standard_link/crt0.S.obj
LOAD CMakeFiles/EENLD.dir/home/light/pico/pico-sdk/src/rp2_common/pico_standard_link/new_delete.cpp.obj
LOAD CMakeFiles/EENLD.dir/home/light/pico/pico-sdk/src/rp2_common/pico_standard_link/binary_info.c.obj
LOAD CMakeFiles/EENLD.dir/home/light/pico/pico-sdk/src/rp2_common/pico_stdio/stdio.c.obj
LOAD CMakeFiles/EENLD.dir/home/light/pico/pico-sdk/src/rp2_common/pico_stdio_uart/stdio_uart.c.obj
LOAD /tmp/ccA5drwm.o
LOAD /usr/lib/gcc/arm-none-eabi/10.3.1/../../../arm-none-eabi/lib/thumb/v6-m/nofp/libstdc++.a
LOAD /usr/lib/gcc/arm-none-eabi/10.3.1/../../../arm-none-eabi/lib/thumb/v6-m/nofp/libm.a
START GROUP
LOAD /usr/lib/gcc/arm-none-eabi/10.3.1/thumb/v6-m/nofp/libgcc.a
LOAD /usr/lib/gcc/arm-none-eabi/10.3.1/../../../arm-none-eabi/lib/thumb/v6-m/nofp/libg.a
LOAD /usr/lib/gcc/arm-none-eabi/10.3.1/../../../arm-none-eabi/lib/thumb/v6-m/nofp/libc.a
END GROUP
START GROUP
LOAD /usr/lib/gcc/arm-none-eabi/10.3.1/thumb/v6-m/nofp/libgcc.a
LOAD /usr/lib/gcc/arm-none-eabi/10.3.1/../../../arm-none-eabi/lib/thumb/v6-m/nofp/libc.a
LOAD /usr/lib/gcc/arm-none-eabi/10.3.1/../../../arm-none-eabi/lib/thumb/v6-m/nofp/libnosys.a
END GROUP
LOAD /usr/lib/gcc/arm-none-eabi/10.3.1/thumb/v6-m/nofp/crtend.o
LOAD /usr/lib/gcc/arm-none-eabi/10.3.1/thumb/v6-m/nofp/crtn.o
OUTPUT(EENLD.elf elf32-littlearm)
LOAD linker stubs

.ARM.attributes
                0x0000000000000000       0x28
 .ARM.attributes
                0x0000000000000000       0x1e /usr/lib/gcc/arm-none-eabi/10.3.1/thumb/v6-m/nofp/crti.o
 .ARM.attributes
                0x000000000000001e       0x2c /usr/lib/gcc/arm-none-eabi/10.3.1/thumb/v6-m/nofp/crtbegin.o
 .ARM.attributes
                0x000000000000004a       0x2c CMakeFiles/EENLD.dir/main.c.obj
 .ARM.attributes
                0x0000000000000076       0x2c CMakeFiles/EENLD.dir/home/light/pico/pico-sdk/src/rp2_common/hardware_adc/adc.c.obj
 .ARM.attributes
                0x00000000000000a2       0x2c CMakeFiles/EENLD.dir/home/light/pico/pico-sdk/src/rp2_common/pico_platform/platform.c.obj
 .ARM.attributes
                0x00000000000000ce       0x2c CMakeFiles/EENLD.dir/home/light/pico/pico-sdk/src/rp2_common/hardware_claim/claim.c.obj
 .ARM.attributes
                0x00000000000000fa       0x2c CMakeFiles/EENLD.dir/home/light/pico/pico-sdk/src/rp2_common/hardware_sync/sync.c.obj
 .ARM.attributes
                0x0000000000000126       0x2c CMakeFiles/EENLD.dir/home/light/pico/pico-sdk/src/rp2_common/hardware_gpio/gpio.c.obj
 .ARM.attributes
                0x0000000000000152       0x2c CMakeFiles/EENLD.dir/home/light/pico/pico-sdk/src/rp2_common/hardware_irq/irq.c.obj
 .ARM.attributes
                0x000000000000017e       0x22 CMakeFiles/EENLD.dir/home/light/pico/pico-sdk/src/rp2_common/hardware_irq/irq_handler_chain.S.obj
 .ARM.attributes
                0x00000000000001a0       0x2c CMakeFiles/EENLD.dir/home/light/pico/pico-sdk/src/common/pico_sync/lock_core.c.obj
 .ARM.attributes
                0x00000000000001cc       0x2c CMakeFiles/EENLD.dir/home/light/pico/pico-sdk/src/common/pico_sync/mutex.c.obj
 .ARM.attributes
                0x00000000000001f8       0x2c CMakeFiles/EENLD.dir/home/light/pico/pico-sdk/src/common/pico_time/time.c.obj
 .ARM.attributes
                0x0000000000000224       0x2c CMakeFiles/EENLD.dir/home/light/pico/pico-sdk/src/rp2_common/hardware_timer/timer.c.obj
 .ARM.attributes
                0x0000000000000250       0x2c CMakeFiles/EENLD.dir/home/light/pico/pico-sdk/src/common/pico_util/pheap.c.obj
 .ARM.attributes
                0x000000000000027c       0x2c CMakeFiles/EENLD.dir/home/light/pico/pico-sdk/src/rp2_common/hardware_spi/spi.c.obj
 .ARM.attributes
                0x00000000000002a8       0x2c CMakeFiles/EENLD.dir/home/light/pico/pico-sdk/src/rp2_common/hardware_clocks/clocks.c.obj
 .ARM.attributes
                0x00000000000002d4       0x2c CMakeFiles/EENLD.dir/home/light/pico/pico-sdk/src/rp2_common/hardware_pll/pll.c.obj
 .ARM.attributes
                0x0000000000000300       0x2c CMakeFiles/EENLD.dir/home/light/pico/pico-sdk/src/rp2_common/hardware_watchdog/watchdog.c.obj
 .ARM.attributes
                0x000000000000032c       0x2c CMakeFiles/EENLD.dir/home/light/pico/pico-sdk/src/rp2_common/hardware_xosc/xosc.c.obj
 .ARM.attributes
                0x0000000000000358       0x2c CMakeFiles/EENLD.dir/home/light/pico/pico-sdk/src/rp2_common/pico_multicore/multicore.c.obj
 .ARM.attributes
                0x0000000000000384       0x2c CMakeFiles/EENLD.dir/home/light/pico/pico-sdk/src/rp2_common/hardware_uart/uart.c.obj
 .ARM.attributes
                0x00000000000003b0       0x2c CMakeFiles/EENLD.dir/home/light/pico/pico-sdk/src/rp2_common/pico_runtime/runtime.c.obj
 .ARM.attributes
                0x00000000000003dc       0x2c CMakeFiles/EENLD.dir/home/light/pico/pico-sdk/src/rp2_common/pico_printf/printf.c.obj
 .ARM.attributes
                0x0000000000000408       0x22 CMakeFiles/EENLD.dir/home/light/pico/pico-sdk/src/rp2_common/pico_bit_ops/bit_ops_aeabi.S.obj
 .ARM.attributes
                0x000000000000042a       0x2c CMakeFiles/EENLD.dir/home/light/pico/pico-sdk/src/rp2_common/pico_bootrom/bootrom.c.obj
 .ARM.attributes
                0x0000000000000456       0x22 CMakeFiles/EENLD.dir/home/light/pico/pico-sdk/src/rp2_common/pico_divider/divider.S.obj
 .ARM.attributes
                0x0000000000000478       0x22 CMakeFiles/EENLD.dir/home/light/pico/pico-sdk/src/rp2_common/pico_double/double_aeabi.S.obj
 .ARM.attributes
                0x000000000000049a       0x2c CMakeFiles/EENLD.dir/home/light/pico/pico-sdk/src/rp2_common/pico_double/double_init_rom.c.obj
 .ARM.attributes
                0x00000000000004c6       0x22 CMakeFiles/EENLD.dir/home/light/pico/pico-sdk/src/rp2_common/pico_double/double_v1_rom_shim.S.obj
 .ARM.attributes
                0x00000000000004e8       0x22 CMakeFiles/EENLD.dir/home/light/pico/pico-sdk/src/rp2_common/pico_int64_ops/pico_int64_ops_aeabi.S.obj
 .ARM.attributes
                0x000000000000050a       0x22 CMakeFiles/EENLD.dir/home/light/pico/pico-sdk/src/rp2_common/pico_float/float_aeabi.S.obj
 .ARM.attributes
                0x000000000000052c       0x2c CMakeFiles/EENLD.dir/home/light/pico/pico-sdk/src/rp2_common/pico_float/float_init_rom.c.obj
 .ARM.attributes
                0x0000000000000558       0x22 CMakeFiles/EENLD.dir/home/light/pico/pico-sdk/src/rp2_common/pico_float/float_v1_rom_shim.S.obj
 .ARM.attributes
                0x000000000000057a       0x2c CMakeFiles/EENLD.dir/home/light/pico/pico-sdk/src/rp2_common/pico_malloc/pico_malloc.c.obj
 .ARM.attributes
                0x00000000000005a6       0x22 CMakeFiles/EENLD.dir/home/light/pico/pico-sdk/src/rp2_common/pico_mem_ops/mem_ops_aeabi.S.obj
 .ARM.attributes
                0x00000000000005c8       0x22 CMakeFiles/EENLD.dir/home/light/pico/pico-sdk/src/rp2_common/pico_standard_link/crt0.S.obj
 .ARM.attributes
                0x00000000000005ea       0x32 CMakeFiles/EENLD.dir/home/light/pico/pico-sdk/src/rp2_common/pico_standard_link/binary_info.c.obj
 .ARM.attributes
                0x000000000000061c       0x2c CMakeFiles/EENLD.dir/home/light/pico/pico-sdk/src/rp2_common/pico_stdio/stdio.c.obj
 .ARM.attributes
                0x0000000000000648       0x2c CMakeFiles/EENLD.dir/home/light/pico/pico-sdk/src/rp2_common/pico_stdio_uart/stdio_uart.c.obj
 .ARM.attributes
                0x0000000000000674       0x22 /tmp/ccA5drwm.o
 .ARM.attributes
                0x0000000000000696       0x1e /usr/lib/gcc/arm-none-eabi/10.3.1/thumb/v6-m/nofp/libgcc.a(_dvmd_tls.o)
 .ARM.attributes
                0x00000000000006b4       0x2c /usr/lib/gcc/arm-none-eabi/10.3.1/../../../arm-none-eabi/lib/thumb/v6-m/nofp/libg.a(lib_a-strlen-stub.o)
 .ARM.attributes
                0x00000000000006e0       0x2c /usr/lib/gcc/arm-none-eabi/10.3.1/thumb/v6-m/nofp/crtend.o

.comment        0x0000000000000000       0x33
 .comment       0x0000000000000000       0x33 /usr/lib/gcc/arm-none-eabi/10.3.1/thumb/v6-m/nofp/crtbegin.o
                                         0x34 (size before relaxing)
 .comment       0x0000000000000033       0x34 CMakeFiles/EENLD.dir/main.c.obj
 .comment       0x0000000000000033       0x34 CMakeFiles/EENLD.dir/home/light/pico/pico-sdk/src/rp2_common/hardware_adc/adc.c.obj
 .comment       0x0000000000000033       0x34 CMakeFiles/EENLD.dir/home/light/pico/pico-sdk/src/rp2_common/pico_platform/platform.c.obj
 .comment       0x0000000000000033       0x34 CMakeFiles/EENLD.dir/home/light/pico/pico-sdk/src/rp2_common/hardware_claim/claim.c.obj
 .comment       0x0000000000000033       0x34 CMakeFiles/EENLD.dir/home/light/pico/pico-sdk/src/rp2_common/hardware_sync/sync.c.obj
 .comment       0x0000000000000033       0x34 CMakeFiles/EENLD.dir/home/light/pico/pico-sdk/src/rp2_common/hardware_gpio/gpio.c.obj
 .comment       0x0000000000000033       0x34 CMakeFiles/EENLD.dir/home/light/pico/pico-sdk/src/rp2_common/hardware_irq/irq.c.obj
 .comment       0x0000000000000033       0x34 CMakeFiles/EENLD.dir/home/light/pico/pico-sdk/src/common/pico_sync/lock_core.c.obj
 .comment       0x0000000000000033       0x34 CMakeFiles/EENLD.dir/home/light/pico/pico-sdk/src/common/pico_sync/mutex.c.obj
 .comment       0x0000000000000033       0x34 CMakeFiles/EENLD.dir/home/light/pico/pico-sdk/src/common/pico_time/time.c.obj
 .comment       0x0000000000000033       0x34 CMakeFiles/EENLD.dir/home/light/pico/pico-sdk/src/rp2_common/hardware_timer/timer.c.obj
 .comment       0x0000000000000033       0x34 CMakeFiles/EENLD.dir/home/light/pico/pico-sdk/src/common/pico_util/pheap.c.obj
 .comment       0x0000000000000033       0x34 CMakeFiles/EENLD.dir/home/light/pico/pico-sdk/src/rp2_common/hardware_spi/spi.c.obj
 .comment       0x0000000000000033       0x34 CMakeFiles/EENLD.dir/home/light/pico/pico-sdk/src/rp2_common/hardware_clocks/clocks.c.obj
 .comment       0x0000000000000033       0x34 CMakeFiles/EENLD.dir/home/light/pico/pico-sdk/src/rp2_common/hardware_pll/pll.c.obj
 .comment       0x0000000000000033       0x34 CMakeFiles/EENLD.dir/home/light/pico/pico-sdk/src/rp2_common/hardware_watchdog/watchdog.c.obj
 .comment       0x0000000000000033       0x34 CMakeFiles/EENLD.dir/home/light/pico/pico-sdk/src/rp2_common/hardware_xosc/xosc.c.obj
 .comment       0x0000000000000033       0x34 CMakeFiles/EENLD.dir/home/light/pico/pico-sdk/src/rp2_common/pico_multicore/multicore.c.obj
 .comment       0x0000000000000033       0x34 CMakeFiles/EENLD.dir/home/light/pico/pico-sdk/src/rp2_common/hardware_uart/uart.c.obj
 .comment       0x0000000000000033       0x34 CMakeFiles/EENLD.dir/home/light/pico/pico-sdk/src/rp2_common/pico_runtime/runtime.c.obj
 .comment       0x0000000000000033       0x34 CMakeFiles/EENLD.dir/home/light/pico/pico-sdk/src/rp2_common/pico_printf/printf.c.obj
 .comment       0x0000000000000033       0x34 CMakeFiles/EENLD.dir/home/light/pico/pico-sdk/src/rp2_common/pico_bootrom/bootrom.c.obj
 .comment       0x0000000000000033       0x34 CMakeFiles/EENLD.dir/home/light/pico/pico-sdk/src/rp2_common/pico_double/double_init_rom.c.obj
 .comment       0x0000000000000033       0x34 CMakeFiles/EENLD.dir/home/light/pico/pico-sdk/src/rp2_common/pico_float/float_init_rom.c.obj
 .comment       0x0000000000000033       0x34 CMakeFiles/EENLD.dir/home/light/pico/pico-sdk/src/rp2_common/pico_malloc/pico_malloc.c.obj
 .comment       0x0000000000000033       0x34 CMakeFiles/EENLD.dir/home/light/pico/pico-sdk/src/rp2_common/pico_standard_link/binary_info.c.obj
 .comment       0x0000000000000033       0x34 CMakeFiles/EENLD.dir/home/light/pico/pico-sdk/src/rp2_common/pico_stdio/stdio.c.obj
 .comment       0x0000000000000033       0x34 CMakeFiles/EENLD.dir/home/light/pico/pico-sdk/src/rp2_common/pico_stdio_uart/stdio_uart.c.obj
 .comment       0x0000000000000033       0x34 /usr/lib/gcc/arm-none-eabi/10.3.1/../../../arm-none-eabi/lib/thumb/v6-m/nofp/libg.a(lib_a-strlen-stub.o)
 .comment       0x0000000000000033       0x34 /usr/lib/gcc/arm-none-eabi/10.3.1/thumb/v6-m/nofp/crtend.o

.debug_info     0x0000000000000000    0x1a90a
 .debug_info    0x0000000000000000     0x1fc0 CMakeFiles/EENLD.dir/main.c.obj
 .debug_info    0x0000000000001fc0      0x2c1 CMakeFiles/EENLD.dir/home/light/pico/pico-sdk/src/rp2_common/hardware_adc/adc.c.obj
 .debug_info    0x0000000000002281      0x1cb CMakeFiles/EENLD.dir/home/light/pico/pico-sdk/src/rp2_common/pico_platform/platform.c.obj
 .debug_info    0x000000000000244c      0x6a6 CMakeFiles/EENLD.dir/home/light/pico/pico-sdk/src/rp2_common/hardware_claim/claim.c.obj
 .debug_info    0x0000000000002af2      0x576 CMakeFiles/EENLD.dir/home/light/pico/pico-sdk/src/rp2_common/hardware_sync/sync.c.obj
 .debug_info    0x0000000000003068     0x185a CMakeFiles/EENLD.dir/home/light/pico/pico-sdk/src/rp2_common/hardware_gpio/gpio.c.obj
 .debug_info    0x00000000000048c2     0x1c56 CMakeFiles/EENLD.dir/home/light/pico/pico-sdk/src/rp2_common/hardware_irq/irq.c.obj
 .debug_info    0x0000000000006518      0x198 CMakeFiles/EENLD.dir/home/light/pico/pico-sdk/src/common/pico_sync/lock_core.c.obj
 .debug_info    0x00000000000066b0     0x2099 CMakeFiles/EENLD.dir/home/light/pico/pico-sdk/src/common/pico_sync/mutex.c.obj
 .debug_info    0x0000000000008749     0x402c CMakeFiles/EENLD.dir/home/light/pico/pico-sdk/src/common/pico_time/time.c.obj
 .debug_info    0x000000000000c775     0x13b4 CMakeFiles/EENLD.dir/home/light/pico/pico-sdk/src/rp2_common/hardware_timer/timer.c.obj
 .debug_info    0x000000000000db29     0x123b CMakeFiles/EENLD.dir/home/light/pico/pico-sdk/src/common/pico_util/pheap.c.obj
 .debug_info    0x000000000000ed64     0x1189 CMakeFiles/EENLD.dir/home/light/pico/pico-sdk/src/rp2_common/hardware_spi/spi.c.obj
 .debug_info    0x000000000000feed      0xf9f CMakeFiles/EENLD.dir/home/light/pico/pico-sdk/src/rp2_common/hardware_clocks/clocks.c.obj
 .debug_info    0x0000000000010e8c      0x503 CMakeFiles/EENLD.dir/home/light/pico/pico-sdk/src/rp2_common/hardware_pll/pll.c.obj
 .debug_info    0x000000000001138f      0x4ee CMakeFiles/EENLD.dir/home/light/pico/pico-sdk/src/rp2_common/hardware_watchdog/watchdog.c.obj
 .debug_info    0x000000000001187d      0x1c0 CMakeFiles/EENLD.dir/home/light/pico/pico-sdk/src/rp2_common/hardware_xosc/xosc.c.obj
 .debug_info    0x0000000000011a3d     0x1cdc CMakeFiles/EENLD.dir/home/light/pico/pico-sdk/src/rp2_common/pico_multicore/multicore.c.obj
 .debug_info    0x0000000000013719      0xdba CMakeFiles/EENLD.dir/home/light/pico/pico-sdk/src/rp2_common/hardware_uart/uart.c.obj
 .debug_info    0x00000000000144d3     0x1053 CMakeFiles/EENLD.dir/home/light/pico/pico-sdk/src/rp2_common/pico_runtime/runtime.c.obj
 .debug_info    0x0000000000015526     0x1a47 CMakeFiles/EENLD.dir/home/light/pico/pico-sdk/src/rp2_common/pico_printf/printf.c.obj
 .debug_info    0x0000000000016f6d       0x22 CMakeFiles/EENLD.dir/home/light/pico/pico-sdk/src/rp2_common/pico_bit_ops/bit_ops_aeabi.S.obj
 .debug_info    0x0000000000016f8f      0x258 CMakeFiles/EENLD.dir/home/light/pico/pico-sdk/src/rp2_common/pico_bootrom/bootrom.c.obj
 .debug_info    0x00000000000171e7       0x22 CMakeFiles/EENLD.dir/home/light/pico/pico-sdk/src/rp2_common/pico_divider/divider.S.obj
 .debug_info    0x0000000000017209       0x22 CMakeFiles/EENLD.dir/home/light/pico/pico-sdk/src/rp2_common/pico_double/double_aeabi.S.obj
 .debug_info    0x000000000001722b      0x2a1 CMakeFiles/EENLD.dir/home/light/pico/pico-sdk/src/rp2_common/pico_double/double_init_rom.c.obj
 .debug_info    0x00000000000174cc       0x22 CMakeFiles/EENLD.dir/home/light/pico/pico-sdk/src/rp2_common/pico_double/double_v1_rom_shim.S.obj
 .debug_info    0x00000000000174ee       0x26 CMakeFiles/EENLD.dir/home/light/pico/pico-sdk/src/rp2_common/pico_int64_ops/pico_int64_ops_aeabi.S.obj
 .debug_info    0x0000000000017514       0x22 CMakeFiles/EENLD.dir/home/light/pico/pico-sdk/src/rp2_common/pico_float/float_aeabi.S.obj
 .debug_info    0x0000000000017536      0x2bb CMakeFiles/EENLD.dir/home/light/pico/pico-sdk/src/rp2_common/pico_float/float_init_rom.c.obj
 .debug_info    0x00000000000177f1       0x22 CMakeFiles/EENLD.dir/home/light/pico/pico-sdk/src/rp2_common/pico_float/float_v1_rom_shim.S.obj
 .debug_info    0x0000000000017813      0x48e CMakeFiles/EENLD.dir/home/light/pico/pico-sdk/src/rp2_common/pico_malloc/pico_malloc.c.obj
 .debug_info    0x0000000000017ca1       0x22 CMakeFiles/EENLD.dir/home/light/pico/pico-sdk/src/rp2_common/pico_mem_ops/mem_ops_aeabi.S.obj