Archive member included to satisfy reference by file (symbol)

/usr/lib/gcc/arm-none-eabi/10.3.1/thumb/v6-m/nofp/libgcc.a(_dvmd_tls.o)
                              CMakeFiles/EENLD.dir/home/light/pico/pico-sdk/src/rp2_common/pico_divider/divider.S.obj (__aeabi_idiv0)
/usr/lib/gcc/arm-none-eabi/10.3.1/../../../arm-none-eabi/lib/thumb/v6-m/nofp/libg.a(lib_a-atexit.o)
                              /usr/lib/gcc/arm-none-eabi/10.3.1/../../../arm-none-eabi/lib/thumb/v6-m/nofp/crt0.o (atexit)
/usr/lib/gcc/arm-none-eabi/10.3.1/../../../arm-none-eabi/lib/thumb/v6-m/nofp/libg.a(lib_a-calloc.o)
                              CMakeFiles/EENLD.dir/home/light/pico/pico-sdk/src/rp2_common/pico_malloc/pico_malloc.c.obj (calloc)
/usr/lib/gcc/arm-none-eabi/10.3.1/../../../arm-none-eabi/lib/thumb/v6-m/nofp/libg.a(lib_a-callocr.o)
                              /usr/lib/gcc/arm-none-eabi/10.3.1/../../../arm-none-eabi/lib/thumb/v6-m/nofp/libg.a(lib_a-calloc.o) (_calloc_r)
/usr/lib/gcc/arm-none-eabi/10.3.1/../../../arm-none-eabi/lib/thumb/v6-m/nofp/libg.a(lib_a-fini.o)
                              /usr/lib/gcc/arm-none-eabi/10.3.1/../../../arm-none-eabi/lib/thumb/v6-m/nofp/crt0.o (__libc_fini_array)
/usr/lib/gcc/arm-none-eabi/10.3.1/../../../arm-none-eabi/lib/thumb/v6-m/nofp/libg.a(lib_a-impure.o)
                              /usr/lib/gcc/arm-none-eabi/10.3.1/../../../arm-none-eabi/lib/thumb/v6-m/nofp/libg.a(lib_a-calloc.o) (_impure_ptr)
/usr/lib/gcc/arm-none-eabi/10.3.1/../../../arm-none-eabi/lib/thumb/v6-m/nofp/libg.a(lib_a-init.o)
                              /usr/lib/gcc/arm-none-eabi/10.3.1/../../../arm-none-eabi/lib/thumb/v6-m/nofp/crt0.o (__libc_init_array)
/usr/lib/gcc/arm-none-eabi/10.3.1/../../../arm-none-eabi/lib/thumb/v6-m/nofp/libg.a(lib_a-malloc.o)
                              CMakeFiles/EENLD.dir/home/light/pico/pico-sdk/src/rp2_common/pico_malloc/pico_malloc.c.obj (malloc)
/usr/lib/gcc/arm-none-eabi/10.3.1/../../../arm-none-eabi/lib/thumb/v6-m/nofp/libg.a(lib_a-mallocr.o)
                              /usr/lib/gcc/arm-none-eabi/10.3.1/../../../arm-none-eabi/lib/thumb/v6-m/nofp/libg.a(lib_a-callocr.o) (_malloc_r)
/usr/lib/gcc/arm-none-eabi/10.3.1/../../../arm-none-eabi/lib/thumb/v6-m/nofp/libg.a(lib_a-mlock.o)
                              /usr/lib/gcc/arm-none-eabi/10.3.1/../../../arm-none-eabi/lib/thumb/v6-m/nofp/libg.a(lib_a-mallocr.o) (__malloc_lock)
/usr/lib/gcc/arm-none-eabi/10.3.1/../../../arm-none-eabi/lib/thumb/v6-m/nofp/libg.a(lib_a-realloc.o)
                              CMakeFiles/EENLD.dir/home/light/pico/pico-sdk/src/rp2_common/pico_malloc/pico_malloc.c.obj (realloc)
/usr/lib/gcc/arm-none-eabi/10.3.1/../../../arm-none-eabi/lib/thumb/v6-m/nofp/libg.a(lib_a-reallocr.o)
                              /usr/lib/gcc/arm-none-eabi/10.3.1/../../../arm-none-eabi/lib/thumb/v6-m/nofp/libg.a(lib_a-realloc.o) (_realloc_r)
/usr/lib/gcc/arm-none-eabi/10.3.1/../../../arm-none-eabi/lib/thumb/v6-m/nofp/libg.a(lib_a-sbrkr.o)
                              /usr/lib/gcc/arm-none-eabi/10.3.1/../../../arm-none-eabi/lib/thumb/v6-m/nofp/libg.a(lib_a-mallocr.o) (_sbrk_r)
/usr/lib/gcc/arm-none-eabi/10.3.1/../../../arm-none-eabi/lib/thumb/v6-m/nofp/libg.a(lib_a-strlen-stub.o)
                              CMakeFiles/EENLD.dir/home/light/pico/pico-sdk/src/rp2_common/pico_stdio/stdio.c.obj (strlen)
/usr/lib/gcc/arm-none-eabi/10.3.1/../../../arm-none-eabi/lib/thumb/v6-m/nofp/libg.a(lib_a-__atexit.o)
                              /usr/lib/gcc/arm-none-eabi/10.3.1/../../../arm-none-eabi/lib/thumb/v6-m/nofp/libg.a(lib_a-atexit.o) (__register_exitproc)
/usr/lib/gcc/arm-none-eabi/10.3.1/../../../arm-none-eabi/lib/thumb/v6-m/nofp/libg.a(lib_a-freer.o)
                              /usr/lib/gcc/arm-none-eabi/10.3.1/../../../arm-none-eabi/lib/thumb/v6-m/nofp/libg.a(lib_a-malloc.o) (_free_r)
/usr/lib/gcc/arm-none-eabi/10.3.1/../../../arm-none-eabi/lib/thumb/v6-m/nofp/libg.a(lib_a-memmove.o)
                              /usr/lib/gcc/arm-none-eabi/10.3.1/../../../arm-none-eabi/lib/thumb/v6-m/nofp/libg.a(lib_a-reallocr.o) (memmove)
/usr/lib/gcc/arm-none-eabi/10.3.1/../../../arm-none-eabi/lib/thumb/v6-m/nofp/libg.a(lib_a-reent.o)
                              /usr/lib/gcc/arm-none-eabi/10.3.1/../../../arm-none-eabi/lib/thumb/v6-m/nofp/libg.a(lib_a-sbrkr.o) (errno)

Discarded input sections

 .text          0x0000000000000000        0x0 /usr/lib/gcc/arm-none-eabi/10.3.1/thumb/v6-m/nofp/crti.o
 .data          0x0000000000000000        0x0 /usr/lib/gcc/arm-none-eabi/10.3.1/thumb/v6-m/nofp/crti.o
 .bss           0x0000000000000000        0x0 /usr/lib/gcc/arm-none-eabi/10.3.1/thumb/v6-m/nofp/crti.o
 .data          0x0000000000000000        0x4 /usr/lib/gcc/arm-none-eabi/10.3.1/thumb/v6-m/nofp/crtbegin.o
 .rodata        0x0000000000000000       0x24 /usr/lib/gcc/arm-none-eabi/10.3.1/thumb/v6-m/nofp/crtbegin.o
 .fini_array    0x0000000000000000        0x4 /usr/lib/gcc/arm-none-eabi/10.3.1/thumb/v6-m/nofp/crtbegin.o
[...]
Memory Configuration

Name             Origin             Length             Attributes
FLASH            0x0000000010000000 0x0000000000200000 xr
RAM              0x0000000020000000 0x0000000000040000 xrw
SCRATCH_X        0x0000000020040000 0x0000000000001000 xrw
SCRATCH_Y        0x0000000020041000 0x0000000000001000 xrw
*default*        0x0000000000000000 0xffffffffffffffff

Linker script and memory map

LOAD /usr/lib/gcc/arm-none-eabi/10.3.1/thumb/v6-m/nofp/crti.o
LOAD /usr/lib/gcc/arm-none-eabi/10.3.1/thumb/v6-m/nofp/crtbegin.o
LOAD /usr/lib/gcc/arm-none-eabi/10.3.1/../../../arm-none-eabi/lib/thumb/v6-m/nofp/crt0.o

.flash_begin    0x0000000010000000        0x0
                0x0000000010000000                __flash_binary_start = .

.boot2          0x0000000010000000      0x100
                0x0000000010000000                __boot2_start__ = .
 *(.boot2)
 .boot2         0x0000000010000000      0x100 /tmp/ccxA2Mn3.o
                0x0000000010000100                __boot2_end__ = .
                0x0000000000000001                ASSERT (((__boot2_end__ - __boot2_start__) == 0x100), ERROR: Pico second stage bootloader must be 256 bytes in size)

.text           0x0000000010000100     0x5140
                0x0000000010000100                __logical_binary_start = .
 *(.vectors)
 .vectors       0x0000000010000100       0xd4 CMakeFiles/EENLD.dir/home/light/pico/pico-sdk/src/rp2_common/pico_standard_link/crt0.S.obj
                0x0000000010000100                __vectors
                0x0000000010000100                __VECTOR_TABLE
                0x00000000100001c0                isr_invalid
                0x00000000100001c0                __default_isrs_start
                0x00000000100001c2                isr_nmi
                0x00000000100001c4                isr_hardfault
                0x00000000100001c6                isr_svcall
                0x00000000100001c8                isr_pendsv
                0x00000000100001ca                isr_systick
                0x00000000100001cc                isr_irq30
                0x00000000100001cc                __unhandled_user_irq
                0x00000000100001cc                isr_irq13
                0x00000000100001cc                isr_irq27
                0x00000000100001cc                isr_irq31
                0x00000000100001cc                isr_irq5
                0x00000000100001cc                isr_irq11
                0x00000000100001cc                isr_irq23
                0x00000000100001cc                isr_irq18
                0x00000000100001cc                isr_irq28
                0x00000000100001cc                isr_irq19
                0x00000000100001cc                isr_irq0
                0x00000000100001cc                isr_irq6
                0x00000000100001cc                isr_irq22
                0x00000000100001cc                isr_irq17
                0x00000000100001cc                isr_irq14
                0x00000000100001cc                isr_irq2
                0x00000000100001cc                isr_irq10
                0x00000000100001cc                isr_irq8
                0x00000000100001cc                isr_irq24
                0x00000000100001cc                isr_irq1
                0x00000000100001cc                isr_irq7
                0x00000000100001cc                isr_irq21
                0x00000000100001cc                isr_irq20
                0x00000000100001cc                isr_irq15
                0x00000000100001cc                isr_irq25
                0x00000000100001cc                isr_irq4
                0x00000000100001cc                isr_irq16
                0x00000000100001cc                isr_irq29
                0x00000000100001cc                isr_irq26
                0x00000000100001cc                __default_isrs_end
                0x00000000100001cc                isr_irq3
                0x00000000100001cc                isr_irq12
                0x00000000100001cc                isr_irq9
                0x00000000100001d2                unhandled_user_irq_num_in_r0
 *(.binary_info_header)
 .binary_info_header
                0x00000000100001d4       0x14 CMakeFiles/EENLD.dir/home/light/pico/pico-sdk/src/rp2_common/pico_standard_link/crt0.S.obj
                0x00000000100001e8                __binary_info_header_end = .
 *(.reset)
 .reset         0x00000000100001e8       0xa0 CMakeFiles/EENLD.dir/home/light/pico/pico-sdk/src/rp2_common/pico_standard_link/crt0.S.obj
                0x00000000100001e8                _entry_point
 .reset         0x0000000010000288       0x30 CMakeFiles/EENLD.dir/home/light/pico/pico-sdk/src/rp2_common/pico_standard_link/binary_info.c.obj
 *(.init)
 .init          0x00000000100002b8        0x4 /usr/lib/gcc/arm-none-eabi/10.3.1/thumb/v6-m/nofp/crti.o
                0x00000000100002b8                _init
 *(EXCLUDE_FILE(*libm.a: *libc.a:*lib_a-mem*.o *libgcc.a:) .text*)
 .text          0x00000000100002bc       0x98 /usr/lib/gcc/arm-none-eabi/10.3.1/thumb/v6-m/nofp/crtbegin.o
 .text.core1_entry
                0x0000000010000354      0x14c CMakeFiles/EENLD.dir/main.c.obj
                0x0000000010000354                core1_entry
 .text.adc_gpio_init
                0x00000000100004a0       0x1e CMakeFiles/EENLD.dir/main.c.obj
 *fill*         0x00000000100004be        0x2 
 .text.main     0x00000000100004c0      0x470 CMakeFiles/EENLD.dir/main.c.obj
                0x00000000100004c0                main
 .text.adc_init
                0x0000000010000930       0x34 CMakeFiles/EENLD.dir/home/light/pico/pico-sdk/src/rp2_common/hardware_adc/adc.c.obj
                0x0000000010000930                adc_init
 .text.running_on_fpga
                0x0000000010000964       0x14 CMakeFiles/EENLD.dir/home/light/pico/pico-sdk/src/rp2_common/pico_platform/platform.c.obj
                0x0000000010000964                running_on_fpga
 .text.hw_claim_lock
                0x0000000010000978       0x18 CMakeFiles/EENLD.dir/home/light/pico/pico-sdk/src/rp2_common/hardware_claim/claim.c.obj
                0x0000000010000978                hw_claim_lock
 .text.hw_claim_unlock
                0x0000000010000990       0x14 CMakeFiles/EENLD.dir/home/light/pico/pico-sdk/src/rp2_common/hardware_claim/claim.c.obj
                0x0000000010000990                hw_claim_unlock
 .text.hw_claim_or_assert
                0x00000000100009a4       0x32 CMakeFiles/EENLD.dir/home/light/pico/pico-sdk/src/rp2_common/hardware_claim/claim.c.obj
                0x00000000100009a4                hw_claim_or_assert
 *fill*         0x00000000100009d6        0x2 
 .text.spin_locks_reset
                0x00000000100009d8       0x20 CMakeFiles/EENLD.dir/home/light/pico/pico-sdk/src/rp2_common/hardware_sync/sync.c.obj
                0x00000000100009d8                spin_locks_reset
 .text.next_striped_spin_lock_num
                0x00000000100009f8       0x1c CMakeFiles/EENLD.dir/home/light/pico/pico-sdk/src/rp2_common/hardware_sync/sync.c.obj
                0x00000000100009f8                next_striped_spin_lock_num
 .text.gpio_set_function
                0x0000000010000a14       0x30 CMakeFiles/EENLD.dir/home/light/pico/pico-sdk/src/rp2_common/hardware_gpio/gpio.c.obj
                0x0000000010000a14                gpio_set_function
 .text.gpio_set_pulls
                0x0000000010000a44       0x34 CMakeFiles/EENLD.dir/home/light/pico/pico-sdk/src/rp2_common/hardware_gpio/gpio.c.obj
                0x0000000010000a44                gpio_set_pulls
 .text.gpio_set_input_enabled
                0x0000000010000a78       0x30 CMakeFiles/EENLD.dir/home/light/pico/pico-sdk/src/rp2_common/hardware_gpio/gpio.c.obj
                0x0000000010000a78                gpio_set_input_enabled
 .text.gpio_init
                0x0000000010000aa8       0x16 CMakeFiles/EENLD.dir/home/light/pico/pico-sdk/src/rp2_common/hardware_gpio/gpio.c.obj
                0x0000000010000aa8                gpio_init
 .text.gpio_init_mask
                0x0000000010000abe       0x1e CMakeFiles/EENLD.dir/home/light/pico/pico-sdk/src/rp2_common/hardware_gpio/gpio.c.obj
                0x0000000010000abe                gpio_init_mask
 .text.set_raw_irq_handler_and_unlock
                0x0000000010000adc       0x28 CMakeFiles/EENLD.dir/home/light/pico/pico-sdk/src/rp2_common/hardware_irq/irq.c.obj
 .text.make_branch
                0x0000000010000b04       0x48 CMakeFiles/EENLD.dir/home/light/pico/pico-sdk/src/rp2_common/hardware_irq/irq.c.obj
 .text.insert_branch_and_link
                0x0000000010000b4c       0x40 CMakeFiles/EENLD.dir/home/light/pico/pico-sdk/src/rp2_common/hardware_irq/irq.c.obj
 .text.irq_is_enabled
                0x0000000010000b8c       0x18 CMakeFiles/EENLD.dir/home/light/pico/pico-sdk/src/rp2_common/hardware_irq/irq.c.obj
                0x0000000010000b8c                irq_is_enabled
 .text.irq_set_mask_enabled
                0x0000000010000ba4       0x20 CMakeFiles/EENLD.dir/home/light/pico/pico-sdk/src/rp2_common/hardware_irq/irq.c.obj
                0x0000000010000ba4                irq_set_mask_enabled
 .text.irq_set_enabled
                0x0000000010000bc4        0xe CMakeFiles/EENLD.dir/home/light/pico/pico-sdk/src/rp2_common/hardware_irq/irq.c.obj
                0x0000000010000bc4                irq_set_enabled
 *fill*         0x0000000010000bd2        0x2 
 .text.irq_get_vtable_handler
                0x0000000010000bd4       0x10 CMakeFiles/EENLD.dir/home/light/pico/pico-sdk/src/rp2_common/hardware_irq/irq.c.obj
                0x0000000010000bd4                irq_get_vtable_handler
 .text.irq_set_exclusive_handler
                0x0000000010000be4       0x54 CMakeFiles/EENLD.dir/home/light/pico/pico-sdk/src/rp2_common/hardware_irq/irq.c.obj
                0x0000000010000be4                irq_set_exclusive_handler
 .text.irq_remove_handler
                0x0000000010000c38      0x1ac CMakeFiles/EENLD.dir/home/light/pico/pico-sdk/src/rp2_common/hardware_irq/irq.c.obj
                0x0000000010000c38                irq_remove_handler
 .text.irq_add_tail_to_free_list
                0x0000000010000de4       0xf0 CMakeFiles/EENLD.dir/home/light/pico/pico-sdk/src/rp2_common/hardware_irq/irq.c.obj
                0x0000000010000de4                irq_add_tail_to_free_list
 .text.irq_init_priorities
                0x0000000010000ed4       0x1c CMakeFiles/EENLD.dir/home/light/pico/pico-sdk/src/rp2_common/hardware_irq/irq.c.obj
                0x0000000010000ed4                irq_init_priorities
 .text.lock_init
                0x0000000010000ef0       0x10 CMakeFiles/EENLD.dir/home/light/pico/pico-sdk/src/common/pico_sync/lock_core.c.obj
                0x0000000010000ef0                lock_init
 .text.mutex_init
                0x0000000010000f00       0x1a CMakeFiles/EENLD.dir/home/light/pico/pico-sdk/src/common/pico_sync/mutex.c.obj
                0x0000000010000f00                mutex_init
 .text.recursive_mutex_init
                0x0000000010000f1a       0x1e CMakeFiles/EENLD.dir/home/light/pico/pico-sdk/src/common/pico_sync/mutex.c.obj
                0x0000000010000f1a                recursive_mutex_init
 .text.alarm_pool_post_alloc_init
                0x0000000010000f38       0x40 CMakeFiles/EENLD.dir/home/light/pico/pico-sdk/src/common/pico_time/time.c.obj
 .text.sleep_until_callback
                0x0000000010000f78       0x30 CMakeFiles/EENLD.dir/home/light/pico/pico-sdk/src/common/pico_time/time.c.obj
 .text.timer_pool_entry_comparator
                0x0000000010000fa8       0x7c CMakeFiles/EENLD.dir/home/light/pico/pico-sdk/src/common/pico_time/time.c.obj
                0x0000000010000fa8                timer_pool_entry_comparator
 .text.ph_add_child_node
                0x0000000010001024       0xa4 CMakeFiles/EENLD.dir/home/light/pico/pico-sdk/src/common/pico_time/time.c.obj
 .text.ph_merge_nodes
                0x00000000100010c8       0x3e CMakeFiles/EENLD.dir/home/light/pico/pico-sdk/src/common/pico_time/time.c.obj
 *fill*         0x0000000010001106        0x2 
 .text.add_alarm_under_lock
                0x0000000010001108      0x174 CMakeFiles/EENLD.dir/home/light/pico/pico-sdk/src/common/pico_time/time.c.obj
 .text.alarm_pool_alarm_callback
                0x000000001000127c      0x33c CMakeFiles/EENLD.dir/home/light/pico/pico-sdk/src/common/pico_time/time.c.obj
 .text.alarm_pool_init_default
                0x00000000100015b8       0x40 CMakeFiles/EENLD.dir/home/light/pico/pico-sdk/src/common/pico_time/time.c.obj
                0x00000000100015b8                alarm_pool_init_default
 .text.alarm_pool_get_default
                0x00000000100015f8       0x2c CMakeFiles/EENLD.dir/home/light/pico/pico-sdk/src/common/pico_time/time.c.obj
                0x00000000100015f8                alarm_pool_get_default
 .text.alarm_pool_add_alarm_at
                0x0000000010001624      0x168 CMakeFiles/EENLD.dir/home/light/pico/pico-sdk/src/common/pico_time/time.c.obj
                0x0000000010001624                alarm_pool_add_alarm_at
 .text.alarm_pool_cancel_alarm
                0x000000001000178c       0xf8 CMakeFiles/EENLD.dir/home/light/pico/pico-sdk/src/common/pico_time/time.c.obj
                0x000000001000178c                alarm_pool_cancel_alarm
 .text.sleep_until
                0x0000000010001884       0xfc CMakeFiles/EENLD.dir/home/light/pico/pico-sdk/src/common/pico_time/time.c.obj
                0x0000000010001884                sleep_until
 .text.sleep_us
                0x0000000010001980       0x58 CMakeFiles/EENLD.dir/home/light/pico/pico-sdk/src/common/pico_time/time.c.obj
                0x0000000010001980                sleep_us
 .text.sleep_ms
                0x00000000100019d8       0x14 CMakeFiles/EENLD.dir/home/light/pico/pico-sdk/src/common/pico_time/time.c.obj
                0x00000000100019d8                sleep_ms
 .text.best_effort_wfe_or_timeout
                0x00000000100019ec       0xac CMakeFiles/EENLD.dir/home/light/pico/pico-sdk/src/common/pico_time/time.c.obj
                0x00000000100019ec                best_effort_wfe_or_timeout
 .text.hardware_alarm_irq_handler
                0x0000000010001a98       0x90 CMakeFiles/EENLD.dir/home/light/pico/pico-sdk/src/rp2_common/hardware_timer/timer.c.obj
 .text.hardware_alarm_claim
                0x0000000010001b28       0x18 CMakeFiles/EENLD.dir/home/light/pico/pico-sdk/src/rp2_common/hardware_timer/timer.c.obj
                0x0000000010001b28                hardware_alarm_claim
 .text.time_us_64
                0x0000000010001b40       0x18 CMakeFiles/EENLD.dir/home/light/pico/pico-sdk/src/rp2_common/hardware_timer/timer.c.obj
                0x0000000010001b40                time_us_64
 .text.busy_wait_until
                0x0000000010001b58       0x28 CMakeFiles/EENLD.dir/home/light/pico/pico-sdk/src/rp2_common/hardware_timer/timer.c.obj
                0x0000000010001b58                busy_wait_until
 .text.busy_wait_us
                0x0000000010001b80       0x48 CMakeFiles/EENLD.dir/home/light/pico/pico-sdk/src/rp2_common/hardware_timer/timer.c.obj
                0x0000000010001b80                busy_wait_us
 .text.hardware_alarm_set_callback
                0x0000000010001bc8       0x90 CMakeFiles/EENLD.dir/home/light/pico/pico-sdk/src/rp2_common/hardware_timer/timer.c.obj
                0x0000000010001bc8                hardware_alarm_set_callback
 .text.hardware_alarm_set_target
                0x0000000010001c58       0xe8 CMakeFiles/EENLD.dir/home/light/pico/pico-sdk/src/rp2_common/hardware_timer/timer.c.obj
                0x0000000010001c58                hardware_alarm_set_target
 .text.hardware_alarm_cancel
                0x0000000010001d40       0x40 CMakeFiles/EENLD.dir/home/light/pico/pico-sdk/src/rp2_common/hardware_timer/timer.c.obj
                0x0000000010001d40                hardware_alarm_cancel
 .text.ph_add_child_node
                0x0000000010001d80       0xa4 CMakeFiles/EENLD.dir/home/light/pico/pico-sdk/src/common/pico_util/pheap.c.obj
 .text.ph_merge_nodes
                0x0000000010001e24       0x3e CMakeFiles/EENLD.dir/home/light/pico/pico-sdk/src/common/pico_util/pheap.c.obj
 *fill*         0x0000000010001e62        0x2 
 .text.ph_clear
                0x0000000010001e64       0x70 CMakeFiles/EENLD.dir/home/light/pico/pico-sdk/src/common/pico_util/pheap.c.obj
                0x0000000010001e64                ph_clear
 .text.ph_post_alloc_init
                0x0000000010001ed4        0xe CMakeFiles/EENLD.dir/home/light/pico/pico-sdk/src/common/pico_util/pheap.c.obj
                0x0000000010001ed4                ph_post_alloc_init
 *fill*         0x0000000010001ee2        0x2 
 .text.ph_merge_two_pass
                0x0000000010001ee4       0xa8 CMakeFiles/EENLD.dir/home/light/pico/pico-sdk/src/common/pico_util/pheap.c.obj
                0x0000000010001ee4                ph_merge_two_pass
 .text.ph_remove_any_head
                0x0000000010001f8c      0x128 CMakeFiles/EENLD.dir/home/light/pico/pico-sdk/src/common/pico_util/pheap.c.obj
 .text.ph_remove_head
                0x00000000100020b4       0x14 CMakeFiles/EENLD.dir/home/light/pico/pico-sdk/src/common/pico_util/pheap.c.obj
                0x00000000100020b4                ph_remove_head
 .text.ph_remove_and_free_node
                0x00000000100020c8       0xf8 CMakeFiles/EENLD.dir/home/light/pico/pico-sdk/src/common/pico_util/pheap.c.obj
                0x00000000100020c8                ph_remove_and_free_node
 .text.spi_set_baudrate
                0x00000000100021c0       0xcc CMakeFiles/EENLD.dir/home/light/pico/pico-sdk/src/rp2_common/hardware_spi/spi.c.obj
                0x00000000100021c0                spi_set_baudrate
 .text.spi_init
                0x000000001000228c       0x74 CMakeFiles/EENLD.dir/home/light/pico/pico-sdk/src/rp2_common/hardware_spi/spi.c.obj
                0x000000001000228c                spi_init
 .text.clock_configure
                0x0000000010002300      0x108 CMakeFiles/EENLD.dir/home/light/pico/pico-sdk/src/rp2_common/hardware_clocks/clocks.c.obj
                0x0000000010002300                clock_configure
 .text.clocks_init
                0x0000000010002408      0x100 CMakeFiles/EENLD.dir/home/light/pico/pico-sdk/src/rp2_common/hardware_clocks/clocks.c.obj
                0x0000000010002408                clocks_init
 .text.clock_get_hz
                0x0000000010002508        0xc CMakeFiles/EENLD.dir/home/light/pico/pico-sdk/src/rp2_common/hardware_clocks/clocks.c.obj
                0x0000000010002508                clock_get_hz
 .text.pll_init
                0x0000000010002514      0x120 CMakeFiles/EENLD.dir/home/light/pico/pico-sdk/src/rp2_common/hardware_pll/pll.c.obj
                0x0000000010002514                pll_init
 .text.watchdog_start_tick
                0x0000000010002634       0x10 CMakeFiles/EENLD.dir/home/light/pico/pico-sdk/src/rp2_common/hardware_watchdog/watchdog.c.obj
                0x0000000010002634                watchdog_start_tick
 .text.xosc_init
                0x0000000010002644       0x28 CMakeFiles/EENLD.dir/home/light/pico/pico-sdk/src/rp2_common/hardware_xosc/xosc.c.obj
                0x0000000010002644                xosc_init
 .text.core1_trampoline
                0x000000001000266c        0x2 CMakeFiles/EENLD.dir/home/light/pico/pico-sdk/src/rp2_common/pico_multicore/multicore.c.obj
 .text.core1_wrapper
                0x000000001000266e        0xc CMakeFiles/EENLD.dir/home/light/pico/pico-sdk/src/rp2_common/pico_multicore/multicore.c.obj
                0x000000001000266e                core1_wrapper
 .text.multicore_fifo_push_blocking
                0x000000001000267a       0x14 CMakeFiles/EENLD.dir/home/light/pico/pico-sdk/src/rp2_common/pico_multicore/multicore.c.obj
                0x000000001000267a                multicore_fifo_push_blocking
 .text.multicore_fifo_pop_blocking
                0x000000001000268e       0x16 CMakeFiles/EENLD.dir/home/light/pico/pico-sdk/src/rp2_common/pico_multicore/multicore.c.obj
                0x000000001000268e                multicore_fifo_pop_blocking
 .text.multicore_launch_core1_raw
                0x00000000100026a4       0x6e CMakeFiles/EENLD.dir/home/light/pico/pico-sdk/src/rp2_common/pico_multicore/multicore.c.obj
                0x00000000100026a4                multicore_launch_core1_raw
 *fill*         0x0000000010002712        0x2 
 .text.multicore_launch_core1_with_stack
                0x0000000010002714       0x50 CMakeFiles/EENLD.dir/home/light/pico/pico-sdk/src/rp2_common/pico_multicore/multicore.c.obj
                0x0000000010002714                multicore_launch_core1_with_stack
 .text.multicore_launch_core1
                0x0000000010002764       0x24 CMakeFiles/EENLD.dir/home/light/pico/pico-sdk/src/rp2_common/pico_multicore/multicore.c.obj
                0x0000000010002764                multicore_launch_core1
 .text.uart_disable_before_lcr_write
                0x0000000010002788       0x48 CMakeFiles/EENLD.dir/home/light/pico/pico-sdk/src/rp2_common/hardware_uart/uart.c.obj
 .text.uart_write_lcr_bits_masked
                0x00000000100027d0       0x22 CMakeFiles/EENLD.dir/home/light/pico/pico-sdk/src/rp2_common/hardware_uart/uart.c.obj
 *fill*         0x00000000100027f2        0x2 
 .text.uart_set_baudrate
                0x00000000100027f4       0x5c CMakeFiles/EENLD.dir/home/light/pico/pico-sdk/src/rp2_common/hardware_uart/uart.c.obj
                0x00000000100027f4                uart_set_baudrate
 .text.uart_set_format
                0x0000000010002850       0x2c CMakeFiles/EENLD.dir/home/light/pico/pico-sdk/src/rp2_common/hardware_uart/uart.c.obj
                0x0000000010002850                uart_set_format
 .text.uart_set_translate_crlf
                0x000000001000287c       0x28 CMakeFiles/EENLD.dir/home/light/pico/pico-sdk/src/rp2_common/hardware_uart/uart.c.obj
                0x000000001000287c                uart_set_translate_crlf
 .text.uart_init
                0x00000000100028a4       0x80 CMakeFiles/EENLD.dir/home/light/pico/pico-sdk/src/rp2_common/hardware_uart/uart.c.obj
                0x00000000100028a4                uart_init
 .text._exit    0x0000000010002924        0x4 CMakeFiles/EENLD.dir/home/light/pico/pico-sdk/src/rp2_common/pico_runtime/runtime.c.obj
                0x0000000010002924                _exit
 .text.exit     0x0000000010002928        0x6 CMakeFiles/EENLD.dir/home/light/pico/pico-sdk/src/rp2_common/pico_runtime/runtime.c.obj
                0x0000000010002928                exit
 *fill*         0x000000001000292e        0x2 
 .text.__assert_func
                0x0000000010002930       0x3c CMakeFiles/EENLD.dir/home/light/pico/pico-sdk/src/rp2_common/pico_runtime/runtime.c.obj
                0x0000000010002930                __assert_func
 .text.runtime_init
                0x000000001000296c       0xf8 CMakeFiles/EENLD.dir/home/light/pico/pico-sdk/src/rp2_common/pico_runtime/runtime.c.obj
                0x000000001000296c                runtime_init
 .text.panic    0x0000000010002a64       0x30 CMakeFiles/EENLD.dir/home/light/pico/pico-sdk/src/rp2_common/pico_runtime/runtime.c.obj
                0x0000000010002a64                panic
 .text._out_null
                0x0000000010002a94        0x2 CMakeFiles/EENLD.dir/home/light/pico/pico-sdk/src/rp2_common/pico_printf/printf.c.obj
 .text._out_fct
                0x0000000010002a96        0xe CMakeFiles/EENLD.dir/home/light/pico/pico-sdk/src/rp2_common/pico_printf/printf.c.obj
 .text._atoi    0x0000000010002aa4       0x24 CMakeFiles/EENLD.dir/home/light/pico/pico-sdk/src/rp2_common/pico_printf/printf.c.obj
 .text._out_rev
                0x0000000010002ac8       0xae CMakeFiles/EENLD.dir/home/light/pico/pico-sdk/src/rp2_common/pico_printf/printf.c.obj
 .text._ntoa_format
                0x0000000010002b76      0x112 CMakeFiles/EENLD.dir/home/light/pico/pico-sdk/src/rp2_common/pico_printf/printf.c.obj
 .text._ntoa_long
                0x0000000010002c88       0xbc CMakeFiles/EENLD.dir/home/light/pico/pico-sdk/src/rp2_common/pico_printf/printf.c.obj
 .text._ntoa_long_long
                0x0000000010002d44       0xe2 CMakeFiles/EENLD.dir/home/light/pico/pico-sdk/src/rp2_common/pico_printf/printf.c.obj
 *fill*         0x0000000010002e26        0x2 
 .text._etoa    0x0000000010002e28      0x414 CMakeFiles/EENLD.dir/home/light/pico/pico-sdk/src/rp2_common/pico_printf/printf.c.obj
 .text._ftoa    0x000000001000323c      0x354 CMakeFiles/EENLD.dir/home/light/pico/pico-sdk/src/rp2_common/pico_printf/printf.c.obj
 .text._vsnprintf
                0x0000000010003590      0x624 CMakeFiles/EENLD.dir/home/light/pico/pico-sdk/src/rp2_common/pico_printf/printf.c.obj
 .text.vfctprintf
                0x0000000010003bb4       0x20 CMakeFiles/EENLD.dir/home/light/pico/pico-sdk/src/rp2_common/pico_printf/printf.c.obj
                0x0000000010003bb4                vfctprintf
 .text          0x0000000010003bd4       0x10 CMakeFiles/EENLD.dir/home/light/pico/pico-sdk/src/rp2_common/pico_bit_ops/bit_ops_aeabi.S.obj
 .text.rom_func_lookup
                0x0000000010003be4       0x10 CMakeFiles/EENLD.dir/home/light/pico/pico-sdk/src/rp2_common/pico_bootrom/bootrom.c.obj
                0x0000000010003be4                rom_func_lookup
 .text.rom_data_lookup
                0x0000000010003bf4       0x10 CMakeFiles/EENLD.dir/home/light/pico/pico-sdk/src/rp2_common/pico_bootrom/bootrom.c.obj
                0x0000000010003bf4                rom_data_lookup
 .text.rom_funcs_lookup
                0x0000000010003c04       0x36 CMakeFiles/EENLD.dir/home/light/pico/pico-sdk/src/rp2_common/pico_bootrom/bootrom.c.obj
                0x0000000010003c04                rom_funcs_lookup
 *fill*         0x0000000010003c3a        0x2 
 .text.__wrap___aeabi_idiv
                0x0000000010003c3c       0x50 CMakeFiles/EENLD.dir/home/light/pico/pico-sdk/src/rp2_common/pico_divider/divider.S.obj
                0x0000000010003c3c                __wrap___aeabi_idivmod
                0x0000000010003c3c                divmod_s32s32
                0x0000000010003c3c                div_s32s32
                0x0000000010003c3c                __wrap___aeabi_idiv
                0x0000000010003c44                divmod_s32s32_unsafe
                0x0000000010003c70                divmod_s32s32_savestate
 .text.__wrap___aeabi_uidiv
                0x0000000010003c8c       0x4c CMakeFiles/EENLD.dir/home/light/pico/pico-sdk/src/rp2_common/pico_divider/divider.S.obj
                0x0000000010003c8c                __wrap___aeabi_uidiv
                0x0000000010003c8c                __wrap___aeabi_uidivmod
                0x0000000010003c8c                div_u32u32
                0x0000000010003c8c                divmod_u32u32
                0x0000000010003c94                divmod_u32u32_unsafe
                0x0000000010003cbc                divmod_u32u32_savestate
 .text.__wrap___aeabi_ldiv
                0x0000000010003cd8      0x424 CMakeFiles/EENLD.dir/home/light/pico/pico-sdk/src/rp2_common/pico_divider/divider.S.obj
                0x0000000010003cd8                div_s64s64
                0x0000000010003cd8                divmod_s64s64
                0x0000000010003cd8                __wrap___aeabi_ldivmod
                0x0000000010003d08                div_u64u64
                0x0000000010003d08                divmod_u64u64
                0x0000000010003d08                __wrap___aeabi_uldivmod
                0x0000000010003d18                divmod_u64u64_savestate
                0x0000000010003d38                divmod_s64s64_unsafe
                0x0000000010003dc0                divmod_u64u64_unsafe
 .text.__wrap___aeabi_darithmetic
                0x00000000100040fc       0x80 CMakeFiles/EENLD.dir/home/light/pico/pico-sdk/src/rp2_common/pico_double/double_aeabi.S.obj
                0x00000000100040fc                __wrap___aeabi_drsub
                0x0000000010004102                __wrap___aeabi_dsub
                0x0000000010004114                __wrap___aeabi_dadd
                0x0000000010004126                __wrap___aeabi_ddiv
                0x0000000010004162                __wrap___aeabi_dmul
 .text.__wrap___aeabi_cdcmple
                0x000000001000417c       0x6c CMakeFiles/EENLD.dir/home/light/pico/pico-sdk/src/rp2_common/pico_double/double_aeabi.S.obj
                0x000000001000417c                __wrap___aeabi_cdrcmple
                0x000000001000418c                __wrap___aeabi_cdcmple
                0x000000001000418c                __wrap___aeabi_cdcmpeq
 .text.__wrap___aeabi_dcmplt
                0x00000000100041e8        0xc CMakeFiles/EENLD.dir/home/light/pico/pico-sdk/src/rp2_common/pico_double/double_aeabi.S.obj
                0x00000000100041e8                __wrap___aeabi_dcmplt
 .text.__wrap___aeabi_dcmple
                0x00000000100041f4       0x10 CMakeFiles/EENLD.dir/home/light/pico/pico-sdk/src/rp2_common/pico_double/double_aeabi.S.obj
                0x00000000100041f4                __wrap___aeabi_dcmple
 .text.__wrap___aeabi_dcmpge
                0x0000000010004204       0x10 CMakeFiles/EENLD.dir/home/light/pico/pico-sdk/src/rp2_common/pico_double/double_aeabi.S.obj
                0x0000000010004204                __wrap___aeabi_dcmpge
 .text.__wrap___aeabi_dcmpgt
                0x0000000010004214        0xa CMakeFiles/EENLD.dir/home/light/pico/pico-sdk/src/rp2_common/pico_double/double_aeabi.S.obj
                0x0000000010004214                __wrap___aeabi_dcmpgt
 .text.__wrap___aeabi_dcmpun
                0x000000001000421e       0x1c CMakeFiles/EENLD.dir/home/light/pico/pico-sdk/src/rp2_common/pico_double/double_aeabi.S.obj
                0x000000001000421e                __wrap___aeabi_dcmpun
 *fill*         0x000000001000423a        0x2 
 .text.__wrap___aeabi_i2d
                0x000000001000423c       0x38 CMakeFiles/EENLD.dir/home/light/pico/pico-sdk/src/rp2_common/pico_double/double_aeabi.S.obj
                0x000000001000423c                __wrap___aeabi_ui2d
                0x0000000010004244                __wrap___aeabi_i2d
 .text.__wrap___aeabi_d2iz
                0x0000000010004274       0x48 CMakeFiles/EENLD.dir/home/light/pico/pico-sdk/src/rp2_common/pico_double/double_aeabi.S.obj
                0x0000000010004274                __wrap___aeabi_d2iz
                0x0000000010004274                double2int_z
 .text.__wrap___aeabi_d2uiz
                0x00000000100042bc       0x18 CMakeFiles/EENLD.dir/home/light/pico/pico-sdk/src/rp2_common/pico_double/double_aeabi.S.obj
                0x00000000100042bc                double2uint
                0x00000000100042bc                __wrap___aeabi_d2uiz
 .text.__wrap___aeabi_d2f
                0x00000000100042d4       0x18 CMakeFiles/EENLD.dir/home/light/pico/pico-sdk/src/rp2_common/pico_double/double_aeabi.S.obj
                0x00000000100042d4                __wrap___aeabi_d2f
 .text.__aeabi_double_init
                0x00000000100042ec       0xc8 CMakeFiles/EENLD.dir/home/light/pico/pico-sdk/src/rp2_common/pico_double/double_init_rom.c.obj
                0x00000000100042ec                __aeabi_double_init
 .text.double_table_shim_on_use_helper
                0x00000000100043b4       0x34 CMakeFiles/EENLD.dir/home/light/pico/pico-sdk/src/rp2_common/pico_double/double_v1_rom_shim.S.obj
                0x00000000100043b4                double_table_shim_on_use_helper
 .text.__wrap___aeabi_dsub
                0x00000000100043e8       0x10 CMakeFiles/EENLD.dir/home/light/pico/pico-sdk/src/rp2_common/pico_double/double_v1_rom_shim.S.obj
                0x00000000100043e8                drsub_shim
                0x00000000100043ee                dsub_shim
 .text.dadd_shim
                0x00000000100043f8      0x15c CMakeFiles/EENLD.dir/home/light/pico/pico-sdk/src/rp2_common/pico_double/double_v1_rom_shim.S.obj
                0x00000000100043f8                dadd_shim
 .text.dmul_shim
                0x0000000010004554      0x15c CMakeFiles/EENLD.dir/home/light/pico/pico-sdk/src/rp2_common/pico_double/double_v1_rom_shim.S.obj
                0x0000000010004554                dmul_shim
 .text.ddiv_shim
                0x00000000100046b0      0x1b0 CMakeFiles/EENLD.dir/home/light/pico/pico-sdk/src/rp2_common/pico_double/double_v1_rom_shim.S.obj
                0x00000000100046b0                ddiv_shim
 .text.double2uint_shim
                0x0000000010004860        0xe CMakeFiles/EENLD.dir/home/light/pico/pico-sdk/src/rp2_common/pico_double/double_v1_rom_shim.S.obj
                0x0000000010004860                double2uint_shim
                0x0000000010004862                double2ufix_shim
 *fill*         0x000000001000486e        0x2 
 .text.double2uint64_shim
                0x0000000010004870       0x70 CMakeFiles/EENLD.dir/home/light/pico/pico-sdk/src/rp2_common/pico_double/double_v1_rom_shim.S.obj
                0x0000000010004870                double2uint64_shim
                0x0000000010004872                double2ufix64_shim
                0x0000000010004892                d2fix_a
 .text.double2float_shim
                0x00000000100048e0       0x5c CMakeFiles/EENLD.dir/home/light/pico/pico-sdk/src/rp2_common/pico_double/double_v1_rom_shim.S.obj
                0x00000000100048e0                double2float_shim
 .text.dunpacks
                0x000000001000493c       0x3c CMakeFiles/EENLD.dir/home/light/pico/pico-sdk/src/rp2_common/pico_double/double_v1_rom_shim.S.obj
                0x000000001000493c                dunpacks
 .text.__aeabi_lmul
                0x0000000010004978       0x32 CMakeFiles/EENLD.dir/home/light/pico/pico-sdk/src/rp2_common/pico_int64_ops/pico_int64_ops_aeabi.S.obj
                0x0000000010004978                __wrap___aeabi_lmul
 *fill*         0x00000000100049aa        0x2 
 .text.__wrap___aeabi_farithmetic
                0x00000000100049ac       0x58 CMakeFiles/EENLD.dir/home/light/pico/pico-sdk/src/rp2_common/pico_float/float_aeabi.S.obj
                0x00000000100049ac                __wrap___aeabi_frsub
                0x00000000100049b2                __wrap___aeabi_fsub
                0x00000000100049bc                __wrap___aeabi_fadd
                0x00000000100049c6                __wrap___aeabi_fdiv
                0x00000000100049f2                __wrap___aeabi_fmul
 .text.__wrap___aeabi_cfcmple
                0x0000000010004a04       0x50 CMakeFiles/EENLD.dir/home/light/pico/pico-sdk/src/rp2_common/pico_float/float_aeabi.S.obj
                0x0000000010004a04                __wrap___aeabi_cfrcmple
                0x0000000010004a10                __wrap___aeabi_cfcmpeq
                0x0000000010004a10                __wrap___aeabi_cfcmple
 .text.__wrap___aeabi_fcmpgt
                0x0000000010004a54        0xa CMakeFiles/EENLD.dir/home/light/pico/pico-sdk/src/rp2_common/pico_float/float_aeabi.S.obj
                0x0000000010004a54                __wrap___aeabi_fcmpgt
 .text.__wrap___aeabi_ui2f
                0x0000000010004a5e        0xa CMakeFiles/EENLD.dir/home/light/pico/pico-sdk/src/rp2_common/pico_float/float_aeabi.S.obj
                0x0000000010004a5e                __wrap___aeabi_ui2f
 .text.__wrap___aeabi_i2f
                0x0000000010004a68       0x44 CMakeFiles/EENLD.dir/home/light/pico/pico-sdk/src/rp2_common/pico_float/float_aeabi.S.obj
                0x0000000010004a68                __wrap___aeabi_i2f
 .text.__wrap___aeabi_f2iz
                0x0000000010004aac       0x4e CMakeFiles/EENLD.dir/home/light/pico/pico-sdk/src/rp2_common/pico_float/float_aeabi.S.obj
                0x0000000010004aac                __wrap___aeabi_f2iz
                0x0000000010004aac                float2int_z
 *fill*         0x0000000010004afa        0x2 
 .text.float2int
                0x0000000010004afc       0x14 CMakeFiles/EENLD.dir/home/light/pico/pico-sdk/src/rp2_common/pico_float/float_aeabi.S.obj
                0x0000000010004afc                float2int
 .text.__wrap___aeabi_f2uiz
                0x0000000010004b10       0x10 CMakeFiles/EENLD.dir/home/light/pico/pico-sdk/src/rp2_common/pico_float/float_aeabi.S.obj
                0x0000000010004b10                __wrap___aeabi_f2uiz
 .text.__wrap___aeabi_f2d
                0x0000000010004b20       0x14 CMakeFiles/EENLD.dir/home/light/pico/pico-sdk/src/rp2_common/pico_float/float_aeabi.S.obj
                0x0000000010004b20                __wrap___aeabi_f2d
 .text.__aeabi_float_init
                0x0000000010004b34       0xfc CMakeFiles/EENLD.dir/home/light/pico/pico-sdk/src/rp2_common/pico_float/float_init_rom.c.obj
                0x0000000010004b34                __aeabi_float_init
 .text.float_table_shim_on_use_helper
                0x0000000010004c30       0x34 CMakeFiles/EENLD.dir/home/light/pico/pico-sdk/src/rp2_common/pico_float/float_v1_rom_shim.S.obj
                0x0000000010004c30                float_table_shim_on_use_helper
 .text.float232_shims
                0x0000000010004c64       0x18 CMakeFiles/EENLD.dir/home/light/pico/pico-sdk/src/rp2_common/pico_float/float_v1_rom_shim.S.obj
                0x0000000010004c64                float2int_shim
                0x0000000010004c66                float2fix_shim
 .text.float2double_shim
                0x0000000010004c7c       0x30 CMakeFiles/EENLD.dir/home/light/pico/pico-sdk/src/rp2_common/pico_float/float_v1_rom_shim.S.obj
                0x0000000010004c7c                float2double_shim
 .text          0x0000000010004cac       0x10 CMakeFiles/EENLD.dir/home/light/pico/pico-sdk/src/rp2_common/pico_mem_ops/mem_ops_aeabi.S.obj
                0x0000000010004cac                __aeabi_mem_init
 .text.memset   0x0000000010004cbc        0xc CMakeFiles/EENLD.dir/home/light/pico/pico-sdk/src/rp2_common/pico_mem_ops/mem_ops_aeabi.S.obj
                0x0000000010004cbc                __wrap_memset
 .text.memcpy   0x0000000010004cc8        0xc CMakeFiles/EENLD.dir/home/light/pico/pico-sdk/src/rp2_common/pico_mem_ops/mem_ops_aeabi.S.obj
                0x0000000010004cc8                __wrap___aeabi_memcpy
                0x0000000010004cc8                __wrap_memcpy
 .text.stdio_out_chars_no_crlf
                0x0000000010004cd4        0xe CMakeFiles/EENLD.dir/home/light/pico/pico-sdk/src/rp2_common/pico_stdio/stdio.c.obj
 *fill*         0x0000000010004ce2        0x2 
 .text.stdio_out_chars_crlf
                0x0000000010004ce4       0x80 CMakeFiles/EENLD.dir/home/light/pico/pico-sdk/src/rp2_common/pico_stdio/stdio.c.obj
 .text.stdio_stack_buffer_flush
                0x0000000010004d64       0x44 CMakeFiles/EENLD.dir/home/light/pico/pico-sdk/src/rp2_common/pico_stdio/stdio.c.obj
 .text.stdio_buffered_printer
                0x0000000010004da8       0x20 CMakeFiles/EENLD.dir/home/light/pico/pico-sdk/src/rp2_common/pico_stdio/stdio.c.obj
 .text.stdout_serialize_begin
                0x0000000010004dc8       0x5c CMakeFiles/EENLD.dir/home/light/pico/pico-sdk/src/rp2_common/pico_stdio/stdio.c.obj
                0x0000000010004dc8                stdout_serialize_begin
 .text.stdout_serialize_end
                0x0000000010004e24       0x10 CMakeFiles/EENLD.dir/home/light/pico/pico-sdk/src/rp2_common/pico_stdio/stdio.c.obj
                0x0000000010004e24                stdout_serialize_end
 .text.stdio_put_string
                0x0000000010004e34       0x98 CMakeFiles/EENLD.dir/home/light/pico/pico-sdk/src/rp2_common/pico_stdio/stdio.c.obj
 .text.stdio_set_driver_enabled
                0x0000000010004ecc       0x2c CMakeFiles/EENLD.dir/home/light/pico/pico-sdk/src/rp2_common/pico_stdio/stdio.c.obj
                0x0000000010004ecc                stdio_set_driver_enabled
 .text.stdio_flush
                0x0000000010004ef8       0x20 CMakeFiles/EENLD.dir/home/light/pico/pico-sdk/src/rp2_common/pico_stdio/stdio.c.obj
                0x0000000010004ef8                stdio_flush
 .text.__wrap_puts
                0x0000000010004f18       0x1e CMakeFiles/EENLD.dir/home/light/pico/pico-sdk/src/rp2_common/pico_stdio/stdio.c.obj
                0x0000000010004f18                __wrap_puts
 *fill*         0x0000000010004f36        0x2 
 .text.__wrap_vprintf
                0x0000000010004f38       0x40 CMakeFiles/EENLD.dir/home/light/pico/pico-sdk/src/rp2_common/pico_stdio/stdio.c.obj
                0x0000000010004f38                __wrap_vprintf
 .text.__wrap_printf
                0x0000000010004f78       0x18 CMakeFiles/EENLD.dir/home/light/pico/pico-sdk/src/rp2_common/pico_stdio/stdio.c.obj
                0x0000000010004f78                __wrap_printf
 .text.stdio_uart_out_chars
                0x0000000010004f90       0x74 CMakeFiles/EENLD.dir/home/light/pico/pico-sdk/src/rp2_common/pico_stdio_uart/stdio_uart.c.obj
 .text.stdio_uart_in_chars
                0x0000000010005004       0x80 CMakeFiles/EENLD.dir/home/light/pico/pico-sdk/src/rp2_common/pico_stdio_uart/stdio_uart.c.obj
                0x0000000010005004                stdio_uart_in_chars
 .text.on_uart_rx
                0x0000000010005084       0x28 CMakeFiles/EENLD.dir/home/light/pico/pico-sdk/src/rp2_common/pico_stdio_uart/stdio_uart.c.obj
 .text.stdio_uart_set_chars_available_callback
                0x00000000100050ac       0x8c CMakeFiles/EENLD.dir/home/light/pico/pico-sdk/src/rp2_common/pico_stdio_uart/stdio_uart.c.obj
 .text.stdio_uart_init_full
                0x0000000010005138       0x44 CMakeFiles/EENLD.dir/home/light/pico/pico-sdk/src/rp2_common/pico_stdio_uart/stdio_uart.c.obj
                0x0000000010005138                stdio_uart_init_full
 .text          0x000000001000517c       0x5c /usr/lib/gcc/arm-none-eabi/10.3.1/../../../arm-none-eabi/lib/thumb/v6-m/nofp/libg.a(lib_a-strlen-stub.o)
                0x000000001000517c                strlen
 *(.fini)
 .fini          0x00000000100051d8        0x4 /usr/lib/gcc/arm-none-eabi/10.3.1/thumb/v6-m/nofp/crti.o
                0x00000000100051d8                _fini
 *fill*         0x00000000100051dc        0x4 
 .fini.__stub   0x00000000100051e0       0x60 linker stubs
 *crtbegin.o(.ctors)
 *crtbegin?.o(.ctors)
 *(EXCLUDE_FILE(*crtend.o *crtend?.o) .ctors)
 *(SORT_BY_NAME(.ctors.*))
 *(.ctors)
 *crtbegin.o(.dtors)
 *crtbegin?.o(.dtors)
 *(EXCLUDE_FILE(*crtend.o *crtend?.o) .dtors)
 *(SORT_BY_NAME(.dtors.*))
 *(.dtors)
 *(.eh_frame*)
 .eh_frame      0x0000000010005240        0x0 /usr/lib/gcc/arm-none-eabi/10.3.1/thumb/v6-m/nofp/crtbegin.o
                0x0000000010005240                . = ALIGN (0x4)

.glue_7         0x0000000010005240        0x0
 .glue_7        0x0000000010005240        0x0 linker stubs

.glue_7t        0x0000000010005240        0x0
 .glue_7t       0x0000000010005240        0x0 linker stubs

.vfp11_veneer   0x0000000010005240        0x0
 .vfp11_veneer  0x0000000010005240        0x0 linker stubs

.v4_bx          0x0000000010005240        0x0
 .v4_bx         0x0000000010005240        0x0 linker stubs

.iplt           0x0000000010005240        0x0
 .iplt          0x0000000010005240        0x0 /usr/lib/gcc/arm-none-eabi/10.3.1/thumb/v6-m/nofp/crtbegin.o

.rodata         0x0000000010005240      0xfe4
 *(EXCLUDE_FILE(*libm.a: *libc.a:*lib_a-mem*.o *libgcc.a:) .rodata*)
 .rodata.core1_entry.str1.4
                0x0000000010005240       0x60 CMakeFiles/EENLD.dir/main.c.obj
 .rodata.main.str1.4
                0x00000000100052a0       0x1c CMakeFiles/EENLD.dir/main.c.obj
 .rodata        0x00000000100052bc       0x10 CMakeFiles/EENLD.dir/main.c.obj
 .rodata.__func__.1
                0x00000000100052cc       0x15 CMakeFiles/EENLD.dir/main.c.obj
 *fill*         0x00000000100052e1        0x3 
 .rodata.control_gain
                0x00000000100052e4       0x10 CMakeFiles/EENLD.dir/main.c.obj
                0x00000000100052e4                control_gain
 .rodata.current_low_threshold
                0x00000000100052f4       0x10 CMakeFiles/EENLD.dir/main.c.obj
                0x00000000100052f4                current_low_threshold
 .rodata.make_branch.str1.4
                0x0000000010005304       0x6c CMakeFiles/EENLD.dir/home/light/pico/pico-sdk/src/rp2_common/hardware_irq/irq.c.obj
 .rodata.insert_branch_and_link.str1.4
                0x0000000010005370       0x10 CMakeFiles/EENLD.dir/home/light/pico/pico-sdk/src/rp2_common/hardware_irq/irq.c.obj
 .rodata.irq_set_exclusive_handler.str1.4
                0x0000000010005380       0x36 CMakeFiles/EENLD.dir/home/light/pico/pico-sdk/src/rp2_common/hardware_irq/irq.c.obj
 *fill*         0x00000000100053b6        0x2 
 .rodata.irq_add_shared_handler.str1.4
                0x00000000100053b8       0xd9 CMakeFiles/EENLD.dir/home/light/pico/pico-sdk/src/rp2_common/hardware_irq/irq.c.obj
 *fill*         0x0000000010005491        0x3 
 .rodata.irq_remove_handler.str1.4
                0x0000000010005494       0x3a CMakeFiles/EENLD.dir/home/light/pico/pico-sdk/src/rp2_common/hardware_irq/irq.c.obj
 *fill*         0x00000000100054ce        0x2 
 .rodata.irq_add_tail_to_free_list.str1.4
                0x00000000100054d0       0x3a CMakeFiles/EENLD.dir/home/light/pico/pico-sdk/src/rp2_common/hardware_irq/irq.c.obj
 *fill*         0x000000001000550a        0x2 
 .rodata.__func__.0
                0x000000001000550c       0x1a CMakeFiles/EENLD.dir/home/light/pico/pico-sdk/src/rp2_common/hardware_irq/irq.c.obj
 *fill*         0x0000000010005526        0x2 
 .rodata.__func__.1
                0x0000000010005528       0x17 CMakeFiles/EENLD.dir/home/light/pico/pico-sdk/src/rp2_common/hardware_irq/irq.c.obj
 *fill*         0x000000001000553f        0x1 
 .rodata.__func__.2
                0x0000000010005540       0x13 CMakeFiles/EENLD.dir/home/light/pico/pico-sdk/src/rp2_common/hardware_irq/irq.c.obj
 *fill*         0x0000000010005553        0x1 
 .rodata.__func__.3
                0x0000000010005554        0xc CMakeFiles/EENLD.dir/home/light/pico/pico-sdk/src/rp2_common/hardware_irq/irq.c.obj
 .rodata.__func__.4
                0x0000000010005560        0xf CMakeFiles/EENLD.dir/home/light/pico/pico-sdk/src/rp2_common/hardware_irq/irq.c.obj
 *fill*         0x000000001000556f        0x1 
 .rodata.__func__.6
                0x0000000010005570       0x1a CMakeFiles/EENLD.dir/home/light/pico/pico-sdk/src/rp2_common/hardware_irq/irq.c.obj
 *fill*         0x000000001000558a        0x2 
 .rodata.str1.4
                0x000000001000558c       0x89 CMakeFiles/EENLD.dir/home/light/pico/pico-sdk/src/common/pico_sync/mutex.c.obj
                                         0xe9 (size before relaxing)
 *fill*         0x0000000010005615        0x3 
 .rodata.__func__.1
                0x0000000010005618        0xb CMakeFiles/EENLD.dir/home/light/pico/pico-sdk/src/common/pico_sync/mutex.c.obj
 *fill*         0x0000000010005623        0x1 
 .rodata.__func__.3
                0x0000000010005624       0x18 CMakeFiles/EENLD.dir/home/light/pico/pico-sdk/src/common/pico_sync/mutex.c.obj
 .rodata.repeating_timer_callback.str1.4
                0x000000001000563c       0x4a CMakeFiles/EENLD.dir/home/light/pico/pico-sdk/src/common/pico_time/time.c.obj
 *fill*         0x0000000010005686        0x2 
 .rodata.timer_pool_entry_comparator.str1.4
                0x0000000010005688       0x22 CMakeFiles/EENLD.dir/home/light/pico/pico-sdk/src/common/pico_time/time.c.obj
 *fill*         0x00000000100056aa        0x2 
 .rodata.ph_add_child_node.str1.4
                0x00000000100056ac       0x96 CMakeFiles/EENLD.dir/home/light/pico/pico-sdk/src/common/pico_time/time.c.obj
 *fill*         0x0000000010005742        0x2 
 .rodata.add_alarm_under_lock.str1.4
                0x0000000010005744       0x28 CMakeFiles/EENLD.dir/home/light/pico/pico-sdk/src/common/pico_time/time.c.obj
                                         0x2b (size before relaxing)
 .rodata.alarm_pool_alarm_callback.str1.4
                0x000000001000576c       0x98 CMakeFiles/EENLD.dir/home/light/pico/pico-sdk/src/common/pico_time/time.c.obj
                                         0xf8 (size before relaxing)
 .rodata.alarm_pool_get_default.str1.4
                0x0000000010005804       0x21 CMakeFiles/EENLD.dir/home/light/pico/pico-sdk/src/common/pico_time/time.c.obj
 *fill*         0x0000000010005825        0x3 
 .rodata.alarm_pool_cancel_alarm.str1.4
                0x0000000010005828       0x27 CMakeFiles/EENLD.dir/home/light/pico/pico-sdk/src/common/pico_time/time.c.obj
 *fill*         0x000000001000584f        0x1 
 .rodata.sleep_until.str1.4
                0x0000000010005850       0x4d CMakeFiles/EENLD.dir/home/light/pico/pico-sdk/src/common/pico_time/time.c.obj
 *fill*         0x000000001000589d        0x3 
 .rodata.__func__.1
                0x00000000100058a0       0x18 CMakeFiles/EENLD.dir/home/light/pico/pico-sdk/src/common/pico_time/time.c.obj
 .rodata.__func__.10
                0x00000000100058b8       0x15 CMakeFiles/EENLD.dir/home/light/pico/pico-sdk/src/common/pico_time/time.c.obj
 *fill*         0x00000000100058cd        0x3 
 .rodata.__func__.11
                0x00000000100058d0       0x1a CMakeFiles/EENLD.dir/home/light/pico/pico-sdk/src/common/pico_time/time.c.obj
 *fill*         0x00000000100058ea        0x2 
 .rodata.__func__.12
                0x00000000100058ec        0xa CMakeFiles/EENLD.dir/home/light/pico/pico-sdk/src/common/pico_time/time.c.obj
 *fill*         0x00000000100058f6        0x2 
 .rodata.__func__.3
                0x00000000100058f8       0x17 CMakeFiles/EENLD.dir/home/light/pico/pico-sdk/src/common/pico_time/time.c.obj
 *fill*         0x000000001000590f        0x1 
 .rodata.__func__.4
                0x0000000010005910       0x12 CMakeFiles/EENLD.dir/home/light/pico/pico-sdk/src/common/pico_time/time.c.obj
 *fill*         0x0000000010005922        0x2 
 .rodata.__func__.5
                0x0000000010005924        0xd CMakeFiles/EENLD.dir/home/light/pico/pico-sdk/src/common/pico_time/time.c.obj
 *fill*         0x0000000010005931        0x3 
 .rodata.__func__.6
                0x0000000010005934       0x12 CMakeFiles/EENLD.dir/home/light/pico/pico-sdk/src/common/pico_time/time.c.obj
 *fill*         0x0000000010005946        0x2 
 .rodata.__func__.7
                0x0000000010005948        0xf CMakeFiles/EENLD.dir/home/light/pico/pico-sdk/src/common/pico_time/time.c.obj
 *fill*         0x0000000010005957        0x1 
 .rodata.__func__.8
                0x0000000010005958        0xc CMakeFiles/EENLD.dir/home/light/pico/pico-sdk/src/common/pico_time/time.c.obj
 .rodata.__func__.9
                0x0000000010005964       0x15 CMakeFiles/EENLD.dir/home/light/pico/pico-sdk/src/common/pico_time/time.c.obj
 *fill*         0x0000000010005979        0x3 
 .rodata.hardware_alarm_claim.str1.4
                0x000000001000597c       0x22 CMakeFiles/EENLD.dir/home/light/pico/pico-sdk/src/rp2_common/hardware_timer/timer.c.obj
 .rodata.busy_wait_us.str1.4
                0x000000001000599e       0x60 CMakeFiles/EENLD.dir/home/light/pico/pico-sdk/src/rp2_common/hardware_timer/timer.c.obj
 *fill*         0x000000001000599e        0x2 
 .rodata.hardware_alarm_set_target.str1.4
                0x00000000100059a0       0x64 CMakeFiles/EENLD.dir/home/light/pico/pico-sdk/src/rp2_common/hardware_timer/timer.c.obj
 .rodata.__func__.0
                0x0000000010005a04       0x1a CMakeFiles/EENLD.dir/home/light/pico/pico-sdk/src/rp2_common/hardware_timer/timer.c.obj
 *fill*         0x0000000010005a1e        0x2 
 .rodata.__func__.1
                0x0000000010005a20       0x15 CMakeFiles/EENLD.dir/home/light/pico/pico-sdk/src/rp2_common/hardware_timer/timer.c.obj
 .rodata.ph_add_child_node.str1.4
                0x0000000010005a35       0x96 CMakeFiles/EENLD.dir/home/light/pico/pico-sdk/src/common/pico_util/pheap.c.obj
 *fill*         0x0000000010005a35        0x3 
 .rodata.ph_remove_any_head.str1.4
                0x0000000010005a38       0x8c CMakeFiles/EENLD.dir/home/light/pico/pico-sdk/src/common/pico_util/pheap.c.obj
                                         0xa0 (size before relaxing)
 .rodata.ph_remove_and_free_node.str1.4
                0x0000000010005ac4       0x1e CMakeFiles/EENLD.dir/home/light/pico/pico-sdk/src/common/pico_util/pheap.c.obj
                                         0x26 (size before relaxing)
 *fill*         0x0000000010005ae2        0x2 
 .rodata.__func__.0
                0x0000000010005ae4       0x18 CMakeFiles/EENLD.dir/home/light/pico/pico-sdk/src/common/pico_util/pheap.c.obj
 .rodata.__func__.1
                0x0000000010005afc       0x13 CMakeFiles/EENLD.dir/home/light/pico/pico-sdk/src/common/pico_util/pheap.c.obj
 *fill*         0x0000000010005b0f        0x1 
 .rodata.__func__.2
                0x0000000010005b10       0x12 CMakeFiles/EENLD.dir/home/light/pico/pico-sdk/src/common/pico_util/pheap.c.obj
 *fill*         0x0000000010005b22        0x2 
 .rodata.__func__.3
                0x0000000010005b24        0xc CMakeFiles/EENLD.dir/home/light/pico/pico-sdk/src/common/pico_util/pheap.c.obj
 .rodata.clock_configure.str1.4
                0x0000000010005b30       0x56 CMakeFiles/EENLD.dir/home/light/pico/pico-sdk/src/rp2_common/hardware_clocks/clocks.c.obj
 *fill*         0x0000000010005b86        0x2 
 .rodata.__func__.1
                0x0000000010005b88       0x10 CMakeFiles/EENLD.dir/home/light/pico/pico-sdk/src/rp2_common/hardware_clocks/clocks.c.obj
 .rodata.pll_init.str1.4
                0x0000000010005b98      0x120 CMakeFiles/EENLD.dir/home/light/pico/pico-sdk/src/rp2_common/hardware_pll/pll.c.obj
 .rodata.__func__.0
                0x0000000010005cb8        0x9 CMakeFiles/EENLD.dir/home/light/pico/pico-sdk/src/rp2_common/hardware_pll/pll.c.obj
 *fill*         0x0000000010005cc1        0x3 
 .rodata.multicore_lockout_start_block_until.str1.4
                0x0000000010005cc4       0x5c CMakeFiles/EENLD.dir/home/light/pico/pico-sdk/src/rp2_common/pico_multicore/multicore.c.obj
 .rodata.multicore_launch_core1_with_stack.str1.4
                0x0000000010005d20       0x19 CMakeFiles/EENLD.dir/home/light/pico/pico-sdk/src/rp2_common/pico_multicore/multicore.c.obj
 *fill*         0x0000000010005d39        0x3 
 .rodata.__func__.2
                0x0000000010005d3c       0x22 CMakeFiles/EENLD.dir/home/light/pico/pico-sdk/src/rp2_common/pico_multicore/multicore.c.obj
 *fill*         0x0000000010005d5e        0x2 
 .rodata.__assert_func.str1.4
                0x0000000010005d60       0x3f CMakeFiles/EENLD.dir/home/light/pico/pico-sdk/src/rp2_common/pico_runtime/runtime.c.obj
                                         0x43 (size before relaxing)
 *fill*         0x0000000010005d9f        0x1 
 .rodata.runtime_init.str1.4
                0x0000000010005da0       0x60 CMakeFiles/EENLD.dir/home/light/pico/pico-sdk/src/rp2_common/pico_runtime/runtime.c.obj
 .rodata.panic.str1.4
                0x0000000010005e00       0x10 CMakeFiles/EENLD.dir/home/light/pico/pico-sdk/src/rp2_common/pico_runtime/runtime.c.obj
                                         0x12 (size before relaxing)
 .rodata.__func__.2
                0x0000000010005e10        0xd CMakeFiles/EENLD.dir/home/light/pico/pico-sdk/src/rp2_common/pico_runtime/runtime.c.obj
 *fill*         0x0000000010005e1d        0x3 
 .rodata._ftoa.str1.4
                0x0000000010005e20       0x15 CMakeFiles/EENLD.dir/home/light/pico/pico-sdk/src/rp2_common/pico_printf/printf.c.obj
 *fill*         0x0000000010005e35        0x3 
 .rodata._vsnprintf
                0x0000000010005e38      0x1e0 CMakeFiles/EENLD.dir/home/light/pico/pico-sdk/src/rp2_common/pico_printf/printf.c.obj
 .rodata.pow10.0
                0x0000000010006018       0x50 CMakeFiles/EENLD.dir/home/light/pico/pico-sdk/src/rp2_common/pico_printf/printf.c.obj
 .rodata.__aeabi_double_init.str1.4
                0x0000000010006068       0x9b CMakeFiles/EENLD.dir/home/light/pico/pico-sdk/src/rp2_common/pico_double/double_init_rom.c.obj
 *fill*         0x0000000010006103        0x1 
 .rodata.__func__.0
                0x0000000010006104       0x14 CMakeFiles/EENLD.dir/home/light/pico/pico-sdk/src/rp2_common/pico_double/double_init_rom.c.obj
 .rodata.__aeabi_float_init.str1.4
                0x0000000010006118       0x79 CMakeFiles/EENLD.dir/home/light/pico/pico-sdk/src/rp2_common/pico_float/float_init_rom.c.obj
                                         0x7d (size before relaxing)
 *fill*         0x0000000010006191        0x3 
 .rodata.__func__.0
                0x0000000010006194       0x13 CMakeFiles/EENLD.dir/home/light/pico/pico-sdk/src/rp2_common/pico_float/float_init_rom.c.obj
 *fill*         0x00000000100061a7        0x1 
 .rodata.str1.4
                0x00000000100061a8       0x3c CMakeFiles/EENLD.dir/home/light/pico/pico-sdk/src/rp2_common/pico_standard_link/binary_info.c.obj
 .rodata.__bi_44
                0x00000000100061e4        0xc CMakeFiles/EENLD.dir/home/light/pico/pico-sdk/src/rp2_common/pico_standard_link/binary_info.c.obj
 .rodata.__bi_75
                0x00000000100061f0        0xc CMakeFiles/EENLD.dir/home/light/pico/pico-sdk/src/rp2_common/pico_standard_link/binary_info.c.obj
 .rodata.__bi_81
                0x00000000100061fc        0xc CMakeFiles/EENLD.dir/home/light/pico/pico-sdk/src/rp2_common/pico_standard_link/binary_info.c.obj
 .rodata.stdout_serialize_begin.str1.4
                0x0000000010006208       0x60 CMakeFiles/EENLD.dir/home/light/pico/pico-sdk/src/rp2_common/pico_stdio/stdio.c.obj
 .rodata.__func__.3
                0x0000000010006208       0x15 CMakeFiles/EENLD.dir/home/light/pico/pico-sdk/src/rp2_common/pico_stdio/stdio.c.obj
 *fill*         0x000000001000621d        0x3 
 .rodata.crlf_str.2
                0x0000000010006220        0x2 CMakeFiles/EENLD.dir/home/light/pico/pico-sdk/src/rp2_common/pico_stdio/stdio.c.obj
                0x0000000010006224                . = ALIGN (0x4)
 *fill*         0x0000000010006222        0x2 
 *(SORT_BY_ALIGNMENT(SORT_BY_NAME(.flashdata*)))
                0x0000000010006224                . = ALIGN (0x4)

.ARM.extab
 *(.ARM.extab* .gnu.linkonce.armextab.*)
                0x0000000010006224                __exidx_start = .

.ARM.exidx
 *(.ARM.exidx* .gnu.linkonce.armexidx.*)
                0x0000000010006224                __exidx_end = .
                0x0000000010006224                . = ALIGN (0x4)
                0x0000000010006224                __binary_info_start = .

.binary_info    0x0000000010006224       0x1c
 *(.binary_info.keep.*)
 .binary_info.keep.__bi_ptr22
                0x0000000010006224        0x4 CMakeFiles/EENLD.dir/home/light/pico/pico-sdk/src/rp2_common/pico_standard_link/binary_info.c.obj
 .binary_info.keep.__bi_ptr30
                0x0000000010006228        0x4 CMakeFiles/EENLD.dir/home/light/pico/pico-sdk/src/rp2_common/pico_standard_link/binary_info.c.obj
 .binary_info.keep.__bi_ptr38
                0x000000001000622c        0x4 CMakeFiles/EENLD.dir/home/light/pico/pico-sdk/src/rp2_common/pico_standard_link/binary_info.c.obj
 .binary_info.keep.__bi_ptr44
                0x0000000010006230        0x4 CMakeFiles/EENLD.dir/home/light/pico/pico-sdk/src/rp2_common/pico_standard_link/binary_info.c.obj
 .binary_info.keep.__bi_ptr50
                0x0000000010006234        0x4 CMakeFiles/EENLD.dir/home/light/pico/pico-sdk/src/rp2_common/pico_standard_link/binary_info.c.obj
 .binary_info.keep.__bi_ptr75
                0x0000000010006238        0x4 CMakeFiles/EENLD.dir/home/light/pico/pico-sdk/src/rp2_common/pico_standard_link/binary_info.c.obj
 .binary_info.keep.__bi_ptr81
                0x000000001000623c        0x4 CMakeFiles/EENLD.dir/home/light/pico/pico-sdk/src/rp2_common/pico_standard_link/binary_info.c.obj
 *(.binary_info.*)
                0x0000000010006240                __binary_info_end = .

.rel.dyn        0x0000000010006240        0x0
 .rel.iplt      0x0000000010006240        0x0 /usr/lib/gcc/arm-none-eabi/10.3.1/thumb/v6-m/nofp/crtbegin.o
                0x0000000010006240                . = ALIGN (0x4)

.ram_vector_table
                0x0000000020000000       0xc0
 *(.ram_vector_table)
 .ram_vector_table
                0x0000000020000000       0xc0 CMakeFiles/EENLD.dir/home/light/pico/pico-sdk/src/rp2_common/pico_runtime/runtime.c.obj
                0x0000000020000000                ram_vector_table

.data           0x00000000200000c0      0x28c load address 0x0000000010006240
                0x00000000200000c0                __data_start__ = .
 *(vtable)
 *(.time_critical*)
 .time_critical.mutex_try_enter
                0x00000000200000c0       0x46 CMakeFiles/EENLD.dir/home/light/pico/pico-sdk/src/common/pico_sync/mutex.c.obj
                0x00000000200000c0                mutex_try_enter
 *fill*         0x0000000020000106        0x2 
 .time_critical.mutex_enter_block_until
                0x0000000020000108       0x8c CMakeFiles/EENLD.dir/home/light/pico/pico-sdk/src/common/pico_sync/mutex.c.obj
                0x0000000020000108                mutex_enter_block_until
 .time_critical.mutex_try_enter_block_until
                0x0000000020000194       0x34 CMakeFiles/EENLD.dir/home/light/pico/pico-sdk/src/common/pico_sync/mutex.c.obj
                0x0000000020000194                mutex_try_enter_block_until
 .time_critical.mutex_exit
                0x00000000200001c8       0x4c CMakeFiles/EENLD.dir/home/light/pico/pico-sdk/src/common/pico_sync/mutex.c.obj
                0x00000000200001c8                mutex_exit
 .time_critical.spi_write_blocking
                0x0000000020000214       0x3a CMakeFiles/EENLD.dir/home/light/pico/pico-sdk/src/rp2_common/hardware_spi/spi.c.obj
                0x0000000020000214                spi_write_blocking
 *(.text*)
 *fill*         0x000000002000024e        0x2 
 .text          0x0000000020000250        0x4 /usr/lib/gcc/arm-none-eabi/10.3.1/thumb/v6-m/nofp/libgcc.a(_dvmd_tls.o)
                0x0000000020000250                __aeabi_ldiv0
                0x0000000020000250                __aeabi_idiv0
 *fill*         0x0000000020000254        0x4 
 .text.__stub   0x0000000020000258       0x20 linker stubs
                0x0000000020000278                . = ALIGN (0x4)
 *(.rodata*)
                0x0000000020000278                . = ALIGN (0x4)
 *(.data*)
 .data.striped_spin_lock_num
                0x0000000020000278        0x1 CMakeFiles/EENLD.dir/home/light/pico/pico-sdk/src/rp2_common/hardware_sync/sync.c.obj
 *fill*         0x0000000020000279        0x3 
 .data          0x000000002000027c       0x48 CMakeFiles/EENLD.dir/home/light/pico/pico-sdk/src/rp2_common/hardware_irq/irq_handler_chain.S.obj
                0x000000002000027c                irq_handler_chain_slots
                0x00000000200002ac                irq_handler_chain_first_slot
                0x00000000200002b6                irq_handler_chain_remove_tail
 .data.default_alarm_pool
                0x00000000200002c4       0x18 CMakeFiles/EENLD.dir/home/light/pico/pico-sdk/src/common/pico_time/time.c.obj
 .data.default_alarm_pool_heap
                0x00000000200002dc       0x10 CMakeFiles/EENLD.dir/home/light/pico/pico-sdk/src/common/pico_time/time.c.obj
 *fill*         0x00000000200002ec        0x4 
 .data.aeabi_bits_funcs
                0x00000000200002f0       0x10 CMakeFiles/EENLD.dir/home/light/pico/pico-sdk/src/rp2_common/pico_bit_ops/bit_ops_aeabi.S.obj
                0x00000000200002f0                aeabi_bits_funcs
                0x0000000020000300                aeabi_bits_funcs_end
 .data.aeabi_mem_funcs
                0x0000000020000300       0x10 CMakeFiles/EENLD.dir/home/light/pico/pico-sdk/src/rp2_common/pico_mem_ops/mem_ops_aeabi.S.obj
                0x0000000020000300                aeabi_mem_funcs
                0x0000000020000310                aeabi_mem_funcs_end
 .data.stdio_uart
                0x0000000020000310       0x18 CMakeFiles/EENLD.dir/home/light/pico/pico-sdk/src/rp2_common/pico_stdio_uart/stdio_uart.c.obj
                0x0000000020000310                stdio_uart
                0x0000000020000328                . = ALIGN (0x4)
 *(.after_data.*)
                0x0000000020000328                . = ALIGN (0x4)
                0x0000000020000328                PROVIDE (__mutex_array_start = .)
 *(SORT_BY_NAME(.mutex_array.*))
 *(.mutex_array)
 .mutex_array   0x0000000020000328        0x8 CMakeFiles/EENLD.dir/home/light/pico/pico-sdk/src/rp2_common/pico_malloc/pico_malloc.c.obj
 .mutex_array   0x0000000020000330        0x8 CMakeFiles/EENLD.dir/home/light/pico/pico-sdk/src/rp2_common/pico_stdio/stdio.c.obj
                0x0000000020000338                PROVIDE (__mutex_array_end = .)
                0x0000000020000338                . = ALIGN (0x4)
                0x0000000020000338                PROVIDE (__preinit_array_start = .)
 *(SORT_BY_NAME(.preinit_array.*))
 .preinit_array.00001
                0x0000000020000338        0x4 CMakeFiles/EENLD.dir/home/light/pico/pico-sdk/src/rp2_common/pico_mem_ops/mem_ops_aeabi.S.obj
 .preinit_array.00010
                0x000000002000033c        0x4 CMakeFiles/EENLD.dir/home/light/pico/pico-sdk/src/rp2_common/pico_bit_ops/bit_ops_aeabi.S.obj
 .preinit_array.00020
                0x0000000020000340        0x4 CMakeFiles/EENLD.dir/home/light/pico/pico-sdk/src/rp2_common/pico_double/double_aeabi.S.obj
 .preinit_array.00020
                0x0000000020000344        0x4 CMakeFiles/EENLD.dir/home/light/pico/pico-sdk/src/rp2_common/pico_float/float_aeabi.S.obj
 *(.preinit_array)
                0x0000000020000348                PROVIDE (__preinit_array_end = .)
                0x0000000020000348                . = ALIGN (0x4)
                0x0000000020000348                PROVIDE (__init_array_start = .)
 *(SORT_BY_NAME(.init_array.*))
 *(.init_array)
 .init_array    0x0000000020000348        0x4 /usr/lib/gcc/arm-none-eabi/10.3.1/thumb/v6-m/nofp/crtbegin.o
                0x000000002000034c                PROVIDE (__init_array_end = .)
                0x000000002000034c                . = ALIGN (0x4)
                0x000000002000034c                PROVIDE (__fini_array_start = .)
 *(SORT_BY_NAME(.fini_array.*))
 *(.fini_array)
                0x000000002000034c                PROVIDE (__fini_array_end = .)
 *(.jcr)
                0x000000002000034c                . = ALIGN (0x4)
                0x000000002000034c                __data_end__ = .
                0x0000000010006240                __etext = LOADADDR (.data)

.tm_clone_table
                0x000000002000034c        0x0 load address 0x00000000100064cc
 .tm_clone_table
                0x000000002000034c        0x0 /usr/lib/gcc/arm-none-eabi/10.3.1/thumb/v6-m/nofp/crtbegin.o
 .tm_clone_table
                0x000000002000034c        0x0 /usr/lib/gcc/arm-none-eabi/10.3.1/thumb/v6-m/nofp/crtend.o

.igot.plt       0x000000002000034c        0x0 load address 0x00000000100064cc
 .igot.plt      0x000000002000034c        0x0 /usr/lib/gcc/arm-none-eabi/10.3.1/thumb/v6-m/nofp/crtbegin.o

.uninitialized_data
                0x000000002000034c        0x0 load address 0x00000000100064cc
                0x000000002000034c                . = ALIGN (0x4)
 *(.uninitialized_data*)

.scratch_x      0x0000000020040000        0x0 load address 0x00000000100064cc
                0x0000000020040000                __scratch_x_start__ = .
 *(.scratch_x.*)
                0x0000000020040000                . = ALIGN (0x4)
                0x0000000020040000                __scratch_x_end__ = .
                0x00000000100064cc                __scratch_x_source__ = LOADADDR (.scratch_x)

.scratch_y      0x0000000020041000        0x0 load address 0x00000000100064cc
                0x0000000020041000                __scratch_y_start__ = .
 *(.scratch_y.*)
                0x0000000020041000                . = ALIGN (0x4)
                0x0000000020041000                __scratch_y_end__ = .
                0x00000000100064cc                __scratch_y_source__ = LOADADDR (.scratch_y)

.bss            0x0000000020000350      0x400
                0x0000000020000350                . = ALIGN (0x4)
                0x0000000020000350                __bss_start__ = .
 *(SORT_BY_ALIGNMENT(SORT_BY_NAME(.bss*)))
 .bss.default_alarm_pool_entries
                0x0000000020000350      0x100 CMakeFiles/EENLD.dir/home/light/pico/pico-sdk/src/common/pico_time/time.c.obj
 .bss           0x0000000020000450       0x1c /usr/lib/gcc/arm-none-eabi/10.3.1/thumb/v6-m/nofp/crtbegin.o
 .bss.LDO_EN_mask
                0x000000002000046c        0x4 CMakeFiles/EENLD.dir/main.c.obj
                0x000000002000046c                LDO_EN_mask
 .bss.MUX_mask  0x0000000020000470        0x4 CMakeFiles/EENLD.dir/main.c.obj
                0x0000000020000470                MUX_mask
 .bss.PWM_mask  0x0000000020000474        0x4 CMakeFiles/EENLD.dir/main.c.obj
                0x0000000020000474                PWM_mask
 .bss.SPI_CS_mask
                0x0000000020000478        0x4 CMakeFiles/EENLD.dir/main.c.obj
                0x0000000020000478                SPI_CS_mask
 .bss.alarm_callbacks
                0x000000002000047c       0x10 CMakeFiles/EENLD.dir/home/light/pico/pico-sdk/src/rp2_common/hardware_timer/timer.c.obj
 .bss.chars_available_callback
                0x000000002000048c        0x4 CMakeFiles/EENLD.dir/home/light/pico/pico-sdk/src/rp2_common/pico_stdio_uart/stdio_uart.c.obj
 .bss.chars_available_param
                0x0000000020000490        0x4 CMakeFiles/EENLD.dir/home/light/pico/pico-sdk/src/rp2_common/pico_stdio_uart/stdio_uart.c.obj
 .bss.configured_freq
                0x0000000020000494       0x28 CMakeFiles/EENLD.dir/home/light/pico/pico-sdk/src/rp2_common/hardware_clocks/clocks.c.obj
 .bss.default_alarm_pool_entry_ids_high
                0x00000000200004bc       0x10 CMakeFiles/EENLD.dir/home/light/pico/pico-sdk/src/common/pico_time/time.c.obj
 .bss.default_alarm_pool_heap_nodes
                0x00000000200004cc       0x30 CMakeFiles/EENLD.dir/home/light/pico/pico-sdk/src/common/pico_time/time.c.obj
 .bss.drivers   0x00000000200004fc        0x4 CMakeFiles/EENLD.dir/home/light/pico/pico-sdk/src/rp2_common/pico_stdio/stdio.c.obj
 .bss.filter    0x0000000020000500        0x4 CMakeFiles/EENLD.dir/home/light/pico/pico-sdk/src/rp2_common/pico_stdio/stdio.c.obj
 .bss.intensities
                0x0000000020000504       0x10 CMakeFiles/EENLD.dir/main.c.obj
                0x0000000020000504                intensities
 .bss.intensity_mutex
                0x0000000020000514        0x8 CMakeFiles/EENLD.dir/main.c.obj
 .bss.pools     0x000000002000051c       0x10 CMakeFiles/EENLD.dir/home/light/pico/pico-sdk/src/common/pico_time/time.c.obj
 .bss.sd_table  0x000000002000052c      0x100 CMakeFiles/EENLD.dir/home/light/pico/pico-sdk/src/rp2_common/pico_double/double_init_rom.c.obj
                0x000000002000052c                sd_table
 .bss.sf_clz_func
                0x000000002000062c        0x4 CMakeFiles/EENLD.dir/home/light/pico/pico-sdk/src/rp2_common/pico_double/double_init_rom.c.obj
                0x000000002000062c                sf_clz_func
 .bss.sf_table  0x0000000020000630      0x100 CMakeFiles/EENLD.dir/home/light/pico/pico-sdk/src/rp2_common/pico_float/float_init_rom.c.obj
                0x0000000020000630                sf_table
 .bss.sleep_notifier
                0x0000000020000730        0x4 CMakeFiles/EENLD.dir/home/light/pico/pico-sdk/src/common/pico_time/time.c.obj
 .bss.target_hi
                0x0000000020000734       0x10 CMakeFiles/EENLD.dir/home/light/pico/pico-sdk/src/rp2_common/hardware_timer/timer.c.obj
 .bss.uart_char_to_line_feed
                0x0000000020000744        0x4 CMakeFiles/EENLD.dir/home/light/pico/pico-sdk/src/rp2_common/hardware_uart/uart.c.obj
                0x0000000020000744                uart_char_to_line_feed
 .bss.uart_instance
                0x0000000020000748        0x4 CMakeFiles/EENLD.dir/home/light/pico/pico-sdk/src/rp2_common/pico_stdio_uart/stdio_uart.c.obj
 .bss.claimed   0x000000002000074c        0x1 CMakeFiles/EENLD.dir/home/light/pico/pico-sdk/src/rp2_common/hardware_timer/timer.c.obj
 .bss.irq_hander_chain_free_slot_head
                0x000000002000074d        0x1 CMakeFiles/EENLD.dir/home/light/pico/pico-sdk/src/rp2_common/hardware_irq/irq.c.obj
 .bss.timer_callbacks_pending
                0x000000002000074e        0x1 CMakeFiles/EENLD.dir/home/light/pico/pico-sdk/src/rp2_common/hardware_timer/timer.c.obj
 *(COMMON)
                0x0000000020000750                . = ALIGN (0x4)
 *fill*         0x000000002000074f        0x1 
                0x0000000020000750                __bss_end__ = .

.heap           0x0000000020000750      0x800
                0x0000000020000750                __end__ = .
                0x0000000020000750                end = __end__
 *(.heap*)
 .heap          0x0000000020000750      0x800 CMakeFiles/EENLD.dir/home/light/pico/pico-sdk/src/rp2_common/pico_standard_link/crt0.S.obj
                0x0000000020000f50                __HeapLimit = .

.stack1_dummy   0x0000000020040000      0x800
 *(.stack1*)
 .stack1        0x0000000020040000      0x800 CMakeFiles/EENLD.dir/home/light/pico/pico-sdk/src/rp2_common/pico_multicore/multicore.c.obj

.stack_dummy    0x0000000020041000      0x800
 *(.stack*)
 .stack         0x0000000020041000      0x800 CMakeFiles/EENLD.dir/home/light/pico/pico-sdk/src/rp2_common/pico_standard_link/crt0.S.obj

.flash_end      0x00000000100064cc        0x0
                0x00000000100064cc                PROVIDE (__flash_binary_end = .)
                0x0000000020040000                __StackLimit = (ORIGIN (RAM) + LENGTH (RAM))
                0x0000000020041000                __StackOneTop = (ORIGIN (SCRATCH_X) + LENGTH (SCRATCH_X))
                0x0000000020042000                __StackTop = (ORIGIN (SCRATCH_Y) + LENGTH (SCRATCH_Y))
                0x0000000020040800                __StackOneBottom = (__StackOneTop - SIZEOF (.stack1_dummy))
                0x0000000020041800                __StackBottom = (__StackTop - SIZEOF (.stack_dummy))
                0x0000000020042000                PROVIDE (__stack = __StackTop)
                0x0000000000000001                ASSERT ((__StackLimit >= __HeapLimit), region RAM overflowed)
                0x0000000000000001                ASSERT (((__binary_info_header_end - __logical_binary_start) <= 0x100), Binary info must be in first 256 bytes of the binary)
LOAD CMakeFiles/EENLD.dir/main.c.obj
LOAD CMakeFiles/EENLD.dir/home/light/pico/pico-sdk/src/rp2_common/hardware_adc/adc.c.obj
LOAD CMakeFiles/EENLD.dir/home/light/pico/pico-sdk/src/rp2_common/pico_platform/platform.c.obj
LOAD CMakeFiles/EENLD.dir/home/light/pico/pico-sdk/src/rp2_common/hardware_claim/claim.c.obj
LOAD CMakeFiles/EENLD.dir/home/light/pico/pico-sdk/src/rp2_common/hardware_sync/sync.c.obj
LOAD CMakeFiles/EENLD.dir/home/light/pico/pico-sdk/src/rp2_common/hardware_gpio/gpio.c.obj
LOAD CMakeFiles/EENLD.dir/home/light/pico/pico-sdk/src/rp2_common/hardware_irq/irq.c.obj
LOAD CMakeFiles/EENLD.dir/home/light/pico/pico-sdk/src/rp2_common/hardware_irq/irq_handler_chain.S.obj
LOAD CMakeFiles/EENLD.dir/home/light/pico/pico-sdk/src/common/pico_sync/sem.c.obj
LOAD CMakeFiles/EENLD.dir/home/light/pico/pico-sdk/src/common/pico_sync/lock_core.c.obj
LOAD CMakeFiles/EENLD.dir/home/light/pico/pico-sdk/src/common/pico_sync/mutex.c.obj
LOAD CMakeFiles/EENLD.dir/home/light/pico/pico-sdk/src/common/pico_sync/critical_section.c.obj
LOAD CMakeFiles/EENLD.dir/home/light/pico/pico-sdk/src/common/pico_time/time.c.obj
LOAD CMakeFiles/EENLD.dir/home/light/pico/pico-sdk/src/common/pico_time/timeout_helper.c.obj
LOAD CMakeFiles/EENLD.dir/home/light/pico/pico-sdk/src/rp2_common/hardware_timer/timer.c.obj
LOAD CMakeFiles/EENLD.dir/home/light/pico/pico-sdk/src/common/pico_util/datetime.c.obj
LOAD CMakeFiles/EENLD.dir/home/light/pico/pico-sdk/src/common/pico_util/pheap.c.obj
LOAD CMakeFiles/EENLD.dir/home/light/pico/pico-sdk/src/common/pico_util/queue.c.obj
LOAD CMakeFiles/EENLD.dir/home/light/pico/pico-sdk/src/rp2_common/hardware_spi/spi.c.obj
LOAD CMakeFiles/EENLD.dir/home/light/pico/pico-sdk/src/rp2_common/hardware_clocks/clocks.c.obj
LOAD CMakeFiles/EENLD.dir/home/light/pico/pico-sdk/src/rp2_common/hardware_pll/pll.c.obj
LOAD CMakeFiles/EENLD.dir/home/light/pico/pico-sdk/src/rp2_common/hardware_vreg/vreg.c.obj
LOAD CMakeFiles/EENLD.dir/home/light/pico/pico-sdk/src/rp2_common/hardware_watchdog/watchdog.c.obj
LOAD CMakeFiles/EENLD.dir/home/light/pico/pico-sdk/src/rp2_common/hardware_xosc/xosc.c.obj
LOAD CMakeFiles/EENLD.dir/home/light/pico/pico-sdk/src/rp2_common/pico_multicore/multicore.c.obj
LOAD CMakeFiles/EENLD.dir/home/light/pico/pico-sdk/src/rp2_common/pico_stdlib/stdlib.c.obj
LOAD CMakeFiles/EENLD.dir/home/light/pico/pico-sdk/src/rp2_common/hardware_uart/uart.c.obj
LOAD CMakeFiles/EENLD.dir/home/light/pico/pico-sdk/src/rp2_common/hardware_divider/divider.S.obj
LOAD CMakeFiles/EENLD.dir/home/light/pico/pico-sdk/src/rp2_common/pico_runtime/runtime.c.obj
LOAD CMakeFiles/EENLD.dir/home/light/pico/pico-sdk/src/rp2_common/pico_printf/printf.c.obj
LOAD CMakeFiles/EENLD.dir/home/light/pico/pico-sdk/src/rp2_common/pico_bit_ops/bit_ops_aeabi.S.obj
LOAD CMakeFiles/EENLD.dir/home/light/pico/pico-sdk/src/rp2_common/pico_bootrom/bootrom.c.obj
LOAD CMakeFiles/EENLD.dir/home/light/pico/pico-sdk/src/rp2_common/pico_divider/divider.S.obj
LOAD CMakeFiles/EENLD.dir/home/light/pico/pico-sdk/src/rp2_common/pico_double/double_aeabi.S.obj
LOAD CMakeFiles/EENLD.dir/home/light/pico/pico-sdk/src/rp2_common/pico_double/double_init_rom.c.obj
LOAD CMakeFiles/EENLD.dir/home/light/pico/pico-sdk/src/rp2_common/pico_double/double_math.c.obj
LOAD CMakeFiles/EENLD.dir/home/light/pico/pico-sdk/src/rp2_common/pico_double/double_v1_rom_shim.S.obj
LOAD CMakeFiles/EENLD.dir/home/light/pico/pico-sdk/src/rp2_common/pico_int64_ops/pico_int64_ops_aeabi.S.obj
LOAD CMakeFiles/EENLD.dir/home/light/pico/pico-sdk/src/rp2_common/pico_float/float_aeabi.S.obj
LOAD CMakeFiles/EENLD.dir/home/light/pico/pico-sdk/src/rp2_common/pico_float/float_init_rom.c.obj
LOAD CMakeFiles/EENLD.dir/home/light/pico/pico-sdk/src/rp2_common/pico_float/float_math.c.obj
LOAD CMakeFiles/EENLD.dir/home/light/pico/pico-sdk/src/rp2_common/pico_float/float_v1_rom_shim.S.obj
LOAD CMakeFiles/EENLD.dir/home/light/pico/pico-sdk/src/rp2_common/pico_malloc/pico_malloc.c.obj
LOAD CMakeFiles/EENLD.dir/home/light/pico/pico-sdk/src/rp2_common/pico_mem_ops/mem_ops_aeabi.S.obj
LOAD CMakeFiles/EENLD.dir/home/light/pico/pico-sdk/src/rp2_common/pico_standard_link/crt0.S.obj
LOAD CMakeFiles/EENLD.dir/home/light/pico/pico-sdk/src/rp2_common/pico_standard_link/new_delete.cpp.obj
LOAD CMakeFiles/EENLD.dir/home/light/pico/pico-sdk/src/rp2_common/pico_standard_link/binary_info.c.obj
LOAD CMakeFiles/EENLD.dir/home/light/pico/pico-sdk/src/rp2_common/pico_stdio/stdio.c.obj
LOAD CMakeFiles/EENLD.dir/home/light/pico/pico-sdk/src/rp2_common/pico_stdio_uart/stdio_uart.c.obj
LOAD /tmp/ccxA2Mn3.o
LOAD /usr/lib/gcc/arm-none-eabi/10.3.1/../../../arm-none-eabi/lib/thumb/v6-m/nofp/libstdc++.a
LOAD /usr/lib/gcc/arm-none-eabi/10.3.1/../../../arm-none-eabi/lib/thumb/v6-m/nofp/libm.a
START GROUP
LOAD /usr/lib/gcc/arm-none-eabi/10.3.1/thumb/v6-m/nofp/libgcc.a
LOAD /usr/lib/gcc/arm-none-eabi/10.3.1/../../../arm-none-eabi/lib/thumb/v6-m/nofp/libg.a
LOAD /usr/lib/gcc/arm-none-eabi/10.3.1/../../../arm-none-eabi/lib/thumb/v6-m/nofp/libc.a
END GROUP
START GROUP
LOAD /usr/lib/gcc/arm-none-eabi/10.3.1/thumb/v6-m/nofp/libgcc.a
LOAD /usr/lib/gcc/arm-none-eabi/10.3.1/../../../arm-none-eabi/lib/thumb/v6-m/nofp/libc.a
LOAD /usr/lib/gcc/arm-none-eabi/10.3.1/../../../arm-none-eabi/lib/thumb/v6-m/nofp/libnosys.a
END GROUP
LOAD /usr/lib/gcc/arm-none-eabi/10.3.1/thumb/v6-m/nofp/crtend.o
LOAD /usr/lib/gcc/arm-none-eabi/10.3.1/thumb/v6-m/nofp/crtn.o
OUTPUT(EENLD.elf elf32-littlearm)
LOAD linker stubs

.ARM.attributes
                0x0000000000000000       0x28
 .ARM.attributes
                0x0000000000000000       0x1e /usr/lib/gcc/arm-none-eabi/10.3.1/thumb/v6-m/nofp/crti.o
 .ARM.attributes
                0x000000000000001e       0x2c /usr/lib/gcc/arm-none-eabi/10.3.1/thumb/v6-m/nofp/crtbegin.o
 .ARM.attributes
                0x000000000000004a       0x2c CMakeFiles/EENLD.dir/main.c.obj
 .ARM.attributes
                0x0000000000000076       0x2c CMakeFiles/EENLD.dir/home/light/pico/pico-sdk/src/rp2_common/hardware_adc/adc.c.obj
 .ARM.attributes
                0x00000000000000a2       0x2c CMakeFiles/EENLD.dir/home/light/pico/pico-sdk/src/rp2_common/pico_platform/platform.c.obj
 .ARM.attributes
                0x00000000000000ce       0x2c CMakeFiles/EENLD.dir/home/light/pico/pico-sdk/src/rp2_common/hardware_claim/claim.c.obj
 .ARM.attributes
                0x00000000000000fa       0x2c CMakeFiles/EENLD.dir/home/light/pico/pico-sdk/src/rp2_common/hardware_sync/sync.c.obj
 .ARM.attributes
                0x0000000000000126       0x2c CMakeFiles/EENLD.dir/home/light/pico/pico-sdk/src/rp2_common/hardware_gpio/gpio.c.obj
 .ARM.attributes
                0x0000000000000152       0x2c CMakeFiles/EENLD.dir/home/light/pico/pico-sdk/src/rp2_common/hardware_irq/irq.c.obj
 .ARM.attributes
                0x000000000000017e       0x22 CMakeFiles/EENLD.dir/home/light/pico/pico-sdk/src/rp2_common/hardware_irq/irq_handler_chain.S.obj
 .ARM.attributes
                0x00000000000001a0       0x2c CMakeFiles/EENLD.dir/home/light/pico/pico-sdk/src/common/pico_sync/lock_core.c.obj
 .ARM.attributes
                0x00000000000001cc       0x2c CMakeFiles/EENLD.dir/home/light/pico/pico-sdk/src/common/pico_sync/mutex.c.obj
 .ARM.attributes
                0x00000000000001f8       0x2c CMakeFiles/EENLD.dir/home/light/pico/pico-sdk/src/common/pico_time/time.c.obj
 .ARM.attributes
                0x0000000000000224       0x2c CMakeFiles/EENLD.dir/home/light/pico/pico-sdk/src/rp2_common/hardware_timer/timer.c.obj
 .ARM.attributes
                0x0000000000000250       0x2c CMakeFiles/EENLD.dir/home/light/pico/pico-sdk/src/common/pico_util/pheap.c.obj
 .ARM.attributes
                0x000000000000027c       0x2c CMakeFiles/EENLD.dir/home/light/pico/pico-sdk/src/rp2_common/hardware_spi/spi.c.obj
 .ARM.attributes
                0x00000000000002a8       0x2c CMakeFiles/EENLD.dir/home/light/pico/pico-sdk/src/rp2_common/hardware_clocks/clocks.c.obj
 .ARM.attributes
                0x00000000000002d4       0x2c CMakeFiles/EENLD.dir/home/light/pico/pico-sdk/src/rp2_common/hardware_pll/pll.c.obj
 .ARM.attributes
                0x0000000000000300       0x2c CMakeFiles/EENLD.dir/home/light/pico/pico-sdk/src/rp2_common/hardware_watchdog/watchdog.c.obj
 .ARM.attributes
                0x000000000000032c       0x2c CMakeFiles/EENLD.dir/home/light/pico/pico-sdk/src/rp2_common/hardware_xosc/xosc.c.obj
 .ARM.attributes
                0x0000000000000358       0x2c CMakeFiles/EENLD.dir/home/light/pico/pico-sdk/src/rp2_common/pico_multicore/multicore.c.obj
 .ARM.attributes
                0x0000000000000384       0x2c CMakeFiles/EENLD.dir/home/light/pico/pico-sdk/src/rp2_common/hardware_uart/uart.c.obj
 .ARM.attributes
                0x00000000000003b0       0x2c CMakeFiles/EENLD.dir/home/light/pico/pico-sdk/src/rp2_common/pico_runtime/runtime.c.obj
 .ARM.attributes
                0x00000000000003dc       0x2c CMakeFiles/EENLD.dir/home/light/pico/pico-sdk/src/rp2_common/pico_printf/printf.c.obj
 .ARM.attributes
                0x0000000000000408       0x22 CMakeFiles/EENLD.dir/home/light/pico/pico-sdk/src/rp2_common/pico_bit_ops/bit_ops_aeabi.S.obj
 .ARM.attributes
                0x000000000000042a       0x2c CMakeFiles/EENLD.dir/home/light/pico/pico-sdk/src/rp2_common/pico_bootrom/bootrom.c.obj
 .ARM.attributes
                0x0000000000000456       0x22 CMakeFiles/EENLD.dir/home/light/pico/pico-sdk/src/rp2_common/pico_divider/divider.S.obj
 .ARM.attributes
                0x0000000000000478       0x22 CMakeFiles/EENLD.dir/home/light/pico/pico-sdk/src/rp2_common/pico_double/double_aeabi.S.obj
 .ARM.attributes
                0x000000000000049a       0x2c CMakeFiles/EENLD.dir/home/light/pico/pico-sdk/src/rp2_common/pico_double/double_init_rom.c.obj
 .ARM.attributes
                0x00000000000004c6       0x22 CMakeFiles/EENLD.dir/home/light/pico/pico-sdk/src/rp2_common/pico_double/double_v1_rom_shim.S.obj
 .ARM.attributes
                0x00000000000004e8       0x22 CMakeFiles/EENLD.dir/home/light/pico/pico-sdk/src/rp2_common/pico_int64_ops/pico_int64_ops_aeabi.S.obj
 .ARM.attributes
                0x000000000000050a       0x22 CMakeFiles/EENLD.dir/home/light/pico/pico-sdk/src/rp2_common/pico_float/float_aeabi.S.obj
 .ARM.attributes
                0x000000000000052c       0x2c CMakeFiles/EENLD.dir/home/light/pico/pico-sdk/src/rp2_common/pico_float/float_init_rom.c.obj
 .ARM.attributes
                0x0000000000000558       0x22 CMakeFiles/EENLD.dir/home/light/pico/pico-sdk/src/rp2_common/pico_float/float_v1_rom_shim.S.obj
 .ARM.attributes
                0x000000000000057a       0x2c CMakeFiles/EENLD.dir/home/light/pico/pico-sdk/src/rp2_common/pico_malloc/pico_malloc.c.obj
 .ARM.attributes
                0x00000000000005a6       0x22 CMakeFiles/EENLD.dir/home/light/pico/pico-sdk/src/rp2_common/pico_mem_ops/mem_ops_aeabi.S.obj
 .ARM.attributes
                0x00000000000005c8       0x22 CMakeFiles/EENLD.dir/home/light/pico/pico-sdk/src/rp2_common/pico_standard_link/crt0.S.obj
 .ARM.attributes
                0x00000000000005ea       0x32 CMakeFiles/EENLD.dir/home/light/pico/pico-sdk/src/rp2_common/pico_standard_link/binary_info.c.obj
 .ARM.attributes
                0x000000000000061c       0x2c CMakeFiles/EENLD.dir/home/light/pico/pico-sdk/src/rp2_common/pico_stdio/stdio.c.obj
 .ARM.attributes
                0x0000000000000648       0x2c CMakeFiles/EENLD.dir/home/light/pico/pico-sdk/src/rp2_common/pico_stdio_uart/stdio_uart.c.obj
 .ARM.attributes
                0x0000000000000674       0x22 /tmp/ccxA2Mn3.o
 .ARM.attributes
                0x0000000000000696       0x1e /usr/lib/gcc/arm-none-eabi/10.3.1/thumb/v6-m/nofp/libgcc.a(_dvmd_tls.o)
 .ARM.attributes
                0x00000000000006b4       0x2c /usr/lib/gcc/arm-none-eabi/10.3.1/../../../arm-none-eabi/lib/thumb/v6-m/nofp/libg.a(lib_a-strlen-stub.o)
 .ARM.attributes
                0x00000000000006e0       0x2c /usr/lib/gcc/arm-none-eabi/10.3.1/thumb/v6-m/nofp/crtend.o

.comment        0x0000000000000000       0x33
 .comment       0x0000000000000000       0x33 /usr/lib/gcc/arm-none-eabi/10.3.1/thumb/v6-m/nofp/crtbegin.o
                                         0x34 (size before relaxing)
 .comment       0x0000000000000033       0x34 CMakeFiles/EENLD.dir/main.c.obj
 .comment       0x0000000000000033       0x34 CMakeFiles/EENLD.dir/home/light/pico/pico-sdk/src/rp2_common/hardware_adc/adc.c.obj
 .comment       0x0000000000000033       0x34 CMakeFiles/EENLD.dir/home/light/pico/pico-sdk/src/rp2_common/pico_platform/platform.c.obj
 .comment       0x0000000000000033       0x34 CMakeFiles/EENLD.dir/home/light/pico/pico-sdk/src/rp2_common/hardware_claim/claim.c.obj
 .comment       0x0000000000000033       0x34 CMakeFiles/EENLD.dir/home/light/pico/pico-sdk/src/rp2_common/hardware_sync/sync.c.obj
 .comment       0x0000000000000033       0x34 CMakeFiles/EENLD.dir/home/light/pico/pico-sdk/src/rp2_common/hardware_gpio/gpio.c.obj
 .comment       0x0000000000000033       0x34 CMakeFiles/EENLD.dir/home/light/pico/pico-sdk/src/rp2_common/hardware_irq/irq.c.obj
 .comment       0x0000000000000033       0x34 CMakeFiles/EENLD.dir/home/light/pico/pico-sdk/src/common/pico_sync/lock_core.c.obj
 .comment       0x0000000000000033       0x34 CMakeFiles/EENLD.dir/home/light/pico/pico-sdk/src/common/pico_sync/mutex.c.obj
 .comment       0x0000000000000033       0x34 CMakeFiles/EENLD.dir/home/light/pico/pico-sdk/src/common/pico_time/time.c.obj
 .comment       0x0000000000000033       0x34 CMakeFiles/EENLD.dir/home/light/pico/pico-sdk/src/rp2_common/hardware_timer/timer.c.obj
 .comment       0x0000000000000033       0x34 CMakeFiles/EENLD.dir/home/light/pico/pico-sdk/src/common/pico_util/pheap.c.obj
 .comment       0x0000000000000033       0x34 CMakeFiles/EENLD.dir/home/light/pico/pico-sdk/src/rp2_common/hardware_spi/spi.c.obj
 .comment       0x0000000000000033       0x34 CMakeFiles/EENLD.dir/home/light/pico/pico-sdk/src/rp2_common/hardware_clocks/clocks.c.obj
 .comment       0x0000000000000033       0x34 CMakeFiles/EENLD.dir/home/light/pico/pico-sdk/src/rp2_common/hardware_pll/pll.c.obj
 .comment       0x0000000000000033       0x34 CMakeFiles/EENLD.dir/home/light/pico/pico-sdk/src/rp2_common/hardware_watchdog/watchdog.c.obj
 .comment       0x0000000000000033       0x34 CMakeFiles/EENLD.dir/home/light/pico/pico-sdk/src/rp2_common/hardware_xosc/xosc.c.obj
 .comment       0x0000000000000033       0x34 CMakeFiles/EENLD.dir/home/light/pico/pico-sdk/src/rp2_common/pico_multicore/multicore.c.obj
 .comment       0x0000000000000033       0x34 CMakeFiles/EENLD.dir/home/light/pico/pico-sdk/src/rp2_common/hardware_uart/uart.c.obj
 .comment       0x0000000000000033       0x34 CMakeFiles/EENLD.dir/home/light/pico/pico-sdk/src/rp2_common/pico_runtime/runtime.c.obj
 .comment       0x0000000000000033       0x34 CMakeFiles/EENLD.dir/home/light/pico/pico-sdk/src/rp2_common/pico_printf/printf.c.obj
 .comment       0x0000000000000033       0x34 CMakeFiles/EENLD.dir/home/light/pico/pico-sdk/src/rp2_common/pico_bootrom/bootrom.c.obj
 .comment       0x0000000000000033       0x34 CMakeFiles/EENLD.dir/home/light/pico/pico-sdk/src/rp2_common/pico_double/double_init_rom.c.obj
 .comment       0x0000000000000033       0x34 CMakeFiles/EENLD.dir/home/light/pico/pico-sdk/src/rp2_common/pico_float/float_init_rom.c.obj
 .comment       0x0000000000000033       0x34 CMakeFiles/EENLD.dir/home/light/pico/pico-sdk/src/rp2_common/pico_malloc/pico_malloc.c.obj
 .comment       0x0000000000000033       0x34 CMakeFiles/EENLD.dir/home/light/pico/pico-sdk/src/rp2_common/pico_standard_link/binary_info.c.obj
 .comment       0x0000000000000033       0x34 CMakeFiles/EENLD.dir/home/light/pico/pico-sdk/src/rp2_common/pico_stdio/stdio.c.obj
 .comment       0x0000000000000033       0x34 CMakeFiles/EENLD.dir/home/light/pico/pico-sdk/src/rp2_common/pico_stdio_uart/stdio_uart.c.obj
 .comment       0x0000000000000033       0x34 /usr/lib/gcc/arm-none-eabi/10.3.1/../../../arm-none-eabi/lib/thumb/v6-m/nofp/libg.a(lib_a-strlen-stub.o)
 .comment       0x0000000000000033       0x34 /usr/lib/gcc/arm-none-eabi/10.3.1/thumb/v6-m/nofp/crtend.o

.debug_info     0x0000000000000000    0x1abe7
 .debug_info    0x0000000000000000     0x229d CMakeFiles/EENLD.dir/main.c.obj
 .debug_info    0x000000000000229d      0x2c1 CMakeFiles/EENLD.dir/home/light/pico/pico-sdk/src/rp2_common/hardware_adc/adc.c.obj
 .debug_info    0x000000000000255e      0x1cb CMakeFiles/EENLD.dir/home/light/pico/pico-sdk/src/rp2_common/pico_platform/platform.c.obj
 .debug_info    0x0000000000002729      0x6a6 CMakeFiles/EENLD.dir/home/light/pico/pico-sdk/src/rp2_common/hardware_claim/claim.c.obj
 .debug_info    0x0000000000002dcf      0x576 CMakeFiles/EENLD.dir/home/light/pico/pico-sdk/src/rp2_common/hardware_sync/sync.c.obj
 .debug_info    0x0000000000003345     0x185a CMakeFiles/EENLD.dir/home/light/pico/pico-sdk/src/rp2_common/hardware_gpio/gpio.c.obj
 .debug_info    0x0000000000004b9f     0x1c56 CMakeFiles/EENLD.dir/home/light/pico/pico-sdk/src/rp2_common/hardware_irq/irq.c.obj
 .debug_info    0x00000000000067f5      0x198 CMakeFiles/EENLD.dir/home/light/pico/pico-sdk/src/common/pico_sync/lock_core.c.obj
 .debug_info    0x000000000000698d     0x2099 CMakeFiles/EENLD.dir/home/light/pico/pico-sdk/src/common/pico_sync/mutex.c.obj
 .debug_info    0x0000000000008a26     0x402c CMakeFiles/EENLD.dir/home/light/pico/pico-sdk/src/common/pico_time/time.c.obj
 .debug_info    0x000000000000ca52     0x13b4 CMakeFiles/EENLD.dir/home/light/pico/pico-sdk/src/rp2_common/hardware_timer/timer.c.obj
 .debug_info    0x000000000000de06     0x123b CMakeFiles/EENLD.dir/home/light/pico/pico-sdk/src/common/pico_util/pheap.c.obj
 .debug_info    0x000000000000f041     0x1189 CMakeFiles/EENLD.dir/home/light/pico/pico-sdk/src/rp2_common/hardware_spi/spi.c.obj
 .debug_info    0x00000000000101ca      0xf9f CMakeFiles/EENLD.dir/home/light/pico/pico-sdk/src/rp2_common/hardware_clocks/clocks.c.obj
 .debug_info    0x0000000000011169      0x503 CMakeFiles/EENLD.dir/home/light/pico/pico-sdk/src/rp2_common/hardware_pll/pll.c.obj
 .debug_info    0x000000000001166c      0x4ee CMakeFiles/EENLD.dir/home/light/pico/pico-sdk/src/rp2_common/hardware_watchdog/watchdog.c.obj
 .debug_info    0x0000000000011b5a      0x1c0 CMakeFiles/EENLD.dir/home/light/pico/pico-sdk/src/rp2_common/hardware_xosc/xosc.c.obj
 .debug_info    0x0000000000011d1a     0x1cdc CMakeFiles/EENLD.dir/home/light/pico/pico-sdk/src/rp2_common/pico_multicore/multicore.c.obj
 .debug_info    0x00000000000139f6      0xdba CMakeFiles/EENLD.dir/home/light/pico/pico-sdk/src/rp2_common/hardware_uart/uart.c.obj
 .debug_info    0x00000000000147b0     0x1053 CMakeFiles/EENLD.dir/home/light/pico/pico-sdk/src/rp2_common/pico_runtime/runtime.c.obj
 .debug_info    0x0000000000015803     0x1a47 CMakeFiles/EENLD.dir/home/light/pico/pico-sdk/src/rp2_common/pico_printf/printf.c.obj
 .debug_info    0x000000000001724a       0x22 CMakeFiles/EENLD.dir/home/light/pico/pico-sdk/src/rp2_common/pico_bit_ops/bit_ops_aeabi.S.obj
 .debug_info    0x000000000001726c      0x258 CMakeFiles/EENLD.dir/home/light/pico/pico-sdk/src/rp2_common/pico_bootrom/bootrom.c.obj
 .debug_info    0x00000000000174c4       0x22 CMakeFiles/EENLD.dir/home/light/pico/pico-sdk/src/rp2_common/pico_divider/divider.S.obj
 .debug_info    0x00000000000174e6       0x22 CMakeFiles/EENLD.dir/home/light/pico/pico-sdk/src/rp2_common/pico_double/double_aeabi.S.obj
 .debug_info    0x0000000000017508      0x2a1 CMakeFiles/EENLD.dir/home/light/pico/pico-sdk/src/rp2_common/pico_double/double_init_rom.c.obj
 .debug_info    0x00000000000177a9       0x22 CMakeFiles/EENLD.dir/home/light/pico/pico-sdk/src/rp2_common/pico_double/double_v1_rom_shim.S.obj
 .debug_info    0x00000000000177cb       0x26 CMakeFiles/EENLD.dir/home/light/pico/pico-sdk/src/rp2_common/pico_int64_ops/pico_int64_ops_aeabi.S.obj
 .debug_info    0x00000000000177f1       0x22 CMakeFiles/EENLD.dir/home/light/pico/pico-sdk/src/rp2_common/pico_float/float_aeabi.S.obj
 .debug_info    0x0000000000017813      0x2bb CMakeFiles/EENLD.dir/home/light/pico/pico-sdk/src/rp2_common/pico_float/float_init_rom.c.obj
 .debug_info    0x0000000000017ace       0x22 CMakeFiles/EENLD.dir/home/light/pico/pico-sdk/src/rp2_common/pico_float/float_v1_rom_shim.S.obj